Component: ARM Compiler 5.06 update 7 (build 960) Tool: armlink [4d3601]

==============================================================================

Section Cross References

    heap_4.o(i.prvHeapInit) refers to heap_4.o(.bss) for ucHeap
    heap_4.o(i.prvHeapInit) refers to heap_4.o(.data) for xStart
    heap_4.o(i.prvInsertBlockIntoFreeList) refers to heap_4.o(.data) for xStart
    heap_4.o(i.pvPortMalloc) refers to tasks.o(i.vTaskSuspendAll) for vTaskSuspendAll
    heap_4.o(i.pvPortMalloc) refers to heap_4.o(i.prvHeapInit) for prvHeapInit
    heap_4.o(i.pvPortMalloc) refers to heap_4.o(i.prvInsertBlockIntoFreeList) for prvInsertBlockIntoFreeList
    heap_4.o(i.pvPortMalloc) refers to tasks.o(i.xTaskResumeAll) for xTaskResumeAll
    heap_4.o(i.pvPortMalloc) refers to heap_4.o(.data) for pxEnd
    heap_4.o(i.vPortFree) refers to tasks.o(i.vTaskSuspendAll) for vTaskSuspendAll
    heap_4.o(i.vPortFree) refers to heap_4.o(i.prvInsertBlockIntoFreeList) for prvInsertBlockIntoFreeList
    heap_4.o(i.vPortFree) refers to tasks.o(i.xTaskResumeAll) for xTaskResumeAll
    heap_4.o(i.vPortFree) refers to heap_4.o(.data) for xBlockAllocatedBit
    heap_4.o(i.vPortGetHeapStats) refers to tasks.o(i.vTaskSuspendAll) for vTaskSuspendAll
    heap_4.o(i.vPortGetHeapStats) refers to tasks.o(i.xTaskResumeAll) for xTaskResumeAll
    heap_4.o(i.vPortGetHeapStats) refers to port.o(i.vPortEnterCritical) for vPortEnterCritical
    heap_4.o(i.vPortGetHeapStats) refers to port.o(i.vPortExitCritical) for vPortExitCritical
    heap_4.o(i.vPortGetHeapStats) refers to heap_4.o(.data) for xStart
    heap_4.o(i.xPortGetFreeHeapSize) refers to heap_4.o(.data) for xFreeBytesRemaining
    heap_4.o(i.xPortGetMinimumEverFreeHeapSize) refers to heap_4.o(.data) for xMinimumEverFreeBytesRemaining
    port.o(.emb_text) refers to tasks.o(i.vTaskSwitchContext) for vTaskSwitchContext
    port.o(.emb_text) refers to tasks.o(.data) for pxCurrentTCB
    port.o(i.prvTaskExitError) refers to port.o(.data) for uxCriticalNesting
    port.o(i.pxPortInitialiseStack) refers to port.o(i.prvTaskExitError) for prvTaskExitError
    port.o(i.vPortEndScheduler) refers to port.o(.data) for uxCriticalNesting
    port.o(i.vPortEnterCritical) refers to port.o(.data) for uxCriticalNesting
    port.o(i.vPortExitCritical) refers to port.o(.data) for uxCriticalNesting
    port.o(i.vPortSetupTimerInterrupt) refers to system_stm32f10x.o(.data) for SystemCoreClock
    port.o(i.vPortValidateInterruptPriority) refers to port.o(.emb_text) for vPortGetIPSR
    port.o(i.vPortValidateInterruptPriority) refers to port.o(.data) for ucMaxSysCallPriority
    port.o(i.xPortStartScheduler) refers to port.o(i.vPortSetupTimerInterrupt) for vPortSetupTimerInterrupt
    port.o(i.xPortStartScheduler) refers to port.o(.emb_text) for __asm___6_port_c_39a90d8d__prvStartFirstTask
    port.o(i.xPortStartScheduler) refers to port.o(.data) for ucMaxSysCallPriority
    port.o(i.xPortSysTickHandler) refers to tasks.o(i.xTaskIncrementTick) for xTaskIncrementTick
    startup_stm32f10x_md.o(RESET) refers to startup_stm32f10x_md.o(STACK) for __initial_sp
    startup_stm32f10x_md.o(RESET) refers to startup_stm32f10x_md.o(.text) for Reset_Handler
    startup_stm32f10x_md.o(RESET) refers to stm32f10x_it.o(i.NMI_Handler) for NMI_Handler
    startup_stm32f10x_md.o(RESET) refers to stm32f10x_it.o(i.HardFault_Handler) for HardFault_Handler
    startup_stm32f10x_md.o(RESET) refers to stm32f10x_it.o(i.MemManage_Handler) for MemManage_Handler
    startup_stm32f10x_md.o(RESET) refers to stm32f10x_it.o(i.BusFault_Handler) for BusFault_Handler
    startup_stm32f10x_md.o(RESET) refers to stm32f10x_it.o(i.UsageFault_Handler) for UsageFault_Handler
    startup_stm32f10x_md.o(RESET) refers to port.o(.emb_text) for SVC_Handler
    startup_stm32f10x_md.o(RESET) refers to stm32f10x_it.o(i.DebugMon_Handler) for DebugMon_Handler
    startup_stm32f10x_md.o(RESET) refers to cmsis_os2.o(i.SysTick_Handler) for SysTick_Handler
    startup_stm32f10x_md.o(.text) refers to system_stm32f10x.o(i.SystemInit) for SystemInit
    startup_stm32f10x_md.o(.text) refers to entry.o(.ARM.Collect$$$$00000000) for __main
    system_stm32f10x.o(i.SetSysClock) refers to system_stm32f10x.o(i.SetSysClockTo72) for SetSysClockTo72
    system_stm32f10x.o(i.SystemCoreClockUpdate) refers to system_stm32f10x.o(.data) for SystemCoreClock
    system_stm32f10x.o(i.SystemInit) refers to system_stm32f10x.o(i.SetSysClock) for SetSysClock
    stm32f10x_adc.o(i.ADC_DeInit) refers to stm32f10x_rcc.o(i.RCC_APB2PeriphResetCmd) for RCC_APB2PeriphResetCmd
    stm32f10x_bkp.o(i.BKP_DeInit) refers to stm32f10x_rcc.o(i.RCC_BackupResetCmd) for RCC_BackupResetCmd
    stm32f10x_can.o(i.CAN_DeInit) refers to stm32f10x_rcc.o(i.RCC_APB1PeriphResetCmd) for RCC_APB1PeriphResetCmd
    stm32f10x_can.o(i.CAN_GetITStatus) refers to stm32f10x_can.o(i.CheckITStatus) for CheckITStatus
[...]
    .constdata                               0x08006619   Section     2374  oled_data.o(.constdata)
    .constdata                               0x08006f60   Section       32  driver_pin_mcu.o(.constdata)
    pin_driver_ops                           0x08006f60   Data          16  driver_pin_mcu.o(.constdata)
    .constdata                               0x08006f80   Section        8  driver_bus_iic.o(.constdata)
    pin_driver_ops                           0x08006f80   Data           8  driver_bus_iic.o(.constdata)
    .constdata                               0x08006f88   Section        4  elab_led_pin.o(.constdata)
    _pin_backend_ops                         0x08006f88   Data           4  elab_led_pin.o(.constdata)
    .constdata                               0x08006f8c   Section        8  device_export.o(.constdata)
    config_oled                              0x08006f8c   Data           8  device_export.o(.constdata)
    .constdata                               0x08006f94   Section       16  pin_export.o(.constdata)
    led_run_pin_dt_config                    0x08006f94   Data          16  pin_export.o(.constdata)
    .constdata                               0x08006fa4   Section       16  elab_device.o(.constdata)
    _mutex_attr_edf                          0x08006fa4   Data          16  elab_device.o(.constdata)
    .constdata                               0x08006fb4   Section       20  elab_device_null.o(.constdata)
    dev_null_ops                             0x08006fb4   Data          20  elab_device_null.o(.constdata)
    .constdata                               0x08006fc8   Section        8  elab_pin.o(.constdata)
    .constdata                               0x08006fd0   Section       52  elab_i2c.o(.constdata)
    i2c_ops                                  0x08006fd0   Data          20  elab_i2c.o(.constdata)
    mutex_i2c_attr                           0x08006fe4   Data          16  elab_i2c.o(.constdata)
    .constdata                               0x08007004   Section       44  elab_led.o(.constdata)
    _led_ops                                 0x08007004   Data          20  elab_led.o(.constdata)
    timer_attr_led                           0x08007018   Data          16  elab_led.o(.constdata)
    .constdata                               0x08007030   Section       36  elab_export.o(.constdata)
    thread_attr_export_poll                  0x08007030   Data          36  elab_export.o(.constdata)
    .constdata                               0x08007054   Section       25  elab_log.o(.constdata)
    elog_color_table                         0x08007054   Data          20  elab_log.o(.constdata)
    elog_level_label                         0x08007068   Data           5  elab_log.o(.constdata)
    .conststring                             0x08007070   Section       17  main.o(.conststring)
    .conststring                             0x08007084   Section        8  ssd1306.o(.conststring)
    .conststring                             0x0800708c   Section       82  driver_pin_mcu.o(.conststring)
    .conststring                             0x080070e0   Section       10  driver_bus_iic.o(.conststring)
    .conststring                             0x080070ec   Section       16  pin_export.o(.conststring)
    .conststring                             0x080070fc   Section       22  elab_device.o(.conststring)
    .conststring                             0x08007114   Section        8  elab_pin.o(.conststring)
    .conststring                             0x0800711c   Section       22  elab_i2c.o(.conststring)
    .conststring                             0x08007134   Section       18  elab_led.o(.conststring)
    .conststring                             0x08007148   Section       27  elab_export.o(.conststring)
    .conststring                             0x08007164   Section       40  elab_log.o(.conststring)
    .conststrlit                             0x0800718c   Section       24  main.o(.conststrlit)
    .conststrlit                             0x080071a4   Section       20  ssd1306.o(.conststrlit)
    .conststrlit                             0x080071b8   Section       22  device_export.o(.conststrlit)
    .conststrlit                             0x080071d0   Section       22  pin_export.o(.conststrlit)
    .conststrlit                             0x080071e8   Section       11  bus_export.o(.conststrlit)
    .conststrlit                             0x080071f4   Section       15  elab_device_null.o(.conststrlit)
    .conststrlit                             0x08007204   Section       25  elab_export.o(.conststrlit)
    elab_export                              0x08007240   Section       56  main.o(elab_export)
    __tagsym$$used                           0x08007240   Number         0  main.o(elab_export)
    __tagsym$$used                           0x0800725c   Number         0  main.o(elab_export)
    elab_export                              0x08007278   Section       28  ssd1306.o(elab_export)
    __tagsym$$used                           0x08007278   Number         0  ssd1306.o(elab_export)
    elab_export                              0x08007294   Section       28  device_export.o(elab_export)
    __tagsym$$used                           0x08007294   Number         0  device_export.o(elab_export)
    elab_export                              0x080072b0   Section       28  pin_export.o(elab_export)
    __tagsym$$used                           0x080072b0   Number         0  pin_export.o(elab_export)
    elab_export                              0x080072cc   Section       28  bus_export.o(elab_export)
    __tagsym$$used                           0x080072cc   Number         0  bus_export.o(elab_export)
    elab_export                              0x080072e8   Section       28  elab_device_null.o(elab_export)
    __tagsym$$used                           0x080072e8   Number         0  elab_device_null.o(elab_export)
    elab_export                              0x08007304   Section       28  elab_export.o(elab_export)
    __tagsym$$used                           0x08007304   Number         0  elab_export.o(elab_export)
    expoll                                   0x08007320   Section       28  elab_export.o(expoll)
    __tagsym$$used                           0x08007320   Number         0  elab_export.o(expoll)
    .data                                    0x20000000   Section       32  heap_4.o(.data)
    xStart                                   0x20000000   Data           8  heap_4.o(.data)
    pxEnd                                    0x20000008   Data           4  heap_4.o(.data)
    xFreeBytesRemaining                      0x2000000c   Data           4  heap_4.o(.data)
    xMinimumEverFreeBytesRemaining           0x20000010   Data           4  heap_4.o(.data)
    xNumberOfSuccessfulAllocations           0x20000014   Data           4  heap_4.o(.data)
    xNumberOfSuccessfulFrees                 0x20000018   Data           4  heap_4.o(.data)
    xBlockAllocatedBit                       0x2000001c   Data           4  heap_4.o(.data)
    .data                                    0x20000020   Section       12  port.o(.data)
    uxCriticalNesting                        0x20000020   Data           4  port.o(.data)
    ucMaxSysCallPriority                     0x20000024   Data           1  port.o(.data)
    ulMaxPRIGROUPValue                       0x20000028   Data           4  port.o(.data)
    .data                                    0x2000002c   Section       20  system_stm32f10x.o(.data)
    .data                                    0x20000040   Section       20  stm32f10x_rcc.o(.data)
    APBAHBPrescTable                         0x20000040   Data          16  stm32f10x_rcc.o(.data)
    ADCPrescTable                            0x20000050   Data           4  stm32f10x_rcc.o(.data)
    .data                                    0x20000054   Section        4  main.o(.data)
    TAG                                      0x20000054   Data           4  main.o(.data)
    .data                                    0x20000058   Section        8  ssd1306.o(.data)
    TAG                                      0x20000058   Data           4  ssd1306.o(.data)
    oled_device                              0x2000005c   Data           4  ssd1306.o(.data)
    .data                                    0x20000060   Section        4  bsp_dwt.o(.data)
    us_factor                                0x20000060   Data           4  bsp_dwt.o(.data)
    .data                                    0x20000064   Section        4  driver_pin_mcu.o(.data)
    TAG                                      0x20000064   Data           4  driver_pin_mcu.o(.data)
    .data                                    0x20000068   Section        4  driver_bus_iic.o(.data)
    TAG                                      0x20000068   Data           4  driver_bus_iic.o(.data)
    .data                                    0x2000006c   Section       60  tasks.o(.data)
    pxDelayedTaskList                        0x20000070   Data           4  tasks.o(.data)
    pxOverflowDelayedTaskList                0x20000074   Data           4  tasks.o(.data)
    uxDeletedTasksWaitingCleanUp             0x20000078   Data           4  tasks.o(.data)
    uxCurrentNumberOfTasks                   0x2000007c   Data           4  tasks.o(.data)
    xTickCount                               0x20000080   Data           4  tasks.o(.data)
    uxTopReadyPriority                       0x20000084   Data           4  tasks.o(.data)
    xSchedulerRunning                        0x20000088   Data           4  tasks.o(.data)
    xPendedTicks                             0x2000008c   Data           4  tasks.o(.data)
    xYieldPending                            0x20000090   Data           4  tasks.o(.data)
    xNumOfOverflows                          0x20000094   Data           4  tasks.o(.data)
    uxTaskNumber                             0x20000098   Data           4  tasks.o(.data)
    xNextTaskUnblockTime                     0x2000009c   Data           4  tasks.o(.data)
    xIdleTaskHandle                          0x200000a0   Data           4  tasks.o(.data)
    uxSchedulerSuspended                     0x200000a4   Data           4  tasks.o(.data)
    .data                                    0x200000a8   Section       20  timers.o(.data)
    pxCurrentTimerList                       0x200000a8   Data           4  timers.o(.data)
    pxOverflowTimerList                      0x200000ac   Data           4  timers.o(.data)
    xTimerQueue                              0x200000b0   Data           4  timers.o(.data)
    xTimerTaskHandle                         0x200000b4   Data           4  timers.o(.data)
    xLastTime                                0x200000b8   Data           4  timers.o(.data)
    .data                                    0x200000bc   Section        4  cmsis_os2.o(.data)
    KernelState                              0x200000bc   Data           4  cmsis_os2.o(.data)
    .data                                    0x200000c0   Section       12  elab_device.o(.data)
    TAG                                      0x200000c0   Data           4  elab_device.o(.data)
    _edf_device_count                        0x200000c4   Data           4  elab_device.o(.data)
    _mutex_edf                               0x200000c8   Data           4  elab_device.o(.data)
    .data                                    0x200000cc   Section       36  elab_device_null.o(.data)
    dev_uart_null                            0x200000cc   Data          28  elab_device_null.o(.data)
    dev_attr                                 0x200000e8   Data           8  elab_device_null.o(.data)
    .data                                    0x200000f0   Section        4  elab_pin.o(.data)
    TAG                                      0x200000f0   Data           4  elab_pin.o(.data)
    .data                                    0x200000f4   Section        4  elab_i2c.o(.data)
    TAG                                      0x200000f4   Data           4  elab_i2c.o(.data)
    .data                                    0x200000f8   Section        4  elab_led.o(.data)
    TAG                                      0x200000f8   Data           4  elab_led.o(.data)
    .data                                    0x200000fc   Section       25  elab_export.o(.data)
    TAG                                      0x200000fc   Data           4  elab_export.o(.data)
    poll_module_null_init_data               0x20000100   Data           4  elab_export.o(.data)
    export_init_table                        0x20000104   Data           4  elab_export.o(.data)
    count_export_init                        0x20000108   Data           4  elab_export.o(.data)
    export_poll_table                        0x2000010c   Data           4  elab_export.o(.data)
    count_export_poll                        0x20000110   Data           4  elab_export.o(.data)
    export_level_max                         0x20000114   Data           1  elab_export.o(.data)
    .data                                    0x20000118   Section        4  stdout.o(.data)
    .data                                    0x2000011c   Section        4  mvars.o(.data)
    .data                                    0x20000120   Section        4  mvars.o(.data)
    .bss                                     0x20000124   Section     8192  heap_4.o(.bss)
    ucHeap                                   0x20000124   Data        8192  heap_4.o(.bss)
    .bss                                     0x20002124   Section     1024  ssd1306.o(.bss)
    SSD1306_DisplayBuf                       0x20002124   Data        1024  ssd1306.o(.bss)
    .bss                                     0x20002524   Section       96  device_export.o(.bss)
    led_run                                  0x20002524   Data          56  device_export.o(.bss)
    dev_i2c_oled                             0x2000255c   Data          40  device_export.o(.bss)
    .bss                                     0x20002584   Section       60  pin_export.o(.bss)
    led_run_pin                              0x20002584   Data          60  pin_export.o(.bss)
    .bss                                     0x200025c0   Section       48  bus_export.o(.bss)
    soft_i2c_bus                             0x200025c0   Data          48  bus_export.o(.bss)
    .bss                                     0x200025f0   Section       64  queue.o(.bss)
    .bss                                     0x20002630   Section     1220  tasks.o(.bss)
    pxReadyTasksLists                        0x20002630   Data        1120  tasks.o(.bss)
    xDelayedTaskList1                        0x20002a90   Data          20  tasks.o(.bss)
    xDelayedTaskList2                        0x20002aa4   Data          20  tasks.o(.bss)
    xPendingReadyList                        0x20002ab8   Data          20  tasks.o(.bss)
    xTasksWaitingTermination                 0x20002acc   Data          20  tasks.o(.bss)
    xSuspendedTaskList                       0x20002ae0   Data          20  tasks.o(.bss)
    .bss                                     0x20002af4   Section      280  timers.o(.bss)
    xActiveTimerList1                        0x20002af4   Data          20  timers.o(.bss)
    xActiveTimerList2                        0x20002b08   Data          20  timers.o(.bss)
    xStaticTimerQueue                        0x20002b1c   Data          80  timers.o(.bss)
    ucStaticTimerQueueStorage                0x20002b6c   Data         160  timers.o(.bss)
    .bss                                     0x20002c0c   Section     1736  cmsis_os2.o(.bss)
    Idle_TCB                                 0x20002c0c   Data         100  cmsis_os2.o(.bss)
    Idle_Stack                               0x20002c70   Data         512  cmsis_os2.o(.bss)
    Timer_TCB                                0x20002e70   Data         100  cmsis_os2.o(.bss)
    Timer_Stack                              0x20002ed4   Data        1024  cmsis_os2.o(.bss)
    .bss                                     0x200032d4   Section      256  elab_device.o(.bss)
    _edf_table                               0x200032d4   Data         256  elab_device.o(.bss)
    .bss                                     0x200033d4   Section      256  elab_log.o(.bss)
    _buff                                    0x200033d4   Data         256  elab_log.o(.bss)
    HEAP                                     0x200034d8   Section      512  startup_stm32f10x_md.o(HEAP)
    STACK                                    0x200036d8   Section     1024  startup_stm32f10x_md.o(STACK)

    Global Symbols

    Symbol Name                              Value     Ov Type        Size  Object(Section)

    BuildAttributes$$THM_ISAv4$P$D$K$B$S$PE$A:L22UL41UL21$X:L11$S22US41US21$IEEE1$IW$USESV6$~STKCKD$USESV7$~SHL$OTIME$ROPI$IEEEX$EBA8$MICROLIB$REQ8$PRES8$EABIv2 0x00000000   Number         0  anon$$obj.o ABSOLUTE
    __ARM_use_no_argv                        0x00000000   Number         0  main.o ABSOLUTE
    _printf_a                                0x00000000   Number         0  stubs.o ABSOLUTE
    _printf_c                                0x00000000   Number         0  stubs.o ABSOLUTE
    _printf_charcount                        0x00000000   Number         0  stubs.o ABSOLUTE
    _printf_d                                0x00000000   Number         0  stubs.o ABSOLUTE
    _printf_e                                0x00000000   Number         0  stubs.o ABSOLUTE
    _printf_f                                0x00000000   Number         0  stubs.o ABSOLUTE
    _printf_flags                            0x00000000   Number         0  stubs.o ABSOLUTE
    _printf_fp_dec                           0x00000000   Number         0  stubs.o ABSOLUTE
    _printf_fp_hex                           0x00000000   Number         0  stubs.o ABSOLUTE
    _printf_g                                0x00000000   Number         0  stubs.o ABSOLUTE
    _printf_i                                0x00000000   Number         0  stubs.o ABSOLUTE
    _printf_int_dec                          0x00000000   Number         0  stubs.o ABSOLUTE
    _printf_l                                0x00000000   Number         0  stubs.o ABSOLUTE
    _printf_lc                               0x00000000   Number         0  stubs.o ABSOLUTE
    _printf_ll                               0x00000000   Number         0  stubs.o ABSOLUTE
    _printf_lld                              0x00000000   Number         0  stubs.o ABSOLUTE
    _printf_lli                              0x00000000   Number         0  stubs.o ABSOLUTE
    _printf_llo                              0x00000000   Number         0  stubs.o ABSOLUTE
    _printf_llu                              0x00000000   Number         0  stubs.o ABSOLUTE
    _printf_llx                              0x00000000   Number         0  stubs.o ABSOLUTE
    _printf_longlong_dec                     0x00000000   Number         0  stubs.o ABSOLUTE
    _printf_longlong_hex                     0x00000000   Number         0  stubs.o ABSOLUTE
    _printf_longlong_oct                     0x00000000   Number         0  stubs.o ABSOLUTE
    _printf_ls                               0x00000000   Number         0  stubs.o ABSOLUTE
    _printf_mbtowc                           0x00000000   Number         0  stubs.o ABSOLUTE
    _printf_n                                0x00000000   Number         0  stubs.o ABSOLUTE
    _printf_o                                0x00000000   Number         0  stubs.o ABSOLUTE
    _printf_p                                0x00000000   Number         0  stubs.o ABSOLUTE
    _printf_percent                          0x00000000   Number         0  stubs.o ABSOLUTE
    _printf_pre_padding                      0x00000000   Number         0  stubs.o ABSOLUTE
    _printf_return_value                     0x00000000   Number         0  stubs.o ABSOLUTE
    _printf_s                                0x00000000   Number         0  stubs.o ABSOLUTE
    _printf_sizespec                         0x00000000   Number         0  stubs.o ABSOLUTE
    _printf_str                              0x00000000   Number         0  stubs.o ABSOLUTE
    _printf_truncate_signed                  0x00000000   Number         0  stubs.o ABSOLUTE
    _printf_truncate_unsigned                0x00000000   Number         0  stubs.o ABSOLUTE
    _printf_u                                0x00000000   Number         0  stubs.o ABSOLUTE
    _printf_wc                               0x00000000   Number         0  stubs.o ABSOLUTE
    _printf_wctomb                           0x00000000   Number         0  stubs.o ABSOLUTE
    _printf_widthprec                        0x00000000   Number         0  stubs.o ABSOLUTE
    _printf_x                                0x00000000   Number         0  stubs.o ABSOLUTE
    __arm_fini_                               - Undefined Weak Reference
    __cpp_initialize__aeabi_                  - Undefined Weak Reference
    __cxa_finalize                            - Undefined Weak Reference
    __decompress                              - Undefined Weak Reference
    _clock_init                               - Undefined Weak Reference
    _microlib_exit                            - Undefined Weak Reference
    __Vectors_Size                           0x000000ec   Number         0  startup_stm32f10x_md.o ABSOLUTE
    __Vectors                                0x08000000   Data           4  startup_stm32f10x_md.o(RESET)
    __Vectors_End                            0x080000ec   Data           0  startup_stm32f10x_md.o(RESET)
    __main                                   0x080000ed   Thumb Code     0  entry.o(.ARM.Collect$$$$00000000)
    _main_stk                                0x080000ed   Thumb Code     0  entry2.o(.ARM.Collect$$$$00000001)
    _main_scatterload                        0x080000f1   Thumb Code     0  entry5.o(.ARM.Collect$$$$00000004)
    __main_after_scatterload                 0x080000f5   Thumb Code     0  entry5.o(.ARM.Collect$$$$00000004)
    _main_clock                              0x080000f5   Thumb Code     0  entry7b.o(.ARM.Collect$$$$00000008)
    _main_cpp_init                           0x080000f5   Thumb Code     0  entry8b.o(.ARM.Collect$$$$0000000A)
    _main_init                               0x080000f5   Thumb Code     0  entry9a.o(.ARM.Collect$$$$0000000B)
    __rt_lib_shutdown_fini                   0x080000fd   Thumb Code     0  entry12b.o(.ARM.Collect$$$$0000000E)
    __rt_final_cpp                           0x08000101   Thumb Code     0  entry10a.o(.ARM.Collect$$$$0000000F)
    __rt_final_exit                          0x08000101   Thumb Code     0  entry11a.o(.ARM.Collect$$$$00000011)
    SVC_Handler                              0x08000105   Thumb Code    32  port.o(.emb_text)
    __asm___6_port_c_39a90d8d__prvStartFirstTask 0x08000129   Thumb Code    28  port.o(.emb_text)
    PendSV_Handler                           0x08000149   Thumb Code    72  port.o(.emb_text)
    vPortGetIPSR                             0x08000195   Thumb Code     6  port.o(.emb_text)
    Reset_Handler                            0x0800019d   Thumb Code     8  startup_stm32f10x_md.o(.text)
    ADC1_2_IRQHandler                        0x080001b7   Thumb Code     0  startup_stm32f10x_md.o(.text)
    CAN1_RX1_IRQHandler                      0x080001b7   Thumb Code     0  startup_stm32f10x_md.o(.text)
    CAN1_SCE_IRQHandler                      0x080001b7   Thumb Code     0  startup_stm32f10x_md.o(.text)
    DMA1_Channel1_IRQHandler                 0x080001b7   Thumb Code     0  startup_stm32f10x_md.o(.text)
    DMA1_Channel2_IRQHandler                 0x080001b7   Thumb Code     0  startup_stm32f10x_md.o(.text)
    DMA1_Channel3_IRQHandler                 0x080001b7   Thumb Code     0  startup_stm32f10x_md.o(.text)
    DMA1_Channel4_IRQHandler                 0x080001b7   Thumb Code     0  startup_stm32f10x_md.o(.text)
    DMA1_Channel5_IRQHandler                 0x080001b7   Thumb Code     0  startup_stm32f10x_md.o(.text)
    DMA1_Channel6_IRQHandler                 0x080001b7   Thumb Code     0  startup_stm32f10x_md.o(.text)
    DMA1_Channel7_IRQHandler                 0x080001b7   Thumb Code     0  startup_stm32f10x_md.o(.text)
    EXTI0_IRQHandler                         0x080001b7   Thumb Code     0  startup_stm32f10x_md.o(.text)
    EXTI15_10_IRQHandler                     0x080001b7   Thumb Code     0  startup_stm32f10x_md.o(.text)
    EXTI1_IRQHandler                         0x080001b7   Thumb Code     0  startup_stm32f10x_md.o(.text)
    EXTI2_IRQHandler                         0x080001b7   Thumb Code     0  startup_stm32f10x_md.o(.text)
    EXTI3_IRQHandler                         0x080001b7   Thumb Code     0  startup_stm32f10x_md.o(.text)
    EXTI4_IRQHandler                         0x080001b7   Thumb Code     0  startup_stm32f10x_md.o(.text)
    EXTI9_5_IRQHandler                       0x080001b7   Thumb Code     0  startup_stm32f10x_md.o(.text)
    FLASH_IRQHandler                         0x080001b7   Thumb Code     0  startup_stm32f10x_md.o(.text)
    I2C1_ER_IRQHandler                       0x080001b7   Thumb Code     0  startup_stm32f10x_md.o(.text)
    I2C1_EV_IRQHandler                       0x080001b7   Thumb Code     0  startup_stm32f10x_md.o(.text)
    I2C2_ER_IRQHandler                       0x080001b7   Thumb Code     0  startup_stm32f10x_md.o(.text)
    I2C2_EV_IRQHandler                       0x080001b7   Thumb Code     0  startup_stm32f10x_md.o(.text)
    PVD_IRQHandler                           0x080001b7   Thumb Code     0  startup_stm32f10x_md.o(.text)
    RCC_IRQHandler                           0x080001b7   Thumb Code     0  startup_stm32f10x_md.o(.text)
    RTCAlarm_IRQHandler                      0x080001b7   Thumb Code     0  startup_stm32f10x_md.o(.text)
    RTC_IRQHandler                           0x080001b7   Thumb Code     0  startup_stm32f10x_md.o(.text)
    SPI1_IRQHandler                          0x080001b7   Thumb Code     0  startup_stm32f10x_md.o(.text)
    SPI2_IRQHandler                          0x080001b7   Thumb Code     0  startup_stm32f10x_md.o(.text)
    TAMPER_IRQHandler                        0x080001b7   Thumb Code     0  startup_stm32f10x_md.o(.text)
    TIM1_BRK_IRQHandler                      0x080001b7   Thumb Code     0  startup_stm32f10x_md.o(.text)
    TIM1_CC_IRQHandler                       0x080001b7   Thumb Code     0  startup_stm32f10x_md.o(.text)
    TIM1_TRG_COM_IRQHandler                  0x080001b7   Thumb Code     0  startup_stm32f10x_md.o(.text)
    TIM1_UP_IRQHandler                       0x080001b7   Thumb Code     0  startup_stm32f10x_md.o(.text)
    TIM2_IRQHandler                          0x080001b7   Thumb Code     0  startup_stm32f10x_md.o(.text)
    TIM3_IRQHandler                          0x080001b7   Thumb Code     0  startup_stm32f10x_md.o(.text)
    TIM4_IRQHandler                          0x080001b7   Thumb Code     0  startup_stm32f10x_md.o(.text)
    USART1_IRQHandler                        0x080001b7   Thumb Code     0  startup_stm32f10x_md.o(.text)
    USART2_IRQHandler                        0x080001b7   Thumb Code     0  startup_stm32f10x_md.o(.text)
    USART3_IRQHandler                        0x080001b7   Thumb Code     0  startup_stm32f10x_md.o(.text)
    USBWakeUp_IRQHandler                     0x080001b7   Thumb Code     0  startup_stm32f10x_md.o(.text)
    USB_HP_CAN1_TX_IRQHandler                0x080001b7   Thumb Code     0  startup_stm32f10x_md.o(.text)
    USB_LP_CAN1_RX0_IRQHandler               0x080001b7   Thumb Code     0  startup_stm32f10x_md.o(.text)
    WWDG_IRQHandler                          0x080001b7   Thumb Code     0  startup_stm32f10x_md.o(.text)
    __aeabi_memcpy                           0x080001c1   Thumb Code    36  memcpya.o(.text)
    __aeabi_memcpy4                          0x080001c1   Thumb Code     0  memcpya.o(.text)
    __aeabi_memcpy8                          0x080001c1   Thumb Code     0  memcpya.o(.text)
    __aeabi_memset                           0x080001e5   Thumb Code    14  memseta.o(.text)
    __aeabi_memset4                          0x080001e5   Thumb Code     0  memseta.o(.text)
    __aeabi_memset8                          0x080001e5   Thumb Code     0  memseta.o(.text)
    __aeabi_memclr                           0x080001f3   Thumb Code     4  memseta.o(.text)
    __aeabi_memclr4                          0x080001f3   Thumb Code     0  memseta.o(.text)
    __aeabi_memclr8                          0x080001f3   Thumb Code     0  memseta.o(.text)
    memset                                   0x080001f7   Thumb Code    18  memseta.o(.text)
    strcmp                                   0x08000209   Thumb Code    28  strcmp.o(.text)
    memcmp                                   0x08000225   Thumb Code    26  memcmp.o(.text)
    __aeabi_dadd                             0x0800023f   Thumb Code   322  dadd.o(.text)
    __aeabi_dsub                             0x08000381   Thumb Code     6  dadd.o(.text)
    __aeabi_drsub                            0x08000387   Thumb Code     6  dadd.o(.text)
    __aeabi_dmul                             0x0800038d   Thumb Code   228  dmul.o(.text)
    __aeabi_ddiv                             0x08000471   Thumb Code   222  ddiv.o(.text)
    __aeabi_ui2d                             0x0800054f   Thumb Code    26  dfltui.o(.text)
    __aeabi_d2uiz                            0x08000569   Thumb Code    50  dfixui.o(.text)
    __aeabi_cdrcmple                         0x0800059d   Thumb Code    48  cdrcmple.o(.text)
    __aeabi_uidiv                            0x080005cd   Thumb Code     0  uidiv.o(.text)
    __aeabi_uidivmod                         0x080005cd   Thumb Code    44  uidiv.o(.text)
    __aeabi_uldivmod                         0x080005f9   Thumb Code    98  uldiv.o(.text)
    __aeabi_llsl                             0x0800065b   Thumb Code    30  llshl.o(.text)
    _ll_shift_l                              0x0800065b   Thumb Code     0  llshl.o(.text)
    __aeabi_llsr                             0x08000679   Thumb Code    32  llushr.o(.text)
    _ll_ushift_r                             0x08000679   Thumb Code     0  llushr.o(.text)
    __aeabi_lasr                             0x08000699   Thumb Code    36  llsshr.o(.text)
    _ll_sshift_r                             0x08000699   Thumb Code     0  llsshr.o(.text)
    __I$use$fp                               0x080006bd   Thumb Code     0  iusefp.o(.text)
    _double_round                            0x080006bd   Thumb Code    30  depilogue.o(.text)
    _double_epilogue                         0x080006db   Thumb Code   156  depilogue.o(.text)
    __aeabi_d2ulz                            0x08000777   Thumb Code    48  dfixul.o(.text)
    __scatterload                            0x080007a9   Thumb Code    28  init.o(.text)
    __scatterload_rt2                        0x080007a9   Thumb Code     0  init.o(.text)
    BusFault_Handler                         0x080007d9   Thumb Code     4  stm32f10x_it.o(i.BusFault_Handler)
    DWT_Delay_Init                           0x080007e9   Thumb Code    44  bsp_dwt.o(i.DWT_Delay_Init)
    DebugMon_Handler                         0x08000829   Thumb Code     2  stm32f10x_it.o(i.DebugMon_Handler)
    GPIO_Init                                0x0800082b   Thumb Code   278  stm32f10x_gpio.o(i.GPIO_Init)
    GPIO_ReadInputDataBit                    0x08000941   Thumb Code    18  stm32f10x_gpio.o(i.GPIO_ReadInputDataBit)
    GPIO_ResetBits                           0x08000953   Thumb Code     4  stm32f10x_gpio.o(i.GPIO_ResetBits)
    GPIO_SetBits                             0x08000957   Thumb Code     4  stm32f10x_gpio.o(i.GPIO_SetBits)
    HardFault_Handler                        0x0800095b   Thumb Code     4  stm32f10x_it.o(i.HardFault_Handler)
    Key_GPIO_Config                          0x08000961   Thumb Code    54  bsp_key.o(i.Key_GPIO_Config)
    MemManage_Handler                        0x0800099d   Thumb Code     4  stm32f10x_it.o(i.MemManage_Handler)
    NMI_Handler                              0x080009a1   Thumb Code     2  stm32f10x_it.o(i.NMI_Handler)
    RCC_APB2PeriphClockCmd                   0x080009a5   Thumb Code    26  stm32f10x_rcc.o(i.RCC_APB2PeriphClockCmd)
    RCC_GetClocksFreq                        0x080009c5   Thumb Code   192  stm32f10x_rcc.o(i.RCC_GetClocksFreq)
    SSD1306_Clear                            0x08000a99   Thumb Code    14  ssd1306.o(i.SSD1306_Clear)
    SSD1306_ClearArea                        0x08000aad   Thumb Code   162  ssd1306.o(i.SSD1306_ClearArea)
    SSD1306_Printf                           0x08000b69   Thumb Code    52  ssd1306.o(i.SSD1306_Printf)
    SSD1306_ShowBinNum                       0x08000bbf   Thumb Code    70  ssd1306.o(i.SSD1306_ShowBinNum)
    SSD1306_ShowChar                         0x08000c05   Thumb Code    84  ssd1306.o(i.SSD1306_ShowChar)
    SSD1306_ShowFloatNum                     0x08000c61   Thumb Code   222  ssd1306.o(i.SSD1306_ShowFloatNum)
    SSD1306_ShowHexNum                       0x08000d45   Thumb Code    96  ssd1306.o(i.SSD1306_ShowHexNum)
    SSD1306_ShowImage                        0x08000da5   Thumb Code   324  ssd1306.o(i.SSD1306_ShowImage)
    SSD1306_ShowNum                          0x08000eed   Thumb Code    76  ssd1306.o(i.SSD1306_ShowNum)
    SSD1306_ShowSignedNum                    0x08000f39   Thumb Code   112  ssd1306.o(i.SSD1306_ShowSignedNum)
    SSD1306_ShowString                       0x08000fa9   Thumb Code    46  ssd1306.o(i.SSD1306_ShowString)
    SSD1306_Update                           0x08000fd9   Thumb Code    36  ssd1306.o(i.SSD1306_Update)
    SysTick_Handler                          0x08001365   Thumb Code    22  cmsis_os2.o(i.SysTick_Handler)
    SystemInit                               0x0800137d   Thumb Code    78  system_stm32f10x.o(i.SystemInit)
    USART_Cmd                                0x080013f3   Thumb Code    24  stm32f10x_usart.o(i.USART_Cmd)
    USART_Config                             0x0800140d   Thumb Code   120  bsp_usart.o(i.USART_Config)
    USART_GetFlagStatus                      0x0800148d   Thumb Code    26  stm32f10x_usart.o(i.USART_GetFlagStatus)
    USART_Init                               0x080014a9   Thumb Code   210  stm32f10x_usart.o(i.USART_Init)
    USART_SendData                           0x08001581   Thumb Code     8  stm32f10x_usart.o(i.USART_SendData)
    UsageFault_Handler                       0x08001589   Thumb Code     4  stm32f10x_it.o(i.UsageFault_Handler)
    __0printf                                0x0800158d   Thumb Code    22  printfa.o(i.__0printf)
    __1printf                                0x0800158d   Thumb Code     0  printfa.o(i.__0printf)
    __2printf                                0x0800158d   Thumb Code     0  printfa.o(i.__0printf)
    __c89printf                              0x0800158d   Thumb Code     0  printfa.o(i.__0printf)
    printf                                   0x0800158d   Thumb Code     0  printfa.o(i.__0printf)
    __0vsnprintf                             0x080015ad   Thumb Code    46  printfa.o(i.__0vsnprintf)
    __1vsnprintf                             0x080015ad   Thumb Code     0  printfa.o(i.__0vsnprintf)
    __2vsnprintf                             0x080015ad   Thumb Code     0  printfa.o(i.__0vsnprintf)
    __c89vsnprintf                           0x080015ad   Thumb Code     0  printfa.o(i.__0vsnprintf)
    vsnprintf                                0x080015ad   Thumb Code     0  printfa.o(i.__0vsnprintf)
    __scatterload_copy                       0x080015e7   Thumb Code    14  handlers.o(i.__scatterload_copy)
    __scatterload_null                       0x080015f5   Thumb Code     2  handlers.o(i.__scatterload_null)
    __scatterload_zeroinit                   0x080015f7   Thumb Code    14  handlers.o(i.__scatterload_zeroinit)
    _assert                                  0x08001679   Thumb Code    56  elab_assert.o(i._assert)
    _elog_printf                             0x08001769   Thumb Code    86  elab_log.o(i._elog_printf)
    bus_export                               0x08002929   Thumb Code    12  bus_export.o(i.bus_export)
    delay_us                                 0x08002941   Thumb Code    26  bsp_dwt.o(i.delay_us)
    device_ssd1306_init                      0x080029bd   Thumb Code   246  ssd1306.o(i.device_ssd1306_init)
    driver_i2c_bus_register                  0x08002b75   Thumb Code    16  driver_bus_iic.o(i.driver_i2c_bus_register)
    elab_assert_func                         0x08002b99   Thumb Code     4  elab_assert.o(i.elab_assert_func)
    elab_device_find                         0x08002b9d   Thumb Code   206  elab_device.o(i.elab_device_find)
    elab_device_register                     0x08002cb1   Thumb Code   224  elab_device.o(i.elab_device_register)
    elab_device_valid                        0x08002dd9   Thumb Code    20  elab_device.o(i.elab_device_valid)
    elab_driver_pin_init_cfg                 0x08002ded   Thumb Code   180  driver_pin_mcu.o(i.elab_driver_pin_init_cfg)
    elab_driver_pin_resolve_dt               0x08002ee1   Thumb Code    60  driver_pin_dt.o(i.elab_driver_pin_resolve_dt)
    elab_free                                0x08002f1d   Thumb Code    14  elab_common.o(i.elab_free)
    elab_i2c_bus_register                    0x08002f2d   Thumb Code   206  elab_i2c.o(i.elab_i2c_bus_register)
    elab_i2c_register                        0x08003071   Thumb Code   196  elab_i2c.o(i.elab_i2c_register)
    elab_i2c_write_memory                    0x080031d5   Thumb Code   346  elab_i2c.o(i.elab_i2c_write_memory)
    elab_i2c_xfer_end                        0x0800339d   Thumb Code    34  elab_i2c.o(i.elab_i2c_xfer_end)
    elab_led_pin_register                    0x080033d1   Thumb Code    44  elab_led_pin.o(i.elab_led_pin_register)
    elab_led_register_with_backend           0x08003401   Thumb Code   274  elab_led.o(i.elab_led_register_with_backend)
    elab_led_set_value                       0x080035b5   Thumb Code    88  elab_led.o(i.elab_led_set_value)
    elab_malloc                              0x0800361d   Thumb Code    12  elab_common.o(i.elab_malloc)
    elab_pin_register                        0x08003629   Thumb Code   152  elab_pin.o(i.elab_pin_register)
    elab_pin_set_mode                        0x080036f9   Thumb Code    52  elab_pin.o(i.elab_pin_set_mode)
    elab_pin_set_status                      0x08003739   Thumb Code    96  elab_pin.o(i.elab_pin_set_status)
    elab_run                                 0x080037a5   Thumb Code    30  elab_export.o(i.elab_run)
    elab_time_ms                             0x080037cd   Thumb Code     8  elab_common.o(i.elab_time_ms)
    export_zero                              0x080037d5   Thumb Code    18  main.o(i.export_zero)
    fputc                                    0x080037f9   Thumb Code    32  bsp_usart.o(i.fputc)
    free                                     0x0800381d   Thumb Code    76  malloc.o(i.free)
    main                                     0x0800386d   Thumb Code    22  main.o(i.main)
    malloc                                   0x0800388d   Thumb Code    92  malloc.o(i.malloc)
    osDelay                                  0x080038fb   Thumb Code    30  cmsis_os2.o(i.osDelay)
    osKernelGetTickCount                     0x08003919   Thumb Code    26  cmsis_os2.o(i.osKernelGetTickCount)
    osKernelInitialize                       0x08003935   Thumb Code    38  cmsis_os2.o(i.osKernelInitialize)
    osKernelStart                            0x08003961   Thumb Code    82  cmsis_os2.o(i.osKernelStart)
    osMutexAcquire                           0x080039c1   Thumb Code    98  cmsis_os2.o(i.osMutexAcquire)
    osMutexNew                               0x08003a23   Thumb Code   178  cmsis_os2.o(i.osMutexNew)
    osMutexRelease                           0x08003ad5   Thumb Code    78  cmsis_os2.o(i.osMutexRelease)
    osSemaphoreAcquire                       0x08003b25   Thumb Code   106  cmsis_os2.o(i.osSemaphoreAcquire)
    osSemaphoreNew                           0x08003b95   Thumb Code   204  cmsis_os2.o(i.osSemaphoreNew)
    osSemaphoreRelease                       0x08003c61   Thumb Code    90  cmsis_os2.o(i.osSemaphoreRelease)
    osThreadNew                              0x08003cc1   Thumb Code   184  cmsis_os2.o(i.osThreadNew)
    osTimerNew                               0x08003d79   Thumb Code   182  cmsis_os2.o(i.osTimerNew)
    osTimerStart                             0x08003e35   Thumb Code    60  cmsis_os2.o(i.osTimerStart)
    pvPortMalloc                             0x08004935   Thumb Code   306  heap_4.o(i.pvPortMalloc)
    pvTaskIncrementMutexHeldCount            0x08004a81   Thumb Code    26  tasks.o(i.pvTaskIncrementMutexHeldCount)
    pvTimerGetTimerID                        0x08004aa1   Thumb Code    44  timers.o(i.pvTimerGetTimerID)
    pxPortInitialiseStack                    0x08004acd   Thumb Code    30  port.o(i.pxPortInitialiseStack)
    test_export                              0x08004af1   Thumb Code     8  main.o(i.test_export)
    uxListRemove                             0x08004b21   Thumb Code    40  list.o(i.uxListRemove)
    vApplicationGetIdleTaskMemory            0x08004b49   Thumb Code    14  cmsis_os2.o(i.vApplicationGetIdleTaskMemory)
    vApplicationGetTimerTaskMemory           0x08004b61   Thumb Code    16  cmsis_os2.o(i.vApplicationGetTimerTaskMemory)
    vApplicationStackOverflowHook            0x08004b79   Thumb Code    22  cmsis_os2.o(i.vApplicationStackOverflowHook)
    vListInitialise                          0x08004b8f   Thumb Code    26  list.o(i.vListInitialise)
    vListInitialiseItem                      0x08004ba9   Thumb Code     6  list.o(i.vListInitialiseItem)
    vListInsert                              0x08004baf   Thumb Code    52  list.o(i.vListInsert)
    vListInsertEnd                           0x08004be3   Thumb Code    24  list.o(i.vListInsertEnd)
    vPortEnterCritical                       0x08004bfd   Thumb Code    76  port.o(i.vPortEnterCritical)
    vPortExitCritical                        0x08004c51   Thumb Code    56  port.o(i.vPortExitCritical)
    vPortFree                                0x08004c8d   Thumb Code   150  heap_4.o(i.vPortFree)
    vPortSetupTimerInterrupt                 0x08004d31   Thumb Code    36  port.o(i.vPortSetupTimerInterrupt)
    vPortValidateInterruptPriority           0x08004d59   Thumb Code   106  port.o(i.vPortValidateInterruptPriority)
    vQueueAddToRegistry                      0x08004dd1   Thumb Code    38  queue.o(i.vQueueAddToRegistry)
    vQueueDelete                             0x08004dfd   Thumb Code    50  queue.o(i.vQueueDelete)
    vQueueUnregisterQueue                    0x08004e31   Thumb Code    44  queue.o(i.vQueueUnregisterQueue)
    vQueueWaitForMessageRestricted           0x08004e61   Thumb Code    74  queue.o(i.vQueueWaitForMessageRestricted)
    vTaskDelay                               0x08004ead   Thumb Code    82  tasks.o(i.vTaskDelay)
    vTaskInternalSetTimeOutState             0x08004f09   Thumb Code    14  tasks.o(i.vTaskInternalSetTimeOutState)
    vTaskMissedYield                         0x08004f21   Thumb Code     8  tasks.o(i.vTaskMissedYield)
    vTaskPlaceOnEventList                    0x08004f2d   Thumb Code    52  tasks.o(i.vTaskPlaceOnEventList)
    vTaskPlaceOnEventListRestricted          0x08004f65   Thumb Code    60  tasks.o(i.vTaskPlaceOnEventListRestricted)
    vTaskPriorityDisinheritAfterTimeout      0x08004fa5   Thumb Code   194  tasks.o(i.vTaskPriorityDisinheritAfterTimeout)
    vTaskStartScheduler                      0x08005075   Thumb Code   156  tasks.o(i.vTaskStartScheduler)
    vTaskSuspendAll                          0x0800512d   Thumb Code    12  tasks.o(i.vTaskSuspendAll)
    vTaskSwitchContext                       0x0800513d   Thumb Code   178  tasks.o(i.vTaskSwitchContext)
    xPortStartScheduler                      0x08005205   Thumb Code   228  port.o(i.xPortStartScheduler)
    xPortSysTickHandler                      0x080052fd   Thumb Code    46  port.o(i.xPortSysTickHandler)
    xQueueCreateCountingSemaphore            0x08005331   Thumb Code    92  queue.o(i.xQueueCreateCountingSemaphore)
    xQueueCreateCountingSemaphoreStatic      0x0800538d   Thumb Code   100  queue.o(i.xQueueCreateCountingSemaphoreStatic)
    xQueueCreateMutex                        0x080053f1   Thumb Code    34  queue.o(i.xQueueCreateMutex)
    xQueueCreateMutexStatic                  0x08005413   Thumb Code    42  queue.o(i.xQueueCreateMutexStatic)
    xQueueGenericCreate                      0x0800543d   Thumb Code    90  queue.o(i.xQueueGenericCreate)
    xQueueGenericCreateStatic                0x08005497   Thumb Code   224  queue.o(i.xQueueGenericCreateStatic)
    xQueueGenericReset                       0x08005579   Thumb Code   146  queue.o(i.xQueueGenericReset)
    xQueueGenericSend                        0x08005611   Thumb Code   420  queue.o(i.xQueueGenericSend)
    xQueueGenericSendFromISR                 0x080057b9   Thumb Code   252  queue.o(i.xQueueGenericSendFromISR)
    xQueueGiveFromISR                        0x080058b5   Thumb Code   224  queue.o(i.xQueueGiveFromISR)
    xQueueGiveMutexRecursive                 0x08005995   Thumb Code    72  queue.o(i.xQueueGiveMutexRecursive)
    xQueueReceive                            0x080059dd   Thumb Code   356  queue.o(i.xQueueReceive)
    xQueueReceiveFromISR                     0x08005b45   Thumb Code   202  queue.o(i.xQueueReceiveFromISR)
    xQueueSemaphoreTake                      0x08005c11   Thumb Code   434  queue.o(i.xQueueSemaphoreTake)
    xQueueTakeMutexRecursive                 0x08005dc9   Thumb Code    78  queue.o(i.xQueueTakeMutexRecursive)
    xTaskCheckForTimeOut                     0x08005e19   Thumb Code   132  tasks.o(i.xTaskCheckForTimeOut)
    xTaskCreate                              0x08005ea5   Thumb Code   100  tasks.o(i.xTaskCreate)
    xTaskCreateStatic                        0x08005f09   Thumb Code   186  tasks.o(i.xTaskCreateStatic)
    xTaskGetCurrentTaskHandle                0x08005fc5   Thumb Code     6  tasks.o(i.xTaskGetCurrentTaskHandle)
    xTaskGetSchedulerState                   0x08005fd1   Thumb Code    24  tasks.o(i.xTaskGetSchedulerState)
    xTaskGetTickCount                        0x08005ff1   Thumb Code     6  tasks.o(i.xTaskGetTickCount)
    xTaskGetTickCountFromISR                 0x08005ffd   Thumb Code    16  tasks.o(i.xTaskGetTickCountFromISR)
    xTaskIncrementTick                       0x08006011   Thumb Code   280  tasks.o(i.xTaskIncrementTick)
    xTaskPriorityDisinherit                  0x08006155   Thumb Code   152  tasks.o(i.xTaskPriorityDisinherit)
    xTaskPriorityInherit                     0x080061f9   Thumb Code   150  tasks.o(i.xTaskPriorityInherit)
    xTaskRemoveFromEventList                 0x0800629d   Thumb Code   126  tasks.o(i.xTaskRemoveFromEventList)
    xTaskResumeAll                           0x08006335   Thumb Code   222  tasks.o(i.xTaskResumeAll)
    xTimerCreate                             0x08006439   Thumb Code    54  timers.o(i.xTimerCreate)
    xTimerCreateStatic                       0x0800646f   Thumb Code   114  timers.o(i.xTimerCreateStatic)
    xTimerCreateTimerTask                    0x080064e1   Thumb Code   100  timers.o(i.xTimerCreateTimerTask)
    xTimerGenericCommand                     0x08006559   Thumb Code   128  timers.o(i.xTimerGenericCommand)
    OLED_F8x16                               0x08006619   Data        1520  oled_data.o(.constdata)
    OLED_F6x8                                0x08006c09   Data         570  oled_data.o(.constdata)
    OLED_CF16x16                             0x08006e43   Data         252  oled_data.o(.constdata)
    Diode                                    0x08006f3f   Data          32  oled_data.o(.constdata)
    Region$$Table$$Base                      0x08007220   Number         0  anon$$obj.o(Region$$Table)
    Region$$Table$$Limit                     0x08007240   Number         0  anon$$obj.o(Region$$Table)
    init_export_zero                         0x08007240   Data          28  main.o(elab_export)
    init_test_export                         0x0800725c   Data          28  main.o(elab_export)
    init_device_ssd1306_init                 0x08007278   Data          28  ssd1306.o(elab_export)
    init_device_adapter_export               0x08007294   Data          28  device_export.o(elab_export)
    init_driver_pin_mcu_export               0x080072b0   Data          28  pin_export.o(elab_export)
    init_bus_export                          0x080072cc   Data          28  bus_export.o(elab_export)
    init_uart_null_init                      0x080072e8   Data          28  elab_device_null.o(elab_export)
    init_module_null_init                    0x08007304   Data          28  elab_export.o(elab_export)
    poll_module_null_init                    0x08007320   Data          28  elab_export.o(expoll)
    SystemCoreClock                          0x2000002c   Data           4  system_stm32f10x.o(.data)
    AHBPrescTable                            0x20000030   Data          16  system_stm32f10x.o(.data)
    pxCurrentTCB                             0x2000006c   Data           4  tasks.o(.data)
    __stdout                                 0x20000118   Data           4  stdout.o(.data)
    __microlib_freelist                      0x2000011c   Data           4  mvars.o(.data)
    __microlib_freelist_initialised          0x20000120   Data           4  mvars.o(.data)
    xQueueRegistry                           0x200025f0   Data          64  queue.o(.bss)
    __heap_base                              0x200034d8   Data           0  startup_stm32f10x_md.o(HEAP)
    __heap_limit                             0x200036d8   Data           0  startup_stm32f10x_md.o(HEAP)
    __initial_sp                             0x20003ad8   Data           0  startup_stm32f10x_md.o(STACK)



==============================================================================

Memory Map of the image

  Image Entry point : 0x080000ed

  Load Region LR_IROM1 (Base: 0x08000000, Size: 0x00007460, Max: 0x00010000, ABSOLUTE)

    Execution Region ER_IROM1 (Exec base: 0x08000000, Load base: 0x08000000, Size: 0x0000733c, Max: 0x00010000, ABSOLUTE)

    Exec Addr    Load Addr    Size         Type   Attr      Idx    E Section Name        Object

    0x08000000   0x08000000   0x000000ec   Data   RO          181    RESET               startup_stm32f10x_md.o
    0x080000ec   0x080000ec   0x00000000   Code   RO         6742  * .ARM.Collect$$$$00000000  mc_w.l(entry.o)
    0x080000ec   0x080000ec   0x00000004   Code   RO         7101    .ARM.Collect$$$$00000001  mc_w.l(entry2.o)
    0x080000f0   0x080000f0   0x00000004   Code   RO         7104    .ARM.Collect$$$$00000004  mc_w.l(entry5.o)
    0x080000f4   0x080000f4   0x00000000   Code   RO         7106    .ARM.Collect$$$$00000008  mc_w.l(entry7b.o)
    0x080000f4   0x080000f4   0x00000000   Code   RO         7108    .ARM.Collect$$$$0000000A  mc_w.l(entry8b.o)
    0x080000f4   0x080000f4   0x00000008   Code   RO         7109    .ARM.Collect$$$$0000000B  mc_w.l(entry9a.o)
    0x080000fc   0x080000fc   0x00000004   Code   RO         7116    .ARM.Collect$$$$0000000E  mc_w.l(entry12b.o)
    0x08000100   0x08000100   0x00000000   Code   RO         7111    .ARM.Collect$$$$0000000F  mc_w.l(entry10a.o)
    0x08000100   0x08000100   0x00000000   Code   RO         7113    .ARM.Collect$$$$00000011  mc_w.l(entry11a.o)
    0x08000100   0x08000100   0x00000004   Code   RO         7102    .ARM.Collect$$$$00002712  mc_w.l(entry2.o)
    0x08000104   0x08000104   0x00000096   Code   RO           95    .emb_text           port.o
    0x0800019a   0x0800019a   0x00000002   PAD
    0x0800019c   0x0800019c   0x00000024   Code   RO          182    .text               startup_stm32f10x_md.o
    0x080001c0   0x080001c0   0x00000024   Code   RO         6745    .text               mc_w.l(memcpya.o)
    0x080001e4   0x080001e4   0x00000024   Code   RO         6749    .text               mc_w.l(memseta.o)
    0x08000208   0x08000208   0x0000001c   Code   RO         6753    .text               mc_w.l(strcmp.o)
    0x08000224   0x08000224   0x0000001a   Code   RO         6755    .text               mc_w.l(memcmp.o)
    0x0800023e   0x0800023e   0x0000014e   Code   RO         7056    .text               mf_w.l(dadd.o)
    0x0800038c   0x0800038c   0x000000e4   Code   RO         7058    .text               mf_w.l(dmul.o)
    0x08000470   0x08000470   0x000000de   Code   RO         7060    .text               mf_w.l(ddiv.o)
    0x0800054e   0x0800054e   0x0000001a   Code   RO         7066    .text               mf_w.l(dfltui.o)
    0x08000568   0x08000568   0x00000032   Code   RO         7070    .text               mf_w.l(dfixui.o)
    0x0800059a   0x0800059a   0x00000002   PAD
    0x0800059c   0x0800059c   0x00000030   Code   RO         7072    .text               mf_w.l(cdrcmple.o)
    0x080005cc   0x080005cc   0x0000002c   Code   RO         7118    .text               mc_w.l(uidiv.o)
    0x080005f8   0x080005f8   0x00000062   Code   RO         7120    .text               mc_w.l(uldiv.o)
    0x0800065a   0x0800065a   0x0000001e   Code   RO         7122    .text               mc_w.l(llshl.o)
    0x08000678   0x08000678   0x00000020   Code   RO         7124    .text               mc_w.l(llushr.o)
    0x08000698   0x08000698   0x00000024   Code   RO         7126    .text               mc_w.l(llsshr.o)
    0x080006bc   0x080006bc   0x00000000   Code   RO         7139    .text               mc_w.l(iusefp.o)
    0x080006bc   0x080006bc   0x000000ba   Code   RO         7142    .text               mf_w.l(depilogue.o)
    0x08000776   0x08000776   0x00000030   Code   RO         7144    .text               mf_w.l(dfixul.o)
    0x080007a6   0x080007a6   0x00000002   PAD
    0x080007a8   0x080007a8   0x00000024   Code   RO         7152    .text               mc_w.l(init.o)
    0x080007cc   0x080007cc   0x0000000c   Code   RO         3580    i.BSP_Init          main.o
    0x080007d8   0x080007d8   0x00000004   Code   RO         3703    i.BusFault_Handler  stm32f10x_it.o
    0x080007dc   0x080007dc   0x0000000c   Code   RO         3581    i.Callback_LEDTOGGLE  main.o
    0x080007e8   0x080007e8   0x00000040   Code   RO         4110    i.DWT_Delay_Init    bsp_dwt.o
    0x08000828   0x08000828   0x00000002   Code   RO         3704    i.DebugMon_Handler  stm32f10x_it.o
    0x0800082a   0x0800082a   0x00000116   Code   RO         1632    i.GPIO_Init         stm32f10x_gpio.o
    0x08000940   0x08000940   0x00000012   Code   RO         1636    i.GPIO_ReadInputDataBit  stm32f10x_gpio.o
    0x08000952   0x08000952   0x00000004   Code   RO         1639    i.GPIO_ResetBits    stm32f10x_gpio.o
    0x08000956   0x08000956   0x00000004   Code   RO         1640    i.GPIO_SetBits      stm32f10x_gpio.o
    0x0800095a   0x0800095a   0x00000004   Code   RO         3705    i.HardFault_Handler  stm32f10x_it.o
    0x0800095e   0x0800095e   0x00000002   PAD
    0x08000960   0x08000960   0x0000003c   Code   RO         3763    i.Key_GPIO_Config   bsp_key.o
    0x0800099c   0x0800099c   0x00000004   Code   RO         3706    i.MemManage_Handler  stm32f10x_it.o
    0x080009a0   0x080009a0   0x00000002   Code   RO         3707    i.NMI_Handler       stm32f10x_it.o
    0x080009a2   0x080009a2   0x00000002   PAD
    0x080009a4   0x080009a4   0x00000020   Code   RO         2098    i.RCC_APB2PeriphClockCmd  stm32f10x_rcc.o
    0x080009c4   0x080009c4   0x000000d4   Code   RO         2106    i.RCC_GetClocksFreq  stm32f10x_rcc.o
    0x08000a98   0x08000a98   0x00000014   Code   RO         3790    i.SSD1306_Clear     ssd1306.o
    0x08000aac   0x08000aac   0x000000a8   Code   RO         3791    i.SSD1306_ClearArea  ssd1306.o
    0x08000b54   0x08000b54   0x00000014   Code   RO         3801    i.SSD1306_Pow       ssd1306.o
    0x08000b68   0x08000b68   0x00000034   Code   RO         3802    i.SSD1306_Printf    ssd1306.o
    0x08000b9c   0x08000b9c   0x00000022   Code   RO         3805    i.SSD1306_SetCursor  ssd1306.o
    0x08000bbe   0x08000bbe   0x00000046   Code   RO         3806    i.SSD1306_ShowBinNum  ssd1306.o
    0x08000c04   0x08000c04   0x0000005c   Code   RO         3807    i.SSD1306_ShowChar  ssd1306.o
    0x08000c60   0x08000c60   0x000000e4   Code   RO         3809    i.SSD1306_ShowFloatNum  ssd1306.o
    0x08000d44   0x08000d44   0x00000060   Code   RO         3810    i.SSD1306_ShowHexNum  ssd1306.o
    0x08000da4   0x08000da4   0x00000148   Code   RO         3811    i.SSD1306_ShowImage  ssd1306.o
    0x08000eec   0x08000eec   0x0000004c   Code   RO         3812    i.SSD1306_ShowNum   ssd1306.o
    0x08000f38   0x08000f38   0x00000070   Code   RO         3813    i.SSD1306_ShowSignedNum  ssd1306.o
    0x08000fa8   0x08000fa8   0x0000002e   Code   RO         3814    i.SSD1306_ShowString  ssd1306.o
    0x08000fd6   0x08000fd6   0x00000002   PAD
    0x08000fd8   0x08000fd8   0x00000028   Code   RO         3818    i.SSD1306_Update    ssd1306.o
    0x08001000   0x08001000   0x0000001c   Code   RO         3820    i.SSD1306_WriteCommand  ssd1306.o
    0x0800101c   0x0800101c   0x00000020   Code   RO         3821    i.SSD1306_WriteData  ssd1306.o
    0x0800103c   0x0800103c   0x00000008   Code   RO          189    i.SetSysClock       system_stm32f10x.o
    0x08001044   0x08001044   0x000000e0   Code   RO          190    i.SetSysClockTo72   system_stm32f10x.o
    0x08001124   0x08001124   0x00000048   Code   RO         4336    i.SoftI2C_Ack       driver_bus_iic.o
    0x0800116c   0x0800116c   0x00000040   Code   RO         4337    i.SoftI2C_NoAck     driver_bus_iic.o
    0x080011ac   0x080011ac   0x0000004c   Code   RO         4338    i.SoftI2C_Read      driver_bus_iic.o
    0x080011f8   0x080011f8   0x0000002c   Code   RO         4339    i.SoftI2C_SdaIn     driver_bus_iic.o
    0x08001224   0x08001224   0x0000002c   Code   RO         4340    i.SoftI2C_SdaOut    driver_bus_iic.o
    0x08001250   0x08001250   0x0000004c   Code   RO         4341    i.SoftI2C_Send      driver_bus_iic.o
    0x0800129c   0x0800129c   0x00000038   Code   RO         4342    i.SoftI2C_Start     driver_bus_iic.o
    0x080012d4   0x080012d4   0x00000030   Code   RO         4343    i.SoftI2C_Stop      driver_bus_iic.o
    0x08001304   0x08001304   0x00000060   Code   RO         4344    i.SoftI2C_WaitAck   driver_bus_iic.o
    0x08001364   0x08001364   0x00000016   Code   RO         5717    i.SysTick_Handler   cmsis_os2.o
    0x0800137a   0x0800137a   0x00000002   PAD
    0x0800137c   0x0800137c   0x00000060   Code   RO          192    i.SystemInit        system_stm32f10x.o
    0x080013dc   0x080013dc   0x00000016   Code   RO         5718    i.TimerCallback     cmsis_os2.o
    0x080013f2   0x080013f2   0x00000018   Code   RO         3326    i.USART_Cmd         stm32f10x_usart.o
    0x0800140a   0x0800140a   0x00000002   PAD
    0x0800140c   0x0800140c   0x00000080   Code   RO         4046    i.USART_Config      bsp_usart.o
    0x0800148c   0x0800148c   0x0000001a   Code   RO         3329    i.USART_GetFlagStatus  stm32f10x_usart.o
    0x080014a6   0x080014a6   0x00000002   PAD
    0x080014a8   0x080014a8   0x000000d8   Code   RO         3333    i.USART_Init        stm32f10x_usart.o
    0x08001580   0x08001580   0x00000008   Code   RO         3343    i.USART_SendData    stm32f10x_usart.o
    0x08001588   0x08001588   0x00000004   Code   RO         3708    i.UsageFault_Handler  stm32f10x_it.o
    0x0800158c   0x0800158c   0x00000020   Code   RO         6994    i.__0printf         mc_w.l(printfa.o)
    0x080015ac   0x080015ac   0x00000034   Code   RO         6999    i.__0vsnprintf      mc_w.l(printfa.o)
    0x080015e0   0x080015e0   0x00000006   Code   RO         5719    i.__get_IPSR        cmsis_os2.o
    0x080015e6   0x080015e6   0x0000000e   Code   RO         7190    i.__scatterload_copy  mc_w.l(handlers.o)
    0x080015f4   0x080015f4   0x00000002   Code   RO         7191    i.__scatterload_null  mc_w.l(handlers.o)
    0x080015f6   0x080015f6   0x0000000e   Code   RO         7192    i.__scatterload_zeroinit  mc_w.l(handlers.o)
    0x08001604   0x08001604   0x00000074   Code   RO         6261    i._add_device       elab_device.o
    0x08001678   0x08001678   0x00000090   Code   RO         6592    i._assert           elab_assert.o
    0x08001708   0x08001708   0x00000010   Code   RO         4345    i._config           driver_bus_iic.o
    0x08001718   0x08001718   0x00000050   Code   RO         6262    i._edf_mutex        elab_device.o
    0x08001768   0x08001768   0x00000088   Code   RO         6718    i._elog_printf      elab_log.o
    0x080017f0   0x080017f0   0x00000048   Code   RO         6659    i._entry_start_poll  elab_export.o
    0x08001838   0x08001838   0x00000184   Code   RO         7001    i._fp_digits        mc_w.l(printfa.o)
    0x080019bc   0x080019bc   0x000000a0   Code   RO         6660    i._get_init_export_table  elab_export.o
    0x08001a5c   0x08001a5c   0x000000dc   Code   RO         6661    i._get_poll_export_table  elab_export.o
    0x08001b38   0x08001b38   0x00000078   Code   RO         4142    i._get_status       driver_pin_mcu.o
    0x08001bb0   0x08001bb0   0x00000090   Code   RO         4143    i._gpio_clock_enable  driver_pin_mcu.o
    0x08001c40   0x08001c40   0x00000060   Code   RO         4144    i._gpio_init_mode   driver_pin_mcu.o
    0x08001ca0   0x08001ca0   0x00000098   Code   RO         4145    i._gpio_set_mode    driver_pin_mcu.o
    0x08001d38   0x08001d38   0x00000034   Code   RO         4146    i._init             driver_pin_mcu.o
    0x08001d6c   0x08001d6c   0x0000007c   Code   RO         6662    i._init_func_execute  elab_export.o
    0x08001de8   0x08001de8   0x00000006   Code   RO         6394    i._null_enable      elab_device_null.o
    0x08001dee   0x08001dee   0x00000008   Code   RO         6395    i._null_read        elab_device_null.o
    0x08001df6   0x08001df6   0x00000008   Code   RO         6396    i._null_write       elab_device_null.o
    0x08001dfe   0x08001dfe   0x00000012   Code   RO         4427    i._pin_set_status_adapter  elab_led_pin.o
    0x08001e10   0x08001e10   0x00000098   Code   RO         6663    i._poll_func_execute  elab_export.o
    0x08001ea8   0x08001ea8   0x000000c4   Code   RO         4240    i._port_from_dt_name  driver_pin_dt.o
    0x08001f6c   0x08001f6c   0x000006b4   Code   RO         7002    i._printf_core      mc_w.l(printfa.o)
    0x08002620   0x08002620   0x00000024   Code   RO         7003    i._printf_post_padding  mc_w.l(printfa.o)
    0x08002644   0x08002644   0x0000002e   Code   RO         7004    i._printf_pre_padding  mc_w.l(printfa.o)
    0x08002672   0x08002672   0x00000002   PAD
    0x08002674   0x08002674   0x00000038   Code   RO         4147    i._set_mode         driver_pin_mcu.o
    0x080026ac   0x080026ac   0x00000054   Code   RO         4148    i._set_status       driver_pin_mcu.o
    0x08002700   0x08002700   0x00000022   Code   RO         6533    i._set_status       elab_led.o
    0x08002722   0x08002722   0x00000016   Code   RO         7005    i._snputc           mc_w.l(printfa.o)
    0x08002738   0x08002738   0x000000b4   Code   RO         6534    i._timer_func       elab_led.o
    0x080027ec   0x080027ec   0x0000003c   Code   RO         4149    i._to_physical_status  driver_pin_mcu.o
    0x08002828   0x08002828   0x00000100   Code   RO         4346    i._xfer             driver_bus_iic.o
    0x08002928   0x08002928   0x00000018   Code   RO         4520    i.bus_export        bus_export.o
    0x08002940   0x08002940   0x00000024   Code   RO         4111    i.delay_us          bsp_dwt.o
    0x08002964   0x08002964   0x00000058   Code   RO         4452    i.device_adapter_export  device_export.o
    0x080029bc   0x080029bc   0x00000168   Code   RO         3823    i.device_ssd1306_init  ssd1306.o
    0x08002b24   0x08002b24   0x00000050   Code   RO         4347    i.driver_i2c_bus_init  driver_bus_iic.o
    0x08002b74   0x08002b74   0x00000010   Code   RO         4348    i.driver_i2c_bus_register  driver_bus_iic.o
    0x08002b84   0x08002b84   0x00000014   Code   RO         4490    i.driver_pin_mcu_export  pin_export.o
    0x08002b98   0x08002b98   0x00000004   Code   RO         6593    i.elab_assert_func  elab_assert.o
    0x08002b9c   0x08002b9c   0x00000114   Code   RO         6263    i.elab_device_find  elab_device.o
    0x08002cb0   0x08002cb0   0x00000128   Code   RO         6270    i.elab_device_register  elab_device.o
    0x08002dd8   0x08002dd8   0x00000014   Code   RO         6274    i.elab_device_valid  elab_device.o
    0x08002dec   0x08002dec   0x000000f4   Code   RO         4151    i.elab_driver_pin_init_cfg  driver_pin_mcu.o
    0x08002ee0   0x08002ee0   0x0000003c   Code   RO         4241    i.elab_driver_pin_resolve_dt  driver_pin_dt.o
    0x08002f1c   0x08002f1c   0x0000000e   Code   RO         6620    i.elab_free         elab_common.o
    0x08002f2a   0x08002f2a   0x00000002   PAD
    0x08002f2c   0x08002f2c   0x00000144   Code   RO         6478    i.elab_i2c_bus_register  elab_i2c.o
    0x08003070   0x08003070   0x00000164   Code   RO         6480    i.elab_i2c_register  elab_i2c.o
    0x080031d4   0x080031d4   0x000001c8   Code   RO         6481    i.elab_i2c_write_memory  elab_i2c.o
    0x0800339c   0x0800339c   0x00000034   Code   RO         6483    i.elab_i2c_xfer_end  elab_i2c.o
    0x080033d0   0x080033d0   0x00000030   Code   RO         4428    i.elab_led_pin_register  elab_led_pin.o
    0x08003400   0x08003400   0x000001b4   Code   RO         6535    i.elab_led_register_with_backend  elab_led.o
    0x080035b4   0x080035b4   0x00000068   Code   RO         6537    i.elab_led_set_value  elab_led.o
    0x0800361c   0x0800361c   0x0000000c   Code   RO         6621    i.elab_malloc       elab_common.o
    0x08003628   0x08003628   0x000000d0   Code   RO         6430    i.elab_pin_register  elab_pin.o
    0x080036f8   0x080036f8   0x00000040   Code   RO         6431    i.elab_pin_set_mode  elab_pin.o
    0x08003738   0x08003738   0x0000006c   Code   RO         6432    i.elab_pin_set_status  elab_pin.o
    0x080037a4   0x080037a4   0x00000028   Code   RO         6664    i.elab_run          elab_export.o
    0x080037cc   0x080037cc   0x00000008   Code   RO         6622    i.elab_time_ms      elab_common.o
    0x080037d4   0x080037d4   0x00000024   Code   RO         3582    i.export_zero       main.o
    0x080037f8   0x080037f8   0x00000024   Code   RO         4052    i.fputc             bsp_usart.o
    0x0800381c   0x0800381c   0x00000050   Code   RO         7022    i.free              mc_w.l(malloc.o)
    0x0800386c   0x0800386c   0x00000020   Code   RO         3583    i.main              main.o
    0x0800388c   0x0800388c   0x0000006c   Code   RO         7023    i.malloc            mc_w.l(malloc.o)
    0x080038f8   0x080038f8   0x00000002   Code   RO         6666    i.module_null_init  elab_export.o
    0x080038fa   0x080038fa   0x0000001e   Code   RO         5720    i.osDelay           cmsis_os2.o
    0x08003918   0x08003918   0x0000001a   Code   RO         5732    i.osKernelGetTickCount  cmsis_os2.o
    0x08003932   0x08003932   0x00000002   PAD
    0x08003934   0x08003934   0x0000002c   Code   RO         5734    i.osKernelInitialize  cmsis_os2.o
    0x08003960   0x08003960   0x00000060   Code   RO         5737    i.osKernelStart     cmsis_os2.o
    0x080039c0   0x080039c0   0x00000062   Code   RO         5757    i.osMutexAcquire    cmsis_os2.o
    0x08003a22   0x08003a22   0x000000b2   Code   RO         5760    i.osMutexNew        cmsis_os2.o
    0x08003ad4   0x08003ad4   0x0000004e   Code   RO         5761    i.osMutexRelease    cmsis_os2.o
    0x08003b22   0x08003b22   0x00000002   PAD
    0x08003b24   0x08003b24   0x00000070   Code   RO         5762    i.osSemaphoreAcquire  cmsis_os2.o
    0x08003b94   0x08003b94   0x000000cc   Code   RO         5765    i.osSemaphoreNew    cmsis_os2.o
    0x08003c60   0x08003c60   0x00000060   Code   RO         5766    i.osSemaphoreRelease  cmsis_os2.o
    0x08003cc0   0x08003cc0   0x000000b8   Code   RO         5779    i.osThreadNew       cmsis_os2.o
    0x08003d78   0x08003d78   0x000000bc   Code   RO         5788    i.osTimerNew        cmsis_os2.o
    0x08003e34   0x08003e34   0x0000003c   Code   RO         5789    i.osTimerStart      cmsis_os2.o
    0x08003e70   0x08003e70   0x0000007c   Code   RO         5130    i.prvAddCurrentTaskToDelayedList  tasks.o
    0x08003eec   0x08003eec   0x000000b8   Code   RO         5131    i.prvAddNewTaskToReadyList  tasks.o
    0x08003fa4   0x08003fa4   0x00000074   Code   RO         5533    i.prvCheckForValidListAndQueue  timers.o
    0x08004018   0x08004018   0x00000048   Code   RO         5132    i.prvCheckTasksWaitingTermination  tasks.o
    0x08004060   0x08004060   0x0000002a   Code   RO         4726    i.prvCopyDataFromQueue  queue.o
    0x0800408a   0x0800408a   0x0000007e   Code   RO         4727    i.prvCopyDataToQueue  queue.o
    0x08004108   0x08004108   0x00000050   Code   RO         5133    i.prvDeleteTCB      tasks.o
    0x08004158   0x08004158   0x00000014   Code   RO         4728    i.prvGetDisinheritPriorityAfterTimeout  queue.o
    0x0800416c   0x0800416c   0x00000028   Code   RO         5534    i.prvGetNextExpireTime  timers.o
    0x08004194   0x08004194   0x0000007c   Code   RO            1    i.prvHeapInit       heap_4.o
    0x08004210   0x08004210   0x00000028   Code   RO         5134    i.prvIdleTask       tasks.o
    0x08004238   0x08004238   0x0000001e   Code   RO         4729    i.prvInitialiseMutex  queue.o
    0x08004256   0x08004256   0x0000002a   Code   RO         4730    i.prvInitialiseNewQueue  queue.o
    0x08004280   0x08004280   0x000000d2   Code   RO         5135    i.prvInitialiseNewTask  tasks.o
    0x08004352   0x08004352   0x0000005a   Code   RO         5535    i.prvInitialiseNewTimer  timers.o
    0x080043ac   0x080043ac   0x00000068   Code   RO         5136    i.prvInitialiseTaskLists  tasks.o
    0x08004414   0x08004414   0x00000068   Code   RO            2    i.prvInsertBlockIntoFreeList  heap_4.o
    0x0800447c   0x0800447c   0x00000058   Code   RO         5536    i.prvInsertTimerInActiveList  timers.o
    0x080044d4   0x080044d4   0x0000001a   Code   RO         4731    i.prvIsQueueEmpty   queue.o
    0x080044ee   0x080044ee   0x0000001e   Code   RO         4732    i.prvIsQueueFull    queue.o
    0x0800450c   0x0800450c   0x00000074   Code   RO         5537    i.prvProcessExpiredTimer  timers.o
    0x08004580   0x08004580   0x00000164   Code   RO         5538    i.prvProcessReceivedCommands  timers.o
    0x080046e4   0x080046e4   0x00000074   Code   RO         5539    i.prvProcessTimerOrBlockTask  timers.o
    0x08004758   0x08004758   0x00000034   Code   RO         5138    i.prvResetNextTaskUnblockTime  tasks.o
    0x0800478c   0x0800478c   0x0000002c   Code   RO         5540    i.prvSampleTimeNow  timers.o
    0x080047b8   0x080047b8   0x000000a4   Code   RO         5541    i.prvSwitchTimerLists  timers.o
    0x0800485c   0x0800485c   0x00000040   Code   RO           96    i.prvTaskExitError  port.o
    0x0800489c   0x0800489c   0x0000001a   Code   RO         5542    i.prvTimerTask      timers.o
    0x080048b6   0x080048b6   0x0000007e   Code   RO         4733    i.prvUnlockQueue    queue.o
    0x08004934   0x08004934   0x0000014c   Code   RO            3    i.pvPortMalloc      heap_4.o
    0x08004a80   0x08004a80   0x00000020   Code   RO         5143    i.pvTaskIncrementMutexHeldCount  tasks.o
    0x08004aa0   0x08004aa0   0x0000002c   Code   RO         5543    i.pvTimerGetTimerID  timers.o
    0x08004acc   0x08004acc   0x00000024   Code   RO           97    i.pxPortInitialiseStack  port.o
    0x08004af0   0x08004af0   0x00000008   Code   RO         3584    i.test_export       main.o
    0x08004af8   0x08004af8   0x00000028   Code   RO         6397    i.uart_null_init    elab_device_null.o
    0x08004b20   0x08004b20   0x00000028   Code   RO         4686    i.uxListRemove      list.o
    0x08004b48   0x08004b48   0x00000018   Code   RO         5791    i.vApplicationGetIdleTaskMemory  cmsis_os2.o
    0x08004b60   0x08004b60   0x00000018   Code   RO         5792    i.vApplicationGetTimerTaskMemory  cmsis_os2.o
    0x08004b78   0x08004b78   0x00000016   Code   RO         5793    i.vApplicationStackOverflowHook  cmsis_os2.o
    0x08004b8e   0x08004b8e   0x0000001a   Code   RO         4687    i.vListInitialise   list.o
    0x08004ba8   0x08004ba8   0x00000006   Code   RO         4688    i.vListInitialiseItem  list.o
    0x08004bae   0x08004bae   0x00000034   Code   RO         4689    i.vListInsert       list.o
    0x08004be2   0x08004be2   0x00000018   Code   RO         4690    i.vListInsertEnd    list.o
    0x08004bfa   0x08004bfa   0x00000002   PAD
    0x08004bfc   0x08004bfc   0x00000054   Code   RO           99    i.vPortEnterCritical  port.o
    0x08004c50   0x08004c50   0x0000003c   Code   RO          100    i.vPortExitCritical  port.o
    0x08004c8c   0x08004c8c   0x000000a4   Code   RO            4    i.vPortFree         heap_4.o
    0x08004d30   0x08004d30   0x00000028   Code   RO          101    i.vPortSetupTimerInterrupt  port.o
    0x08004d58   0x08004d58   0x00000078   Code   RO          102    i.vPortValidateInterruptPriority  port.o
    0x08004dd0   0x08004dd0   0x0000002c   Code   RO         4739    i.vQueueAddToRegistry  queue.o
    0x08004dfc   0x08004dfc   0x00000032   Code   RO         4740    i.vQueueDelete      queue.o
    0x08004e2e   0x08004e2e   0x00000002   PAD
    0x08004e30   0x08004e30   0x00000030   Code   RO         4742    i.vQueueUnregisterQueue  queue.o
    0x08004e60   0x08004e60   0x0000004a   Code   RO         4743    i.vQueueWaitForMessageRestricted  queue.o
    0x08004eaa   0x08004eaa   0x00000002   PAD
    0x08004eac   0x08004eac   0x0000005c   Code   RO         5153    i.vTaskDelay        tasks.o
    0x08004f08   0x08004f08   0x00000018   Code   RO         5158    i.vTaskInternalSetTimeOutState  tasks.o
    0x08004f20   0x08004f20   0x0000000c   Code   RO         5160    i.vTaskMissedYield  tasks.o
    0x08004f2c   0x08004f2c   0x00000038   Code   RO         5162    i.vTaskPlaceOnEventList  tasks.o
    0x08004f64   0x08004f64   0x00000040   Code   RO         5163    i.vTaskPlaceOnEventListRestricted  tasks.o
    0x08004fa4   0x08004fa4   0x000000d0   Code   RO         5165    i.vTaskPriorityDisinheritAfterTimeout  tasks.o
    0x08005074   0x08005074   0x000000b8   Code   RO         5172    i.vTaskStartScheduler  tasks.o
    0x0800512c   0x0800512c   0x00000010   Code   RO         5174    i.vTaskSuspendAll   tasks.o
    0x0800513c   0x0800513c   0x000000c8   Code   RO         5175    i.vTaskSwitchContext  tasks.o
    0x08005204   0x08005204   0x000000f8   Code   RO          103    i.xPortStartScheduler  port.o
    0x080052fc   0x080052fc   0x00000034   Code   RO          104    i.xPortSysTickHandler  port.o
    0x08005330   0x08005330   0x0000005c   Code   RO         4744    i.xQueueCreateCountingSemaphore  queue.o
    0x0800538c   0x0800538c   0x00000064   Code   RO         4745    i.xQueueCreateCountingSemaphoreStatic  queue.o
    0x080053f0   0x080053f0   0x00000022   Code   RO         4746    i.xQueueCreateMutex  queue.o
    0x08005412   0x08005412   0x0000002a   Code   RO         4747    i.xQueueCreateMutexStatic  queue.o
    0x0800543c   0x0800543c   0x0000005a   Code   RO         4748    i.xQueueGenericCreate  queue.o
    0x08005496   0x08005496   0x000000e0   Code   RO         4749    i.xQueueGenericCreateStatic  queue.o
    0x08005576   0x08005576   0x00000002   PAD
    0x08005578   0x08005578   0x00000098   Code   RO         4750    i.xQueueGenericReset  queue.o
    0x08005610   0x08005610   0x000001a8   Code   RO         4751    i.xQueueGenericSend  queue.o
    0x080057b8   0x080057b8   0x000000fc   Code   RO         4752    i.xQueueGenericSendFromISR  queue.o
    0x080058b4   0x080058b4   0x000000e0   Code   RO         4755    i.xQueueGiveFromISR  queue.o
    0x08005994   0x08005994   0x00000048   Code   RO         4756    i.xQueueGiveMutexRecursive  queue.o
    0x080059dc   0x080059dc   0x00000168   Code   RO         4761    i.xQueueReceive     queue.o
    0x08005b44   0x08005b44   0x000000ca   Code   RO         4762    i.xQueueReceiveFromISR  queue.o
    0x08005c0e   0x08005c0e   0x00000002   PAD
    0x08005c10   0x08005c10   0x000001b8   Code   RO         4763    i.xQueueSemaphoreTake  queue.o
    0x08005dc8   0x08005dc8   0x0000004e   Code   RO         4764    i.xQueueTakeMutexRecursive  queue.o
    0x08005e16   0x08005e16   0x00000002   PAD
    0x08005e18   0x08005e18   0x0000008c   Code   RO         5177    i.xTaskCheckForTimeOut  tasks.o
    0x08005ea4   0x08005ea4   0x00000064   Code   RO         5178    i.xTaskCreate       tasks.o
    0x08005f08   0x08005f08   0x000000ba   Code   RO         5179    i.xTaskCreateStatic  tasks.o
    0x08005fc2   0x08005fc2   0x00000002   PAD
    0x08005fc4   0x08005fc4   0x0000000c   Code   RO         5182    i.xTaskGetCurrentTaskHandle  tasks.o
    0x08005fd0   0x08005fd0   0x00000020   Code   RO         5183    i.xTaskGetSchedulerState  tasks.o
    0x08005ff0   0x08005ff0   0x0000000c   Code   RO         5184    i.xTaskGetTickCount  tasks.o
    0x08005ffc   0x08005ffc   0x00000014   Code   RO         5185    i.xTaskGetTickCountFromISR  tasks.o
    0x08006010   0x08006010   0x00000144   Code   RO         5186    i.xTaskIncrementTick  tasks.o
    0x08006154   0x08006154   0x000000a4   Code   RO         5189    i.xTaskPriorityDisinherit  tasks.o
    0x080061f8   0x080061f8   0x000000a4   Code   RO         5190    i.xTaskPriorityInherit  tasks.o
    0x0800629c   0x0800629c   0x00000098   Code   RO         5191    i.xTaskRemoveFromEventList  tasks.o
    0x08006334   0x08006334   0x00000104   Code   RO         5192    i.xTaskResumeAll    tasks.o
    0x08006438   0x08006438   0x00000036   Code   RO         5549    i.xTimerCreate      timers.o
    0x0800646e   0x0800646e   0x00000072   Code   RO         5550    i.xTimerCreateStatic  timers.o
    0x080064e0   0x080064e0   0x00000078   Code   RO         5551    i.xTimerCreateTimerTask  timers.o
    0x08006558   0x08006558   0x00000084   Code   RO         5552    i.xTimerGenericCommand  timers.o
    0x080065dc   0x080065dc   0x00000024   Data   RO         3585    .constdata          main.o
    0x08006600   0x08006600   0x00000019   Data   RO         3825    .constdata          ssd1306.o
    0x08006619   0x08006619   0x00000946   Data   RO         4031    .constdata          oled_data.o
    0x08006f5f   0x08006f5f   0x00000001   PAD
    0x08006f60   0x08006f60   0x00000020   Data   RO         4152    .constdata          driver_pin_mcu.o
    0x08006f80   0x08006f80   0x00000008   Data   RO         4349    .constdata          driver_bus_iic.o
    0x08006f88   0x08006f88   0x00000004   Data   RO         4429    .constdata          elab_led_pin.o
    0x08006f8c   0x08006f8c   0x00000008   Data   RO         4454    .constdata          device_export.o
    0x08006f94   0x08006f94   0x00000010   Data   RO         4492    .constdata          pin_export.o
    0x08006fa4   0x08006fa4   0x00000010   Data   RO         6277    .constdata          elab_device.o
    0x08006fb4   0x08006fb4   0x00000014   Data   RO         6398    .constdata          elab_device_null.o
    0x08006fc8   0x08006fc8   0x00000008   Data   RO         6433    .constdata          elab_pin.o
    0x08006fd0   0x08006fd0   0x00000034   Data   RO         6485    .constdata          elab_i2c.o
    0x08007004   0x08007004   0x0000002c   Data   RO         6539    .constdata          elab_led.o
    0x08007030   0x08007030   0x00000024   Data   RO         6667    .constdata          elab_export.o
    0x08007054   0x08007054   0x00000019   Data   RO         6720    .constdata          elab_log.o
    0x0800706d   0x0800706d   0x00000003   PAD
    0x08007070   0x08007070   0x00000011   Data   RO         3586    .conststring        main.o
    0x08007081   0x08007081   0x00000003   PAD
    0x08007084   0x08007084   0x00000008   Data   RO         3826    .conststring        ssd1306.o
    0x0800708c   0x0800708c   0x00000052   Data   RO         4153    .conststring        driver_pin_mcu.o
    0x080070de   0x080070de   0x00000002   PAD
    0x080070e0   0x080070e0   0x0000000a   Data   RO         4350    .conststring        driver_bus_iic.o
    0x080070ea   0x080070ea   0x00000002   PAD
    0x080070ec   0x080070ec   0x00000010   Data   RO         4493    .conststring        pin_export.o
    0x080070fc   0x080070fc   0x00000016   Data   RO         6278    .conststring        elab_device.o
    0x08007112   0x08007112   0x00000002   PAD
    0x08007114   0x08007114   0x00000008   Data   RO         6434    .conststring        elab_pin.o
    0x0800711c   0x0800711c   0x00000016   Data   RO         6486    .conststring        elab_i2c.o
    0x08007132   0x08007132   0x00000002   PAD
    0x08007134   0x08007134   0x00000012   Data   RO         6540    .conststring        elab_led.o
    0x08007146   0x08007146   0x00000002   PAD
    0x08007148   0x08007148   0x0000001b   Data   RO         6668    .conststring        elab_export.o
    0x08007163   0x08007163   0x00000001   PAD
    0x08007164   0x08007164   0x00000028   Data   RO         6721    .conststring        elab_log.o
    0x0800718c   0x0800718c   0x00000018   Data   RO         3587    .conststrlit        main.o
    0x080071a4   0x080071a4   0x00000014   Data   RO         3827    .conststrlit        ssd1306.o
    0x080071b8   0x080071b8   0x00000016   Data   RO         4455    .conststrlit        device_export.o
    0x080071ce   0x080071ce   0x00000002   PAD
    0x080071d0   0x080071d0   0x00000016   Data   RO         4494    .conststrlit        pin_export.o
    0x080071e6   0x080071e6   0x00000002   PAD
    0x080071e8   0x080071e8   0x0000000b   Data   RO         4522    .conststrlit        bus_export.o
    0x080071f3   0x080071f3   0x00000001   PAD
    0x080071f4   0x080071f4   0x0000000f   Data   RO         6399    .conststrlit        elab_device_null.o
    0x08007203   0x08007203   0x00000001   PAD
    0x08007204   0x08007204   0x00000019   Data   RO         6669    .conststrlit        elab_export.o
    0x0800721d   0x0800721d   0x00000003   PAD
    0x08007220   0x08007220   0x00000020   Data   RO         7188    Region$$Table       anon$$obj.o
    0x08007240   0x08007240   0x00000038   Data   RO         3589    elab_export         main.o
    0x08007278   0x08007278   0x0000001c   Data   RO         3829    elab_export         ssd1306.o
    0x08007294   0x08007294   0x0000001c   Data   RO         4456    elab_export         device_export.o
    0x080072b0   0x080072b0   0x0000001c   Data   RO         4495    elab_export         pin_export.o
    0x080072cc   0x080072cc   0x0000001c   Data   RO         4523    elab_export         bus_export.o
    0x080072e8   0x080072e8   0x0000001c   Data   RO         6401    elab_export         elab_device_null.o
    0x08007304   0x08007304   0x0000001c   Data   RO         6671    elab_export         elab_export.o
    0x08007320   0x08007320   0x0000001c   Data   RO         6672    expoll              elab_export.o


    Execution Region RW_IRAM1 (Exec base: 0x20000000, Load base: 0x0800733c, Size: 0x00003ad8, Max: 0x00005000, ABSOLUTE)

    Exec Addr    Load Addr    Size         Type   Attr      Idx    E Section Name        Object

    0x20000000   0x0800733c   0x00000020   Data   RW           10    .data               heap_4.o
    0x20000020   0x0800735c   0x0000000c   Data   RW          105    .data               port.o
    0x2000002c   0x08007368   0x00000014   Data   RW          193    .data               system_stm32f10x.o
    0x20000040   0x0800737c   0x00000014   Data   RW         2126    .data               stm32f10x_rcc.o
    0x20000054   0x08007390   0x00000004   Data   RW         3588    .data               main.o
    0x20000058   0x08007394   0x00000008   Data   RW         3828    .data               ssd1306.o
    0x20000060   0x0800739c   0x00000004   Data   RW         4112    .data               bsp_dwt.o
    0x20000064   0x080073a0   0x00000004   Data   RW         4154    .data               driver_pin_mcu.o
    0x20000068   0x080073a4   0x00000004   Data   RW         4351    .data               driver_bus_iic.o
    0x2000006c   0x080073a8   0x0000003c   Data   RW         5195    .data               tasks.o
    0x200000a8   0x080073e4   0x00000014   Data   RW         5560    .data               timers.o
    0x200000bc   0x080073f8   0x00000004   Data   RW         5795    .data               cmsis_os2.o
    0x200000c0   0x080073fc   0x0000000c   Data   RW         6279    .data               elab_device.o
    0x200000cc   0x08007408   0x00000024   Data   RW         6400    .data               elab_device_null.o
    0x200000f0   0x0800742c   0x00000004   Data   RW         6435    .data               elab_pin.o
    0x200000f4   0x08007430   0x00000004   Data   RW         6487    .data               elab_i2c.o
    0x200000f8   0x08007434   0x00000004   Data   RW         6541    .data               elab_led.o
    0x200000fc   0x08007438   0x00000019   Data   RW         6670    .data               elab_export.o
    0x20000115   0x08007451   0x00000003   PAD
    0x20000118   0x08007454   0x00000004   Data   RW         7117    .data               mc_w.l(stdout.o)
    0x2000011c   0x08007458   0x00000004   Data   RW         7128    .data               mc_w.l(mvars.o)
    0x20000120   0x0800745c   0x00000004   Data   RW         7129    .data               mc_w.l(mvars.o)
    0x20000124        -       0x00002000   Zero   RW            9    .bss                heap_4.o
    0x20002124        -       0x00000400   Zero   RW         3824    .bss                ssd1306.o
    0x20002524        -       0x00000060   Zero   RW         4453    .bss                device_export.o
    0x20002584        -       0x0000003c   Zero   RW         4491    .bss                pin_export.o
    0x200025c0        -       0x00000030   Zero   RW         4521    .bss                bus_export.o
    0x200025f0        -       0x00000040   Zero   RW         4765    .bss                queue.o
    0x20002630        -       0x000004c4   Zero   RW         5194    .bss                tasks.o
    0x20002af4        -       0x00000118   Zero   RW         5559    .bss                timers.o
    0x20002c0c        -       0x000006c8   Zero   RW         5794    .bss                cmsis_os2.o
    0x200032d4        -       0x00000100   Zero   RW         6276    .bss                elab_device.o
    0x200033d4        -       0x00000100   Zero   RW         6719    .bss                elab_log.o
    0x200034d4   0x08007460   0x00000004   PAD
    0x200034d8        -       0x00000200   Zero   RW          180    HEAP                startup_stm32f10x_md.o
    0x200036d8        -       0x00000400   Zero   RW          179    STACK               startup_stm32f10x_md.o


==============================================================================

Image component sizes


      Code (inc. data)   RO Data    RW Data    ZI Data      Debug   Object Name

       100         30          0          4          0       1224   bsp_dwt.o
        60          6          0          0          0        546   bsp_key.o
       164         12          0          0          0       2955   bsp_usart.o
        24         12         39          0         48       1311   bus_export.o
      1514         56          0          4       1736      69748   cmsis_os2.o
         0          0          0          0          0       4924   croutine.o
        88         44         58          0         96      10429   device_export.o
       944        106         18          4          0       9866   driver_bus_iic.o
       256         84          0          0          0       3977   driver_pin_dt.o
      1008        242        114          4          0      14439   driver_pin_mcu.o
       148         88          0          0          0       1233   elab_assert.o
        34          0          0          0          0       1725   elab_common.o
       788        212         38         12        256      11434   elab_device.o
        62         20         63         36          0       5310   elab_device_null.o
       770        120        144         25          0       5717   elab_export.o
      1188        406         74          4          0       5388   elab_i2c.o
       754        178         62          4          0       7150   elab_led.o
        66          4          4          0          0       2884   elab_led_pin.o
       136         50         65          0        256       1819   elab_log.o
       380         80         16          4          0       6374   elab_pin.o
         0          0          0          0          0      17008   event_groups.o
       724         74          0         32       8192      16059   heap_4.o
       148          0          0          0          0       3662   list.o
       100         28        133          4          0      12843   main.o
         0          0       2374          0          0       1366   oled_data.o
        20          8         82          0         60       2033   pin_export.o
       854         78          0         12          0      10789   port.o
      3444         30          0          0         64      30192   queue.o
      1802        158         81          8       1024      21698   ssd1306.o
        36          8        236          0       1536        860   startup_stm32f10x_md.o
       304          0          0          0          0       3952   stm32f10x_gpio.o
        20          0          0          0          0       2825   stm32f10x_it.o
       244         26          0         20          0       4133   stm32f10x_rcc.o
       274          6          0          0          0       4308   stm32f10x_usart.o
       328         28          0         20          0     227629   system_stm32f10x.o
      3320        390          0         60       1220      30722   tasks.o
      1620        124          0         20        280      34415   timers.o

    ----------------------------------------------------------------------
     21756       2708       3660        280      14772     592947   Object Totals
         0          0         32          0          0          0   (incl. Generated)
        34          0         27          3          4          0   (incl. Padding)

    ----------------------------------------------------------------------

      Code (inc. data)   RO Data    RW Data    ZI Data      Debug   Library Member Name

         0          0          0          0          0          0   entry.o
         0          0          0          0          0          0   entry10a.o
         0          0          0          0          0          0   entry11a.o
         4          0          0          0          0          0   entry12b.o
         8          4          0          0          0          0   entry2.o
         4          0          0          0          0          0   entry5.o
         0          0          0          0          0          0   entry7b.o
         0          0          0          0          0          0   entry8b.o
         8          4          0          0          0          0   entry9a.o
        30          0          0          0          0          0   handlers.o
        36          8          0          0          0         68   init.o
         0          0          0          0          0          0   iusefp.o
        30          0          0          0          0         68   llshl.o
        36          0          0          0          0         68   llsshr.o
        32          0          0          0          0         68   llushr.o
       188         20          0          0          0        160   malloc.o
        26          0          0          0          0         80   memcmp.o
        36          0          0          0          0         68   memcpya.o
        36          0          0          0          0        108   memseta.o
         0          0          0          8          0          0   mvars.o
      2292         96          0          0          0        612   printfa.o
         0          0          0          4          0          0   stdout.o
        28          0          0          0          0         76   strcmp.o
        44          0          0          0          0         80   uidiv.o
        98          0          0          0          0         92   uldiv.o
        48          0          0          0          0         68   cdrcmple.o
       334          0          0          0          0        148   dadd.o
       222          0          0          0          0        100   ddiv.o
       186          0          0          0          0        176   depilogue.o
        50          0          0          0          0         76   dfixui.o
        48          0          0          0          0         68   dfixul.o
        26          0          0          0          0         76   dfltui.o
       228          0          0          0          0         96   dmul.o

    ----------------------------------------------------------------------
      4084        132          0         12          0       2356   Library Totals
         6          0          0          0          0          0   (incl. Padding)

    ----------------------------------------------------------------------

      Code (inc. data)   RO Data    RW Data    ZI Data      Debug   Library Name

      2936        132          0         12          0       1548   mc_w.l
      1142          0          0          0          0        808   mf_w.l

    ----------------------------------------------------------------------
      4084        132          0         12          0       2356   Library Totals

    ----------------------------------------------------------------------

==============================================================================


      Code (inc. data)   RO Data    RW Data    ZI Data      Debug   

     25840       2840       3660        292      14772     583027   Grand Totals
     25840       2840       3660        292      14772     583027   ELF Image Totals
     25840       2840       3660        292          0          0   ROM Totals

==============================================================================

    Total RO  Size (Code + RO Data)                29500 (  28.81kB)
    Total RW  Size (RW Data + ZI Data)             15064 (  14.71kB)
    Total ROM Size (Code + RO Data + RW Data)      29792 (  29.09kB)

==============================================================================

