Component: ARM Compiler 5.06 update 7 (build 960) Tool: armlink [4d3601]

==============================================================================

Section Cross References

    heap_4.o(i.prvHeapInit) refers to heap_4.o(.bss) for ucHeap
    heap_4.o(i.prvHeapInit) refers to heap_4.o(.data) for xStart
    heap_4.o(i.prvInsertBlockIntoFreeList) refers to heap_4.o(.data) for xStart
    heap_4.o(i.pvPortMalloc) refers to tasks.o(i.vTaskSuspendAll) for vTaskSuspendAll
    heap_4.o(i.pvPortMalloc) refers to heap_4.o(i.prvHeapInit) for prvHeapInit
    heap_4.o(i.pvPortMalloc) refers to heap_4.o(i.prvInsertBlockIntoFreeList) for prvInsertBlockIntoFreeList
    heap_4.o(i.pvPortMalloc) refers to tasks.o(i.xTaskResumeAll) for xTaskResumeAll
    heap_4.o(i.pvPortMalloc) refers to heap_4.o(.data) for pxEnd
    heap_4.o(i.vPortFree) refers to tasks.o(i.vTaskSuspendAll) for vTaskSuspendAll
    heap_4.o(i.vPortFree) refers to heap_4.o(i.prvInsertBlockIntoFreeList) for prvInsertBlockIntoFreeList
    heap_4.o(i.vPortFree) refers to tasks.o(i.xTaskResumeAll) for xTaskResumeAll
    heap_4.o(i.vPortFree) refers to heap_4.o(.data) for xBlockAllocatedBit
    heap_4.o(i.vPortGetHeapStats) refers to tasks.o(i.vTaskSuspendAll) for vTaskSuspendAll
    heap_4.o(i.vPortGetHeapStats) refers to tasks.o(i.xTaskResumeAll) for xTaskResumeAll
    heap_4.o(i.vPortGetHeapStats) refers to port.o(i.vPortEnterCritical) for vPortEnterCritical
    heap_4.o(i.vPortGetHeapStats) refers to port.o(i.vPortExitCritical) for vPortExitCritical
    heap_4.o(i.vPortGetHeapStats) refers to heap_4.o(.data) for xStart
    heap_4.o(i.xPortGetFreeHeapSize) refers to heap_4.o(.data) for xFreeBytesRemaining
    heap_4.o(i.xPortGetMinimumEverFreeHeapSize) refers to heap_4.o(.data) for xMinimumEverFreeBytesRemaining
    port.o(.emb_text) refers to tasks.o(i.vTaskSwitchContext) for vTaskSwitchContext
    port.o(.emb_text) refers to tasks.o(.data) for pxCurrentTCB
    port.o(i.prvTaskExitError) refers to port.o(.data) for uxCriticalNesting
    port.o(i.pxPortInitialiseStack) refers to port.o(i.prvTaskExitError) for prvTaskExitError
    port.o(i.vPortEndScheduler) refers to port.o(.data) for uxCriticalNesting
    port.o(i.vPortEnterCritical) refers to port.o(.data) for uxCriticalNesting
    port.o(i.vPortExitCritical) refers to port.o(.data) for uxCriticalNesting
    port.o(i.vPortSetupTimerInterrupt) refers to system_stm32f10x.o(.data) for SystemCoreClock
    port.o(i.vPortValidateInterruptPriority) refers to port.o(.emb_text) for vPortGetIPSR
    port.o(i.vPortValidateInterruptPriority) refers to port.o(.data) for ucMaxSysCallPriority
    port.o(i.xPortStartScheduler) refers to port.o(i.vPortSetupTimerInterrupt) for vPortSetupTimerInterrupt
    port.o(i.xPortStartScheduler) refers to port.o(.emb_text) for __asm___6_port_c_39a90d8d__prvStartFirstTask
    port.o(i.xPortStartScheduler) refers to port.o(.data) for ucMaxSysCallPriority
    port.o(i.xPortSysTickHandler) refers to tasks.o(i.xTaskIncrementTick) for xTaskIncrementTick
    startup_stm32f10x_md.o(RESET) refers to startup_stm32f10x_md.o(STACK) for __initial_sp
    startup_stm32f10x_md.o(RESET) refers to startup_stm32f10x_md.o(.text) for Reset_Handler
    startup_stm32f10x_md.o(RESET) refers to stm32f10x_it.o(i.NMI_Handler) for NMI_Handler
    startup_stm32f10x_md.o(RESET) refers to stm32f10x_it.o(i.HardFault_Handler) for HardFault_Handler
    startup_stm32f10x_md.o(RESET) refers to stm32f10x_it.o(i.MemManage_Handler) for MemManage_Handler
    startup_stm32f10x_md.o(RESET) refers to stm32f10x_it.o(i.BusFault_Handler) for BusFault_Handler
    startup_stm32f10x_md.o(RESET) refers to stm32f10x_it.o(i.UsageFault_Handler) for UsageFault_Handler
    startup_stm32f10x_md.o(RESET) refers to port.o(.emb_text) for SVC_Handler
    startup_stm32f10x_md.o(RESET) refers to stm32f10x_it.o(i.DebugMon_Handler) for DebugMon_Handler
    startup_stm32f10x_md.o(RESET) refers to cmsis_os2.o(i.SysTick_Handler) for SysTick_Handler
    startup_stm32f10x_md.o(.text) refers to system_stm32f10x.o(i.SystemInit) for SystemInit
    startup_stm32f10x_md.o(.text) refers to entry.o(.ARM.Collect$$$$00000000) for __main
    system_stm32f10x.o(i.SetSysClock) refers to system_stm32f10x.o(i.SetSysClockTo72) for SetSysClockTo72
    system_stm32f10x.o(i.SystemCoreClockUpdate) refers to system_stm32f10x.o(.data) for SystemCoreClock
    system_stm32f10x.o(i.SystemInit) refers to system_stm32f10x.o(i.SetSysClock) for SetSysClock
    stm32f10x_adc.o(i.ADC_DeInit) refers to stm32f10x_rcc.o(i.RCC_APB2PeriphResetCmd) for RCC_APB2PeriphResetCmd
    stm32f10x_bkp.o(i.BKP_DeInit) refers to stm32f10x_rcc.o(i.RCC_BackupResetCmd) for RCC_BackupResetCmd
    stm32f10x_can.o(i.CAN_DeInit) refers to stm32f10x_rcc.o(i.RCC_APB1PeriphResetCmd) for RCC_APB1PeriphResetCmd
    stm32f10x_can.o(i.CAN_GetITStatus) refers to stm32f10x_can.o(i.CheckITStatus) for CheckITStatus
[...]
    i.osKernelStart                          0x08002834   Section        0  cmsis_os2.o(i.osKernelStart)
    i.osMutexAcquire                         0x08002894   Section        0  cmsis_os2.o(i.osMutexAcquire)
    i.osMutexNew                             0x080028f6   Section        0  cmsis_os2.o(i.osMutexNew)
    i.osMutexRelease                         0x080029a8   Section        0  cmsis_os2.o(i.osMutexRelease)
    i.osThreadNew                            0x080029f6   Section        0  cmsis_os2.o(i.osThreadNew)
    i.osTimerNew                             0x08002ab0   Section        0  cmsis_os2.o(i.osTimerNew)
    i.osTimerStart                           0x08002b6c   Section        0  cmsis_os2.o(i.osTimerStart)
    i.prvAddCurrentTaskToDelayedList         0x08002ba8   Section        0  tasks.o(i.prvAddCurrentTaskToDelayedList)
    prvAddCurrentTaskToDelayedList           0x08002ba9   Thumb Code   100  tasks.o(i.prvAddCurrentTaskToDelayedList)
    i.prvAddNewTaskToReadyList               0x08002c24   Section        0  tasks.o(i.prvAddNewTaskToReadyList)
    prvAddNewTaskToReadyList                 0x08002c25   Thumb Code   154  tasks.o(i.prvAddNewTaskToReadyList)
    i.prvCheckForValidListAndQueue           0x08002cdc   Section        0  timers.o(i.prvCheckForValidListAndQueue)
    prvCheckForValidListAndQueue             0x08002cdd   Thumb Code    78  timers.o(i.prvCheckForValidListAndQueue)
    i.prvCheckTasksWaitingTermination        0x08002d50   Section        0  tasks.o(i.prvCheckTasksWaitingTermination)
    prvCheckTasksWaitingTermination          0x08002d51   Thumb Code    60  tasks.o(i.prvCheckTasksWaitingTermination)
    i.prvCopyDataFromQueue                   0x08002d98   Section        0  queue.o(i.prvCopyDataFromQueue)
    prvCopyDataFromQueue                     0x08002d99   Thumb Code    42  queue.o(i.prvCopyDataFromQueue)
    i.prvCopyDataToQueue                     0x08002dc2   Section        0  queue.o(i.prvCopyDataToQueue)
    prvCopyDataToQueue                       0x08002dc3   Thumb Code   126  queue.o(i.prvCopyDataToQueue)
    i.prvDeleteTCB                           0x08002e40   Section        0  tasks.o(i.prvDeleteTCB)
    prvDeleteTCB                             0x08002e41   Thumb Code    80  tasks.o(i.prvDeleteTCB)
    i.prvGetDisinheritPriorityAfterTimeout   0x08002e90   Section        0  queue.o(i.prvGetDisinheritPriorityAfterTimeout)
    prvGetDisinheritPriorityAfterTimeout     0x08002e91   Thumb Code    20  queue.o(i.prvGetDisinheritPriorityAfterTimeout)
    i.prvGetNextExpireTime                   0x08002ea4   Section        0  timers.o(i.prvGetNextExpireTime)
    prvGetNextExpireTime                     0x08002ea5   Thumb Code    36  timers.o(i.prvGetNextExpireTime)
    i.prvHeapInit                            0x08002ecc   Section        0  heap_4.o(i.prvHeapInit)
    prvHeapInit                              0x08002ecd   Thumb Code    98  heap_4.o(i.prvHeapInit)
    i.prvIdleTask                            0x08002f48   Section        0  tasks.o(i.prvIdleTask)
    prvIdleTask                              0x08002f49   Thumb Code    32  tasks.o(i.prvIdleTask)
    i.prvInitialiseMutex                     0x08002f70   Section        0  queue.o(i.prvInitialiseMutex)
    prvInitialiseMutex                       0x08002f71   Thumb Code    30  queue.o(i.prvInitialiseMutex)
    i.prvInitialiseNewQueue                  0x08002f8e   Section        0  queue.o(i.prvInitialiseNewQueue)
    prvInitialiseNewQueue                    0x08002f8f   Thumb Code    42  queue.o(i.prvInitialiseNewQueue)
    i.prvInitialiseNewTask                   0x08002fb8   Section        0  tasks.o(i.prvInitialiseNewTask)
    prvInitialiseNewTask                     0x08002fb9   Thumb Code   210  tasks.o(i.prvInitialiseNewTask)
    i.prvInitialiseNewTimer                  0x0800308a   Section        0  timers.o(i.prvInitialiseNewTimer)
    prvInitialiseNewTimer                    0x0800308b   Thumb Code    90  timers.o(i.prvInitialiseNewTimer)
    i.prvInitialiseTaskLists                 0x080030e4   Section        0  tasks.o(i.prvInitialiseTaskLists)
    prvInitialiseTaskLists                   0x080030e5   Thumb Code    70  tasks.o(i.prvInitialiseTaskLists)
    i.prvInsertBlockIntoFreeList             0x0800314c   Section        0  heap_4.o(i.prvInsertBlockIntoFreeList)
    prvInsertBlockIntoFreeList               0x0800314d   Thumb Code    96  heap_4.o(i.prvInsertBlockIntoFreeList)
    i.prvInsertTimerInActiveList             0x080031b4   Section        0  timers.o(i.prvInsertTimerInActiveList)
    prvInsertTimerInActiveList               0x080031b5   Thumb Code    80  timers.o(i.prvInsertTimerInActiveList)
    i.prvIsQueueEmpty                        0x0800320c   Section        0  queue.o(i.prvIsQueueEmpty)
    prvIsQueueEmpty                          0x0800320d   Thumb Code    26  queue.o(i.prvIsQueueEmpty)
    i.prvIsQueueFull                         0x08003226   Section        0  queue.o(i.prvIsQueueFull)
    prvIsQueueFull                           0x08003227   Thumb Code    30  queue.o(i.prvIsQueueFull)
    i.prvProcessExpiredTimer                 0x08003244   Section        0  timers.o(i.prvProcessExpiredTimer)
    prvProcessExpiredTimer                   0x08003245   Thumb Code   110  timers.o(i.prvProcessExpiredTimer)
    i.prvProcessReceivedCommands             0x080032b8   Section        0  timers.o(i.prvProcessReceivedCommands)
    prvProcessReceivedCommands               0x080032b9   Thumb Code   350  timers.o(i.prvProcessReceivedCommands)
    i.prvProcessTimerOrBlockTask             0x0800341c   Section        0  timers.o(i.prvProcessTimerOrBlockTask)
    prvProcessTimerOrBlockTask               0x0800341d   Thumb Code   102  timers.o(i.prvProcessTimerOrBlockTask)
    i.prvResetNextTaskUnblockTime            0x08003490   Section        0  tasks.o(i.prvResetNextTaskUnblockTime)
    prvResetNextTaskUnblockTime              0x08003491   Thumb Code    42  tasks.o(i.prvResetNextTaskUnblockTime)
    i.prvSampleTimeNow                       0x080034c4   Section        0  timers.o(i.prvSampleTimeNow)
    prvSampleTimeNow                         0x080034c5   Thumb Code    40  timers.o(i.prvSampleTimeNow)
    i.prvSwitchTimerLists                    0x080034f0   Section        0  timers.o(i.prvSwitchTimerLists)
    prvSwitchTimerLists                      0x080034f1   Thumb Code   154  timers.o(i.prvSwitchTimerLists)
    i.prvTaskExitError                       0x08003594   Section        0  port.o(i.prvTaskExitError)
    prvTaskExitError                         0x08003595   Thumb Code    60  port.o(i.prvTaskExitError)
    i.prvTimerTask                           0x080035d4   Section        0  timers.o(i.prvTimerTask)
    prvTimerTask                             0x080035d5   Thumb Code    26  timers.o(i.prvTimerTask)
    i.prvUnlockQueue                         0x080035ee   Section        0  queue.o(i.prvUnlockQueue)
    prvUnlockQueue                           0x080035ef   Thumb Code   126  queue.o(i.prvUnlockQueue)
    i.pvPortMalloc                           0x0800366c   Section        0  heap_4.o(i.pvPortMalloc)
    i.pvTaskIncrementMutexHeldCount          0x080037b8   Section        0  tasks.o(i.pvTaskIncrementMutexHeldCount)
    i.pvTimerGetTimerID                      0x080037d8   Section        0  timers.o(i.pvTimerGetTimerID)
    i.pxPortInitialiseStack                  0x08003804   Section        0  port.o(i.pxPortInitialiseStack)
    i.test_export                            0x08003828   Section        0  main.o(i.test_export)
    i.uart_null_init                         0x08003830   Section        0  elab_device_null.o(i.uart_null_init)
    uart_null_init                           0x08003831   Thumb Code    20  elab_device_null.o(i.uart_null_init)
    i.uxListRemove                           0x08003858   Section        0  list.o(i.uxListRemove)
    i.vApplicationGetIdleTaskMemory          0x08003880   Section        0  cmsis_os2.o(i.vApplicationGetIdleTaskMemory)
    i.vApplicationGetTimerTaskMemory         0x08003898   Section        0  cmsis_os2.o(i.vApplicationGetTimerTaskMemory)
    i.vApplicationStackOverflowHook          0x080038b0   Section        0  cmsis_os2.o(i.vApplicationStackOverflowHook)
    i.vListInitialise                        0x080038c6   Section        0  list.o(i.vListInitialise)
    i.vListInitialiseItem                    0x080038e0   Section        0  list.o(i.vListInitialiseItem)
    i.vListInsert                            0x080038e6   Section        0  list.o(i.vListInsert)
    i.vListInsertEnd                         0x0800391a   Section        0  list.o(i.vListInsertEnd)
    i.vPortEnterCritical                     0x08003934   Section        0  port.o(i.vPortEnterCritical)
    i.vPortExitCritical                      0x08003988   Section        0  port.o(i.vPortExitCritical)
    i.vPortFree                              0x080039c4   Section        0  heap_4.o(i.vPortFree)
    i.vPortSetupTimerInterrupt               0x08003a68   Section        0  port.o(i.vPortSetupTimerInterrupt)
    i.vPortValidateInterruptPriority         0x08003a90   Section        0  port.o(i.vPortValidateInterruptPriority)
    i.vQueueAddToRegistry                    0x08003b08   Section        0  queue.o(i.vQueueAddToRegistry)
    i.vQueueWaitForMessageRestricted         0x08003b34   Section        0  queue.o(i.vQueueWaitForMessageRestricted)
    i.vTaskDelay                             0x08003b80   Section        0  tasks.o(i.vTaskDelay)
    i.vTaskInternalSetTimeOutState           0x08003bdc   Section        0  tasks.o(i.vTaskInternalSetTimeOutState)
    i.vTaskMissedYield                       0x08003bf4   Section        0  tasks.o(i.vTaskMissedYield)
    i.vTaskPlaceOnEventList                  0x08003c00   Section        0  tasks.o(i.vTaskPlaceOnEventList)
    i.vTaskPlaceOnEventListRestricted        0x08003c38   Section        0  tasks.o(i.vTaskPlaceOnEventListRestricted)
    i.vTaskPriorityDisinheritAfterTimeout    0x08003c78   Section        0  tasks.o(i.vTaskPriorityDisinheritAfterTimeout)
    i.vTaskStartScheduler                    0x08003d48   Section        0  tasks.o(i.vTaskStartScheduler)
    i.vTaskSuspendAll                        0x08003e00   Section        0  tasks.o(i.vTaskSuspendAll)
    i.vTaskSwitchContext                     0x08003e10   Section        0  tasks.o(i.vTaskSwitchContext)
    i.xPortStartScheduler                    0x08003ed8   Section        0  port.o(i.xPortStartScheduler)
    i.xPortSysTickHandler                    0x08003fd0   Section        0  port.o(i.xPortSysTickHandler)
    i.xQueueCreateMutex                      0x08004004   Section        0  queue.o(i.xQueueCreateMutex)
    i.xQueueCreateMutexStatic                0x08004026   Section        0  queue.o(i.xQueueCreateMutexStatic)
    i.xQueueGenericCreate                    0x08004050   Section        0  queue.o(i.xQueueGenericCreate)
    i.xQueueGenericCreateStatic              0x080040aa   Section        0  queue.o(i.xQueueGenericCreateStatic)
    i.xQueueGenericReset                     0x0800418c   Section        0  queue.o(i.xQueueGenericReset)
    i.xQueueGenericSend                      0x08004224   Section        0  queue.o(i.xQueueGenericSend)
    i.xQueueGenericSendFromISR               0x080043cc   Section        0  queue.o(i.xQueueGenericSendFromISR)
    i.xQueueGiveMutexRecursive               0x080044c8   Section        0  queue.o(i.xQueueGiveMutexRecursive)
    i.xQueueReceive                          0x08004510   Section        0  queue.o(i.xQueueReceive)
    i.xQueueSemaphoreTake                    0x08004678   Section        0  queue.o(i.xQueueSemaphoreTake)
    i.xQueueTakeMutexRecursive               0x08004830   Section        0  queue.o(i.xQueueTakeMutexRecursive)
    i.xTaskCheckForTimeOut                   0x08004880   Section        0  tasks.o(i.xTaskCheckForTimeOut)
    i.xTaskCreate                            0x0800490c   Section        0  tasks.o(i.xTaskCreate)
    i.xTaskCreateStatic                      0x08004970   Section        0  tasks.o(i.xTaskCreateStatic)
    i.xTaskGetCurrentTaskHandle              0x08004a2c   Section        0  tasks.o(i.xTaskGetCurrentTaskHandle)
    i.xTaskGetSchedulerState                 0x08004a38   Section        0  tasks.o(i.xTaskGetSchedulerState)
    i.xTaskGetTickCount                      0x08004a58   Section        0  tasks.o(i.xTaskGetTickCount)
    i.xTaskGetTickCountFromISR               0x08004a64   Section        0  tasks.o(i.xTaskGetTickCountFromISR)
    i.xTaskIncrementTick                     0x08004a78   Section        0  tasks.o(i.xTaskIncrementTick)
    i.xTaskPriorityDisinherit                0x08004bbc   Section        0  tasks.o(i.xTaskPriorityDisinherit)
    i.xTaskPriorityInherit                   0x08004c60   Section        0  tasks.o(i.xTaskPriorityInherit)
    i.xTaskRemoveFromEventList               0x08004d04   Section        0  tasks.o(i.xTaskRemoveFromEventList)
    i.xTaskResumeAll                         0x08004d9c   Section        0  tasks.o(i.xTaskResumeAll)
    i.xTimerCreate                           0x08004ea0   Section        0  timers.o(i.xTimerCreate)
    i.xTimerCreateStatic                     0x08004ed6   Section        0  timers.o(i.xTimerCreateStatic)
    i.xTimerCreateTimerTask                  0x08004f48   Section        0  timers.o(i.xTimerCreateTimerTask)
    i.xTimerGenericCommand                   0x08004fc0   Section        0  timers.o(i.xTimerGenericCommand)
    .constdata                               0x08005044   Section       36  main.o(.constdata)
    thread_test                              0x08005044   Data          36  main.o(.constdata)
    .constdata                               0x08005068   Section       16  driver_pin_mcu.o(.constdata)
    pin_driver_ops                           0x08005068   Data          16  driver_pin_mcu.o(.constdata)
    .constdata                               0x08005078   Section        4  elab_led_adapter.o(.constdata)
    _pin_backend_ops                         0x08005078   Data           4  elab_led_adapter.o(.constdata)
    .constdata                               0x0800507c   Section       16  elab_device.o(.constdata)
    _mutex_attr_edf                          0x0800507c   Data          16  elab_device.o(.constdata)
    .constdata                               0x0800508c   Section       20  elab_device_null.o(.constdata)
    dev_null_ops                             0x0800508c   Data          20  elab_device_null.o(.constdata)
    .constdata                               0x080050a0   Section        8  elab_pin.o(.constdata)
    .constdata                               0x080050a8   Section       44  elab_led.o(.constdata)
    _led_ops                                 0x080050a8   Data          20  elab_led.o(.constdata)
    timer_attr_led                           0x080050bc   Data          16  elab_led.o(.constdata)
    .constdata                               0x080050d4   Section       36  elab_export.o(.constdata)
    thread_attr_export_poll                  0x080050d4   Data          36  elab_export.o(.constdata)
    .constdata                               0x080050f8   Section       25  elab_log.o(.constdata)
    elog_color_table                         0x080050f8   Data          20  elab_log.o(.constdata)
    elog_level_label                         0x0800510c   Data           5  elab_log.o(.constdata)
    .constdata                               0x08005111   Section      129  ctype_o.o(.constdata)
    .constdata                               0x08005194   Section        4  ctype_o.o(.constdata)
    table                                    0x08005194   Data           4  ctype_o.o(.constdata)
    .conststring                             0x08005198   Section       17  main.o(.conststring)
    .conststring                             0x080051ac   Section       10  driver_pin_mcu.o(.conststring)
    .conststring                             0x080051b8   Section       22  elab_device.o(.conststring)
    .conststring                             0x080051d0   Section        8  elab_pin.o(.conststring)
    .conststring                             0x080051d8   Section       18  elab_led.o(.conststring)
    .conststring                             0x080051ec   Section       27  elab_export.o(.conststring)
    .conststring                             0x08005208   Section       40  elab_log.o(.conststring)
    .conststrlit                             0x08005230   Section       24  main.o(.conststrlit)
    .conststrlit                             0x08005248   Section       22  device_export.o(.conststrlit)
    .conststrlit                             0x08005260   Section       22  pin_export.o(.conststrlit)
    .conststrlit                             0x08005278   Section       15  elab_device_null.o(.conststrlit)
    .conststrlit                             0x08005288   Section       25  elab_export.o(.conststrlit)
    elab_export                              0x080052c4   Section       56  main.o(elab_export)
    __tagsym$$used                           0x080052c4   Number         0  main.o(elab_export)
    __tagsym$$used                           0x080052e0   Number         0  main.o(elab_export)
    elab_export                              0x080052fc   Section       28  device_export.o(elab_export)
    __tagsym$$used                           0x080052fc   Number         0  device_export.o(elab_export)
    elab_export                              0x08005318   Section       28  pin_export.o(elab_export)
    __tagsym$$used                           0x08005318   Number         0  pin_export.o(elab_export)
    elab_export                              0x08005334   Section       28  elab_device_null.o(elab_export)
    __tagsym$$used                           0x08005334   Number         0  elab_device_null.o(elab_export)
    elab_export                              0x08005350   Section       28  elab_export.o(elab_export)
    __tagsym$$used                           0x08005350   Number         0  elab_export.o(elab_export)
    expoll                                   0x0800536c   Section       28  elab_export.o(expoll)
    __tagsym$$used                           0x0800536c   Number         0  elab_export.o(expoll)
    .data                                    0x20000000   Section       32  heap_4.o(.data)
    xStart                                   0x20000000   Data           8  heap_4.o(.data)
    pxEnd                                    0x20000008   Data           4  heap_4.o(.data)
    xFreeBytesRemaining                      0x2000000c   Data           4  heap_4.o(.data)
    xMinimumEverFreeBytesRemaining           0x20000010   Data           4  heap_4.o(.data)
    xNumberOfSuccessfulAllocations           0x20000014   Data           4  heap_4.o(.data)
    xNumberOfSuccessfulFrees                 0x20000018   Data           4  heap_4.o(.data)
    xBlockAllocatedBit                       0x2000001c   Data           4  heap_4.o(.data)
    .data                                    0x20000020   Section       12  port.o(.data)
    uxCriticalNesting                        0x20000020   Data           4  port.o(.data)
    ucMaxSysCallPriority                     0x20000024   Data           1  port.o(.data)
    ulMaxPRIGROUPValue                       0x20000028   Data           4  port.o(.data)
    .data                                    0x2000002c   Section       20  system_stm32f10x.o(.data)
    .data                                    0x20000040   Section       20  stm32f10x_rcc.o(.data)
    APBAHBPrescTable                         0x20000040   Data          16  stm32f10x_rcc.o(.data)
    ADCPrescTable                            0x20000050   Data           4  stm32f10x_rcc.o(.data)
    .data                                    0x20000054   Section        4  main.o(.data)
    TAG                                      0x20000054   Data           4  main.o(.data)
    .data                                    0x20000058   Section        4  bsp_dwt.o(.data)
    us_factor                                0x20000058   Data           4  bsp_dwt.o(.data)
    .data                                    0x2000005c   Section        4  driver_pin_mcu.o(.data)
    TAG                                      0x2000005c   Data           4  driver_pin_mcu.o(.data)
    .data                                    0x20000060   Section       24  drv_util.o(.data)
    port_table                               0x20000060   Data          24  drv_util.o(.data)
    .data                                    0x20000078   Section       60  tasks.o(.data)
    pxDelayedTaskList                        0x2000007c   Data           4  tasks.o(.data)
    pxOverflowDelayedTaskList                0x20000080   Data           4  tasks.o(.data)
    uxDeletedTasksWaitingCleanUp             0x20000084   Data           4  tasks.o(.data)
    uxCurrentNumberOfTasks                   0x20000088   Data           4  tasks.o(.data)
    xTickCount                               0x2000008c   Data           4  tasks.o(.data)
    uxTopReadyPriority                       0x20000090   Data           4  tasks.o(.data)
    xSchedulerRunning                        0x20000094   Data           4  tasks.o(.data)
    xPendedTicks                             0x20000098   Data           4  tasks.o(.data)
    xYieldPending                            0x2000009c   Data           4  tasks.o(.data)
    xNumOfOverflows                          0x200000a0   Data           4  tasks.o(.data)
    uxTaskNumber                             0x200000a4   Data           4  tasks.o(.data)
    xNextTaskUnblockTime                     0x200000a8   Data           4  tasks.o(.data)
    xIdleTaskHandle                          0x200000ac   Data           4  tasks.o(.data)
    uxSchedulerSuspended                     0x200000b0   Data           4  tasks.o(.data)
    .data                                    0x200000b4   Section       20  timers.o(.data)
    pxCurrentTimerList                       0x200000b4   Data           4  timers.o(.data)
    pxOverflowTimerList                      0x200000b8   Data           4  timers.o(.data)
    xTimerQueue                              0x200000bc   Data           4  timers.o(.data)
    xTimerTaskHandle                         0x200000c0   Data           4  timers.o(.data)
    xLastTime                                0x200000c4   Data           4  timers.o(.data)
    .data                                    0x200000c8   Section        4  cmsis_os2.o(.data)
    KernelState                              0x200000c8   Data           4  cmsis_os2.o(.data)
    .data                                    0x200000cc   Section       12  elab_device.o(.data)
    TAG                                      0x200000cc   Data           4  elab_device.o(.data)
    _edf_device_count                        0x200000d0   Data           4  elab_device.o(.data)
    _mutex_edf                               0x200000d4   Data           4  elab_device.o(.data)
    .data                                    0x200000d8   Section       36  elab_device_null.o(.data)
    dev_uart_null                            0x200000d8   Data          28  elab_device_null.o(.data)
    dev_attr                                 0x200000f4   Data           8  elab_device_null.o(.data)
    .data                                    0x200000fc   Section        4  elab_pin.o(.data)
    TAG                                      0x200000fc   Data           4  elab_pin.o(.data)
    .data                                    0x20000100   Section        4  elab_led.o(.data)
    TAG                                      0x20000100   Data           4  elab_led.o(.data)
    .data                                    0x20000104   Section       25  elab_export.o(.data)
    TAG                                      0x20000104   Data           4  elab_export.o(.data)
    poll_module_null_init_data               0x20000108   Data           4  elab_export.o(.data)
    export_init_table                        0x2000010c   Data           4  elab_export.o(.data)
    count_export_init                        0x20000110   Data           4  elab_export.o(.data)
    export_poll_table                        0x20000114   Data           4  elab_export.o(.data)
    count_export_poll                        0x20000118   Data           4  elab_export.o(.data)
    export_level_max                         0x2000011c   Data           1  elab_export.o(.data)
    .data                                    0x20000120   Section        4  stdout.o(.data)
    .data                                    0x20000124   Section        4  errno.o(.data)
    _errno                                   0x20000124   Data           4  errno.o(.data)
    .bss                                     0x20000128   Section     8192  heap_4.o(.bss)
    ucHeap                                   0x20000128   Data        8192  heap_4.o(.bss)
    .bss                                     0x20002128   Section       56  device_export.o(.bss)
    led_run                                  0x20002128   Data          56  device_export.o(.bss)
    .bss                                     0x20002160   Section       40  pin_export.o(.bss)
    led_run_pin                              0x20002160   Data          40  pin_export.o(.bss)
    .bss                                     0x20002188   Section       64  queue.o(.bss)
    .bss                                     0x200021c8   Section     1220  tasks.o(.bss)
    pxReadyTasksLists                        0x200021c8   Data        1120  tasks.o(.bss)
    xDelayedTaskList1                        0x20002628   Data          20  tasks.o(.bss)
    xDelayedTaskList2                        0x2000263c   Data          20  tasks.o(.bss)
    xPendingReadyList                        0x20002650   Data          20  tasks.o(.bss)
    xTasksWaitingTermination                 0x20002664   Data          20  tasks.o(.bss)
    xSuspendedTaskList                       0x20002678   Data          20  tasks.o(.bss)
    .bss                                     0x2000268c   Section      280  timers.o(.bss)
    xActiveTimerList1                        0x2000268c   Data          20  timers.o(.bss)
    xActiveTimerList2                        0x200026a0   Data          20  timers.o(.bss)
    xStaticTimerQueue                        0x200026b4   Data          80  timers.o(.bss)
    ucStaticTimerQueueStorage                0x20002704   Data         160  timers.o(.bss)
    .bss                                     0x200027a4   Section     1736  cmsis_os2.o(.bss)
    Idle_TCB                                 0x200027a4   Data         100  cmsis_os2.o(.bss)
    Idle_Stack                               0x20002808   Data         512  cmsis_os2.o(.bss)
    Timer_TCB                                0x20002a08   Data         100  cmsis_os2.o(.bss)
    Timer_Stack                              0x20002a6c   Data        1024  cmsis_os2.o(.bss)
    .bss                                     0x20002e6c   Section      256  elab_device.o(.bss)
    _edf_table                               0x20002e6c   Data         256  elab_device.o(.bss)
    .bss                                     0x20002f6c   Section      256  elab_log.o(.bss)
    _buff                                    0x20002f6c   Data         256  elab_log.o(.bss)
    STACK                                    0x20003070   Section     1024  startup_stm32f10x_md.o(STACK)

    Global Symbols

    Symbol Name                              Value     Ov Type        Size  Object(Section)

    BuildAttributes$$THM_ISAv4$P$D$K$B$S$PE$A:L22UL41UL21$X:L11$S22US41US21$IEEE1$IW$USESV6$~STKCKD$USESV7$~SHL$OSPACE$ROPI$EBA8$MICROLIB$REQ8$PRES8$EABIv2 0x00000000   Number         0  anon$$obj.o ABSOLUTE
    __ARM_use_no_argv                        0x00000000   Number         0  main.o ABSOLUTE
    _printf_a                                0x00000000   Number         0  stubs.o ABSOLUTE
    _printf_c                                0x00000000   Number         0  stubs.o ABSOLUTE
    _printf_charcount                        0x00000000   Number         0  stubs.o ABSOLUTE
    _printf_d                                0x00000000   Number         0  stubs.o ABSOLUTE
    _printf_e                                0x00000000   Number         0  stubs.o ABSOLUTE
    _printf_f                                0x00000000   Number         0  stubs.o ABSOLUTE
    _printf_flags                            0x00000000   Number         0  stubs.o ABSOLUTE
    _printf_fp_dec                           0x00000000   Number         0  stubs.o ABSOLUTE
    _printf_fp_hex                           0x00000000   Number         0  stubs.o ABSOLUTE
    _printf_g                                0x00000000   Number         0  stubs.o ABSOLUTE
    _printf_i                                0x00000000   Number         0  stubs.o ABSOLUTE
    _printf_int_dec                          0x00000000   Number         0  stubs.o ABSOLUTE
    _printf_l                                0x00000000   Number         0  stubs.o ABSOLUTE
    _printf_lc                               0x00000000   Number         0  stubs.o ABSOLUTE
    _printf_ll                               0x00000000   Number         0  stubs.o ABSOLUTE
    _printf_lld                              0x00000000   Number         0  stubs.o ABSOLUTE
    _printf_lli                              0x00000000   Number         0  stubs.o ABSOLUTE
    _printf_llo                              0x00000000   Number         0  stubs.o ABSOLUTE
    _printf_llu                              0x00000000   Number         0  stubs.o ABSOLUTE
    _printf_llx                              0x00000000   Number         0  stubs.o ABSOLUTE
    _printf_longlong_dec                     0x00000000   Number         0  stubs.o ABSOLUTE
    _printf_longlong_hex                     0x00000000   Number         0  stubs.o ABSOLUTE
    _printf_longlong_oct                     0x00000000   Number         0  stubs.o ABSOLUTE
    _printf_ls                               0x00000000   Number         0  stubs.o ABSOLUTE
    _printf_mbtowc                           0x00000000   Number         0  stubs.o ABSOLUTE
    _printf_n                                0x00000000   Number         0  stubs.o ABSOLUTE
    _printf_o                                0x00000000   Number         0  stubs.o ABSOLUTE
    _printf_p                                0x00000000   Number         0  stubs.o ABSOLUTE
    _printf_percent                          0x00000000   Number         0  stubs.o ABSOLUTE
    _printf_pre_padding                      0x00000000   Number         0  stubs.o ABSOLUTE
    _printf_return_value                     0x00000000   Number         0  stubs.o ABSOLUTE
    _printf_s                                0x00000000   Number         0  stubs.o ABSOLUTE
    _printf_sizespec                         0x00000000   Number         0  stubs.o ABSOLUTE
    _printf_str                              0x00000000   Number         0  stubs.o ABSOLUTE
    _printf_truncate_signed                  0x00000000   Number         0  stubs.o ABSOLUTE
    _printf_truncate_unsigned                0x00000000   Number         0  stubs.o ABSOLUTE
    _printf_u                                0x00000000   Number         0  stubs.o ABSOLUTE
    _printf_wc                               0x00000000   Number         0  stubs.o ABSOLUTE
    _printf_wctomb                           0x00000000   Number         0  stubs.o ABSOLUTE
    _printf_widthprec                        0x00000000   Number         0  stubs.o ABSOLUTE
    _printf_x                                0x00000000   Number         0  stubs.o ABSOLUTE
    __arm_fini_                               - Undefined Weak Reference
    __cpp_initialize__aeabi_                  - Undefined Weak Reference
    __cxa_finalize                            - Undefined Weak Reference
    __decompress                              - Undefined Weak Reference
    _clock_init                               - Undefined Weak Reference
    _microlib_exit                            - Undefined Weak Reference
    __Vectors_Size                           0x000000ec   Number         0  startup_stm32f10x_md.o ABSOLUTE
    __Vectors                                0x08000000   Data           4  startup_stm32f10x_md.o(RESET)
    __Vectors_End                            0x080000ec   Data           0  startup_stm32f10x_md.o(RESET)
    __main                                   0x080000ed   Thumb Code     0  entry.o(.ARM.Collect$$$$00000000)
    _main_stk                                0x080000ed   Thumb Code     0  entry2.o(.ARM.Collect$$$$00000001)
    _main_scatterload                        0x080000f1   Thumb Code     0  entry5.o(.ARM.Collect$$$$00000004)
    __main_after_scatterload                 0x080000f5   Thumb Code     0  entry5.o(.ARM.Collect$$$$00000004)
    _main_clock                              0x080000f5   Thumb Code     0  entry7b.o(.ARM.Collect$$$$00000008)
    _main_cpp_init                           0x080000f5   Thumb Code     0  entry8b.o(.ARM.Collect$$$$0000000A)
    _main_init                               0x080000f5   Thumb Code     0  entry9a.o(.ARM.Collect$$$$0000000B)
    __rt_lib_shutdown_fini                   0x080000fd   Thumb Code     0  entry12b.o(.ARM.Collect$$$$0000000E)
    __rt_final_cpp                           0x08000101   Thumb Code     0  entry10a.o(.ARM.Collect$$$$0000000F)
    __rt_final_exit                          0x08000101   Thumb Code     0  entry11a.o(.ARM.Collect$$$$00000011)
    SVC_Handler                              0x08000105   Thumb Code    32  port.o(.emb_text)
    __asm___6_port_c_39a90d8d__prvStartFirstTask 0x08000129   Thumb Code    28  port.o(.emb_text)
    PendSV_Handler                           0x08000149   Thumb Code    72  port.o(.emb_text)
    vPortGetIPSR                             0x08000195   Thumb Code     6  port.o(.emb_text)
    Reset_Handler                            0x0800019d   Thumb Code     8  startup_stm32f10x_md.o(.text)
    ADC1_2_IRQHandler                        0x080001b7   Thumb Code     0  startup_stm32f10x_md.o(.text)
    CAN1_RX1_IRQHandler                      0x080001b7   Thumb Code     0  startup_stm32f10x_md.o(.text)
    CAN1_SCE_IRQHandler                      0x080001b7   Thumb Code     0  startup_stm32f10x_md.o(.text)
    DMA1_Channel1_IRQHandler                 0x080001b7   Thumb Code     0  startup_stm32f10x_md.o(.text)
    DMA1_Channel2_IRQHandler                 0x080001b7   Thumb Code     0  startup_stm32f10x_md.o(.text)
    DMA1_Channel3_IRQHandler                 0x080001b7   Thumb Code     0  startup_stm32f10x_md.o(.text)
    DMA1_Channel4_IRQHandler                 0x080001b7   Thumb Code     0  startup_stm32f10x_md.o(.text)
    DMA1_Channel5_IRQHandler                 0x080001b7   Thumb Code     0  startup_stm32f10x_md.o(.text)
    DMA1_Channel6_IRQHandler                 0x080001b7   Thumb Code     0  startup_stm32f10x_md.o(.text)
    DMA1_Channel7_IRQHandler                 0x080001b7   Thumb Code     0  startup_stm32f10x_md.o(.text)
    EXTI0_IRQHandler                         0x080001b7   Thumb Code     0  startup_stm32f10x_md.o(.text)
    EXTI15_10_IRQHandler                     0x080001b7   Thumb Code     0  startup_stm32f10x_md.o(.text)
    EXTI1_IRQHandler                         0x080001b7   Thumb Code     0  startup_stm32f10x_md.o(.text)
    EXTI2_IRQHandler                         0x080001b7   Thumb Code     0  startup_stm32f10x_md.o(.text)
    EXTI3_IRQHandler                         0x080001b7   Thumb Code     0  startup_stm32f10x_md.o(.text)
    EXTI4_IRQHandler                         0x080001b7   Thumb Code     0  startup_stm32f10x_md.o(.text)
    EXTI9_5_IRQHandler                       0x080001b7   Thumb Code     0  startup_stm32f10x_md.o(.text)
    FLASH_IRQHandler                         0x080001b7   Thumb Code     0  startup_stm32f10x_md.o(.text)
    I2C1_ER_IRQHandler                       0x080001b7   Thumb Code     0  startup_stm32f10x_md.o(.text)
    I2C1_EV_IRQHandler                       0x080001b7   Thumb Code     0  startup_stm32f10x_md.o(.text)
    I2C2_ER_IRQHandler                       0x080001b7   Thumb Code     0  startup_stm32f10x_md.o(.text)
    I2C2_EV_IRQHandler                       0x080001b7   Thumb Code     0  startup_stm32f10x_md.o(.text)
    PVD_IRQHandler                           0x080001b7   Thumb Code     0  startup_stm32f10x_md.o(.text)
    RCC_IRQHandler                           0x080001b7   Thumb Code     0  startup_stm32f10x_md.o(.text)
    RTCAlarm_IRQHandler                      0x080001b7   Thumb Code     0  startup_stm32f10x_md.o(.text)
    RTC_IRQHandler                           0x080001b7   Thumb Code     0  startup_stm32f10x_md.o(.text)
    SPI1_IRQHandler                          0x080001b7   Thumb Code     0  startup_stm32f10x_md.o(.text)
    SPI2_IRQHandler                          0x080001b7   Thumb Code     0  startup_stm32f10x_md.o(.text)
    TAMPER_IRQHandler                        0x080001b7   Thumb Code     0  startup_stm32f10x_md.o(.text)
    TIM1_BRK_IRQHandler                      0x080001b7   Thumb Code     0  startup_stm32f10x_md.o(.text)
    TIM1_CC_IRQHandler                       0x080001b7   Thumb Code     0  startup_stm32f10x_md.o(.text)
    TIM1_TRG_COM_IRQHandler                  0x080001b7   Thumb Code     0  startup_stm32f10x_md.o(.text)
    TIM1_UP_IRQHandler                       0x080001b7   Thumb Code     0  startup_stm32f10x_md.o(.text)
    TIM2_IRQHandler                          0x080001b7   Thumb Code     0  startup_stm32f10x_md.o(.text)
    TIM3_IRQHandler                          0x080001b7   Thumb Code     0  startup_stm32f10x_md.o(.text)
    TIM4_IRQHandler                          0x080001b7   Thumb Code     0  startup_stm32f10x_md.o(.text)
    USART1_IRQHandler                        0x080001b7   Thumb Code     0  startup_stm32f10x_md.o(.text)
    USART2_IRQHandler                        0x080001b7   Thumb Code     0  startup_stm32f10x_md.o(.text)
    USART3_IRQHandler                        0x080001b7   Thumb Code     0  startup_stm32f10x_md.o(.text)
    USBWakeUp_IRQHandler                     0x080001b7   Thumb Code     0  startup_stm32f10x_md.o(.text)
    USB_HP_CAN1_TX_IRQHandler                0x080001b7   Thumb Code     0  startup_stm32f10x_md.o(.text)
    USB_LP_CAN1_RX0_IRQHandler               0x080001b7   Thumb Code     0  startup_stm32f10x_md.o(.text)
    WWDG_IRQHandler                          0x080001b7   Thumb Code     0  startup_stm32f10x_md.o(.text)
    __aeabi_memcpy                           0x080001c1   Thumb Code    36  memcpya.o(.text)
    __aeabi_memcpy4                          0x080001c1   Thumb Code     0  memcpya.o(.text)
    __aeabi_memcpy8                          0x080001c1   Thumb Code     0  memcpya.o(.text)
    __aeabi_memset                           0x080001e5   Thumb Code    14  memseta.o(.text)
    __aeabi_memset4                          0x080001e5   Thumb Code     0  memseta.o(.text)
    __aeabi_memset8                          0x080001e5   Thumb Code     0  memseta.o(.text)
    __aeabi_memclr                           0x080001f3   Thumb Code     4  memseta.o(.text)
    __aeabi_memclr4                          0x080001f3   Thumb Code     0  memseta.o(.text)
    __aeabi_memclr8                          0x080001f3   Thumb Code     0  memseta.o(.text)
    memset                                   0x080001f7   Thumb Code    18  memseta.o(.text)
    strlen                                   0x08000209   Thumb Code    14  strlen.o(.text)
    strcmp                                   0x08000217   Thumb Code    28  strcmp.o(.text)
    atoi                                     0x08000233   Thumb Code    26  atoi.o(.text)
    __aeabi_uidiv                            0x0800024d   Thumb Code     0  uidiv.o(.text)
    __aeabi_uidivmod                         0x0800024d   Thumb Code    44  uidiv.o(.text)
    __aeabi_uldivmod                         0x08000279   Thumb Code    98  uldiv.o(.text)
    strtol                                   0x080002db   Thumb Code   112  strtol.o(.text)
    __I$use$fp                               0x0800034b   Thumb Code     0  iusefp.o(.text)
    __aeabi_dadd                             0x0800034b   Thumb Code   322  dadd.o(.text)
    __aeabi_dsub                             0x0800048d   Thumb Code     6  dadd.o(.text)
    __aeabi_drsub                            0x08000493   Thumb Code     6  dadd.o(.text)
    __aeabi_dmul                             0x08000499   Thumb Code   228  dmul.o(.text)
    __aeabi_ddiv                             0x0800057d   Thumb Code   222  ddiv.o(.text)
    __aeabi_d2ulz                            0x0800065b   Thumb Code    48  dfixul.o(.text)
    __aeabi_cdrcmple                         0x0800068d   Thumb Code    48  cdrcmple.o(.text)
    __scatterload                            0x080006bd   Thumb Code    28  init.o(.text)
    __scatterload_rt2                        0x080006bd   Thumb Code     0  init.o(.text)
    __aeabi_llsl                             0x080006e1   Thumb Code    30  llshl.o(.text)
    _ll_shift_l                              0x080006e1   Thumb Code     0  llshl.o(.text)
    __aeabi_llsr                             0x080006ff   Thumb Code    32  llushr.o(.text)
    _ll_ushift_r                             0x080006ff   Thumb Code     0  llushr.o(.text)
    __aeabi_lasr                             0x0800071f   Thumb Code    36  llsshr.o(.text)
    _ll_sshift_r                             0x0800071f   Thumb Code     0  llsshr.o(.text)
    __rt_ctype_table                         0x08000745   Thumb Code     4  ctype_o.o(.text)
    _strtoul                                 0x0800074d   Thumb Code   158  _strtoul.o(.text)
    _double_round                            0x080007eb   Thumb Code    30  depilogue.o(.text)
    _double_epilogue                         0x08000809   Thumb Code   156  depilogue.o(.text)
    _chval                                   0x080008a5   Thumb Code    28  _chval.o(.text)
    BusFault_Handler                         0x080008cd   Thumb Code     4  stm32f10x_it.o(i.BusFault_Handler)
    DWT_Delay_Init                           0x080008dd   Thumb Code    44  bsp_dwt.o(i.DWT_Delay_Init)
    DebugMon_Handler                         0x0800091d   Thumb Code     2  stm32f10x_it.o(i.DebugMon_Handler)
    GPIO_Init                                0x0800091f   Thumb Code   278  stm32f10x_gpio.o(i.GPIO_Init)
    GPIO_ReadInputDataBit                    0x08000a35   Thumb Code    18  stm32f10x_gpio.o(i.GPIO_ReadInputDataBit)
    GPIO_ResetBits                           0x08000a47   Thumb Code     4  stm32f10x_gpio.o(i.GPIO_ResetBits)
    GPIO_SetBits                             0x08000a4b   Thumb Code     4  stm32f10x_gpio.o(i.GPIO_SetBits)
    HardFault_Handler                        0x08000a4f   Thumb Code     4  stm32f10x_it.o(i.HardFault_Handler)
    Key_GPIO_Config                          0x08000a55   Thumb Code    54  bsp_key.o(i.Key_GPIO_Config)
    MemManage_Handler                        0x08000a91   Thumb Code     4  stm32f10x_it.o(i.MemManage_Handler)
    NMI_Handler                              0x08000a95   Thumb Code     2  stm32f10x_it.o(i.NMI_Handler)
    RCC_APB2PeriphClockCmd                   0x08000a99   Thumb Code    26  stm32f10x_rcc.o(i.RCC_APB2PeriphClockCmd)
    RCC_GetClocksFreq                        0x08000ab9   Thumb Code   192  stm32f10x_rcc.o(i.RCC_GetClocksFreq)
    SysTick_Handler                          0x08000c75   Thumb Code    22  cmsis_os2.o(i.SysTick_Handler)
    SystemInit                               0x08000c8d   Thumb Code    78  system_stm32f10x.o(i.SystemInit)
    USART_Cmd                                0x08000d03   Thumb Code    24  stm32f10x_usart.o(i.USART_Cmd)
    USART_Config                             0x08000d1d   Thumb Code   120  bsp_usart.o(i.USART_Config)
    USART_GetFlagStatus                      0x08000d9d   Thumb Code    26  stm32f10x_usart.o(i.USART_GetFlagStatus)
    USART_Init                               0x08000db9   Thumb Code   210  stm32f10x_usart.o(i.USART_Init)
    USART_SendData                           0x08000e91   Thumb Code     8  stm32f10x_usart.o(i.USART_SendData)
    UsageFault_Handler                       0x08000e99   Thumb Code     4  stm32f10x_it.o(i.UsageFault_Handler)
    __0printf                                0x08000e9d   Thumb Code    22  printfa.o(i.__0printf)
    __1printf                                0x08000e9d   Thumb Code     0  printfa.o(i.__0printf)
    __2printf                                0x08000e9d   Thumb Code     0  printfa.o(i.__0printf)
    __c89printf                              0x08000e9d   Thumb Code     0  printfa.o(i.__0printf)
    printf                                   0x08000e9d   Thumb Code     0  printfa.o(i.__0printf)
    __0vsnprintf                             0x08000ebd   Thumb Code    46  printfa.o(i.__0vsnprintf)
    __1vsnprintf                             0x08000ebd   Thumb Code     0  printfa.o(i.__0vsnprintf)
    __2vsnprintf                             0x08000ebd   Thumb Code     0  printfa.o(i.__0vsnprintf)
    __c89vsnprintf                           0x08000ebd   Thumb Code     0  printfa.o(i.__0vsnprintf)
    vsnprintf                                0x08000ebd   Thumb Code     0  printfa.o(i.__0vsnprintf)
    __aeabi_errno_addr                       0x08000ef1   Thumb Code     4  errno.o(i.__aeabi_errno_addr)
    __rt_errno_addr                          0x08000ef1   Thumb Code     0  errno.o(i.__aeabi_errno_addr)
    __scatterload_copy                       0x08000eff   Thumb Code    14  handlers.o(i.__scatterload_copy)
    __scatterload_null                       0x08000f0d   Thumb Code     2  handlers.o(i.__scatterload_null)
    __scatterload_zeroinit                   0x08000f0f   Thumb Code    14  handlers.o(i.__scatterload_zeroinit)
    _assert                                  0x08000f91   Thumb Code    56  elab_assert.o(i._assert)
    _elog_printf                             0x08001071   Thumb Code    86  elab_log.o(i._elog_printf)
    check_pin_name_valid                     0x08001f51   Thumb Code   100  drv_util.o(i.check_pin_name_valid)
    elab_assert_func                         0x08002015   Thumb Code     4  elab_assert.o(i.elab_assert_func)
    elab_device_find                         0x08002019   Thumb Code   206  elab_device.o(i.elab_device_find)
    elab_device_register                     0x0800212d   Thumb Code   224  elab_device.o(i.elab_device_register)
    elab_device_valid                        0x08002255   Thumb Code    20  elab_device.o(i.elab_device_valid)
    elab_driver_pin_init                     0x08002269   Thumb Code    96  driver_pin_mcu.o(i.elab_driver_pin_init)
    elab_led_register                        0x080022ed   Thumb Code    44  elab_led_adapter.o(i.elab_led_register)
    elab_led_register_with_backend           0x0800231d   Thumb Code   274  elab_led.o(i.elab_led_register_with_backend)
    elab_led_set_value                       0x080024d1   Thumb Code    88  elab_led.o(i.elab_led_set_value)
    elab_pin_register                        0x08002539   Thumb Code   152  elab_pin.o(i.elab_pin_register)
    elab_pin_set_mode                        0x08002609   Thumb Code    52  elab_pin.o(i.elab_pin_set_mode)
    elab_pin_set_status                      0x08002649   Thumb Code    96  elab_pin.o(i.elab_pin_set_status)
    elab_run                                 0x080026b5   Thumb Code    30  elab_export.o(i.elab_run)
    elab_time_ms                             0x080026dd   Thumb Code     8  elab_common.o(i.elab_time_ms)
    export_zero                              0x080026e5   Thumb Code    18  main.o(i.export_zero)
    fputc                                    0x08002709   Thumb Code    32  bsp_usart.o(i.fputc)
    get_pin_from_name                        0x0800272d   Thumb Code    22  drv_util.o(i.get_pin_from_name)
    get_port_from_name                       0x08002745   Thumb Code    14  drv_util.o(i.get_port_from_name)
    gpio_clock_enable                        0x08002759   Thumb Code    70  drv_util.o(i.gpio_clock_enable)
    main                                     0x080027ad   Thumb Code    22  main.o(i.main)
    osDelay                                  0x080027cf   Thumb Code    30  cmsis_os2.o(i.osDelay)
    osKernelGetTickCount                     0x080027ed   Thumb Code    26  cmsis_os2.o(i.osKernelGetTickCount)
    osKernelInitialize                       0x08002809   Thumb Code    38  cmsis_os2.o(i.osKernelInitialize)
    osKernelStart                            0x08002835   Thumb Code    82  cmsis_os2.o(i.osKernelStart)
    osMutexAcquire                           0x08002895   Thumb Code    98  cmsis_os2.o(i.osMutexAcquire)
    osMutexNew                               0x080028f7   Thumb Code   178  cmsis_os2.o(i.osMutexNew)
    osMutexRelease                           0x080029a9   Thumb Code    78  cmsis_os2.o(i.osMutexRelease)
    osThreadNew                              0x080029f7   Thumb Code   184  cmsis_os2.o(i.osThreadNew)
    osTimerNew                               0x08002ab1   Thumb Code   182  cmsis_os2.o(i.osTimerNew)
    osTimerStart                             0x08002b6d   Thumb Code    60  cmsis_os2.o(i.osTimerStart)
    pvPortMalloc                             0x0800366d   Thumb Code   306  heap_4.o(i.pvPortMalloc)
    pvTaskIncrementMutexHeldCount            0x080037b9   Thumb Code    26  tasks.o(i.pvTaskIncrementMutexHeldCount)
    pvTimerGetTimerID                        0x080037d9   Thumb Code    44  timers.o(i.pvTimerGetTimerID)
    pxPortInitialiseStack                    0x08003805   Thumb Code    30  port.o(i.pxPortInitialiseStack)
    test_export                              0x08003829   Thumb Code     8  main.o(i.test_export)
    uxListRemove                             0x08003859   Thumb Code    40  list.o(i.uxListRemove)
    vApplicationGetIdleTaskMemory            0x08003881   Thumb Code    14  cmsis_os2.o(i.vApplicationGetIdleTaskMemory)
    vApplicationGetTimerTaskMemory           0x08003899   Thumb Code    16  cmsis_os2.o(i.vApplicationGetTimerTaskMemory)
    vApplicationStackOverflowHook            0x080038b1   Thumb Code    22  cmsis_os2.o(i.vApplicationStackOverflowHook)
    vListInitialise                          0x080038c7   Thumb Code    26  list.o(i.vListInitialise)
    vListInitialiseItem                      0x080038e1   Thumb Code     6  list.o(i.vListInitialiseItem)
    vListInsert                              0x080038e7   Thumb Code    52  list.o(i.vListInsert)
    vListInsertEnd                           0x0800391b   Thumb Code    24  list.o(i.vListInsertEnd)
    vPortEnterCritical                       0x08003935   Thumb Code    76  port.o(i.vPortEnterCritical)
    vPortExitCritical                        0x08003989   Thumb Code    56  port.o(i.vPortExitCritical)
    vPortFree                                0x080039c5   Thumb Code   150  heap_4.o(i.vPortFree)
    vPortSetupTimerInterrupt                 0x08003a69   Thumb Code    36  port.o(i.vPortSetupTimerInterrupt)
    vPortValidateInterruptPriority           0x08003a91   Thumb Code   106  port.o(i.vPortValidateInterruptPriority)
    vQueueAddToRegistry                      0x08003b09   Thumb Code    38  queue.o(i.vQueueAddToRegistry)
    vQueueWaitForMessageRestricted           0x08003b35   Thumb Code    74  queue.o(i.vQueueWaitForMessageRestricted)
    vTaskDelay                               0x08003b81   Thumb Code    82  tasks.o(i.vTaskDelay)
    vTaskInternalSetTimeOutState             0x08003bdd   Thumb Code    14  tasks.o(i.vTaskInternalSetTimeOutState)
    vTaskMissedYield                         0x08003bf5   Thumb Code     8  tasks.o(i.vTaskMissedYield)
    vTaskPlaceOnEventList                    0x08003c01   Thumb Code    52  tasks.o(i.vTaskPlaceOnEventList)
    vTaskPlaceOnEventListRestricted          0x08003c39   Thumb Code    60  tasks.o(i.vTaskPlaceOnEventListRestricted)
    vTaskPriorityDisinheritAfterTimeout      0x08003c79   Thumb Code   194  tasks.o(i.vTaskPriorityDisinheritAfterTimeout)
    vTaskStartScheduler                      0x08003d49   Thumb Code   156  tasks.o(i.vTaskStartScheduler)
    vTaskSuspendAll                          0x08003e01   Thumb Code    12  tasks.o(i.vTaskSuspendAll)
    vTaskSwitchContext                       0x08003e11   Thumb Code   178  tasks.o(i.vTaskSwitchContext)
    xPortStartScheduler                      0x08003ed9   Thumb Code   228  port.o(i.xPortStartScheduler)
    xPortSysTickHandler                      0x08003fd1   Thumb Code    46  port.o(i.xPortSysTickHandler)
    xQueueCreateMutex                        0x08004005   Thumb Code    34  queue.o(i.xQueueCreateMutex)
    xQueueCreateMutexStatic                  0x08004027   Thumb Code    42  queue.o(i.xQueueCreateMutexStatic)
    xQueueGenericCreate                      0x08004051   Thumb Code    90  queue.o(i.xQueueGenericCreate)
    xQueueGenericCreateStatic                0x080040ab   Thumb Code   224  queue.o(i.xQueueGenericCreateStatic)
    xQueueGenericReset                       0x0800418d   Thumb Code   146  queue.o(i.xQueueGenericReset)
    xQueueGenericSend                        0x08004225   Thumb Code   420  queue.o(i.xQueueGenericSend)
    xQueueGenericSendFromISR                 0x080043cd   Thumb Code   252  queue.o(i.xQueueGenericSendFromISR)
    xQueueGiveMutexRecursive                 0x080044c9   Thumb Code    72  queue.o(i.xQueueGiveMutexRecursive)
    xQueueReceive                            0x08004511   Thumb Code   356  queue.o(i.xQueueReceive)
    xQueueSemaphoreTake                      0x08004679   Thumb Code   434  queue.o(i.xQueueSemaphoreTake)
    xQueueTakeMutexRecursive                 0x08004831   Thumb Code    78  queue.o(i.xQueueTakeMutexRecursive)
    xTaskCheckForTimeOut                     0x08004881   Thumb Code   132  tasks.o(i.xTaskCheckForTimeOut)
    xTaskCreate                              0x0800490d   Thumb Code   100  tasks.o(i.xTaskCreate)
    xTaskCreateStatic                        0x08004971   Thumb Code   186  tasks.o(i.xTaskCreateStatic)
    xTaskGetCurrentTaskHandle                0x08004a2d   Thumb Code     6  tasks.o(i.xTaskGetCurrentTaskHandle)
    xTaskGetSchedulerState                   0x08004a39   Thumb Code    24  tasks.o(i.xTaskGetSchedulerState)
    xTaskGetTickCount                        0x08004a59   Thumb Code     6  tasks.o(i.xTaskGetTickCount)
    xTaskGetTickCountFromISR                 0x08004a65   Thumb Code    16  tasks.o(i.xTaskGetTickCountFromISR)
    xTaskIncrementTick                       0x08004a79   Thumb Code   280  tasks.o(i.xTaskIncrementTick)
    xTaskPriorityDisinherit                  0x08004bbd   Thumb Code   152  tasks.o(i.xTaskPriorityDisinherit)
    xTaskPriorityInherit                     0x08004c61   Thumb Code   150  tasks.o(i.xTaskPriorityInherit)
    xTaskRemoveFromEventList                 0x08004d05   Thumb Code   126  tasks.o(i.xTaskRemoveFromEventList)
    xTaskResumeAll                           0x08004d9d   Thumb Code   222  tasks.o(i.xTaskResumeAll)
    xTimerCreate                             0x08004ea1   Thumb Code    54  timers.o(i.xTimerCreate)
    xTimerCreateStatic                       0x08004ed7   Thumb Code   114  timers.o(i.xTimerCreateStatic)
    xTimerCreateTimerTask                    0x08004f49   Thumb Code   100  timers.o(i.xTimerCreateTimerTask)
    xTimerGenericCommand                     0x08004fc1   Thumb Code   128  timers.o(i.xTimerGenericCommand)
    __ctype_table                            0x08005111   Data         129  ctype_o.o(.constdata)
    Region$$Table$$Base                      0x080052a4   Number         0  anon$$obj.o(Region$$Table)
    Region$$Table$$Limit                     0x080052c4   Number         0  anon$$obj.o(Region$$Table)
    init_export_zero                         0x080052c4   Data          28  main.o(elab_export)
    init_test_export                         0x080052e0   Data          28  main.o(elab_export)
    init_device_adapter_export               0x080052fc   Data          28  device_export.o(elab_export)
    init_driver_pin_mcu_export               0x08005318   Data          28  pin_export.o(elab_export)
    init_uart_null_init                      0x08005334   Data          28  elab_device_null.o(elab_export)
    init_module_null_init                    0x08005350   Data          28  elab_export.o(elab_export)
    poll_module_null_init                    0x0800536c   Data          28  elab_export.o(expoll)
    SystemCoreClock                          0x2000002c   Data           4  system_stm32f10x.o(.data)
    AHBPrescTable                            0x20000030   Data          16  system_stm32f10x.o(.data)
    pxCurrentTCB                             0x20000078   Data           4  tasks.o(.data)
    __stdout                                 0x20000120   Data           4  stdout.o(.data)
    xQueueRegistry                           0x20002188   Data          64  queue.o(.bss)
    __initial_sp                             0x20003470   Data           0  startup_stm32f10x_md.o(STACK)



==============================================================================

Memory Map of the image

  Image Entry point : 0x080000ed

  Load Region LR_IROM1 (Base: 0x08000000, Size: 0x000054b0, Max: 0x00010000, ABSOLUTE)

    Execution Region ER_IROM1 (Exec base: 0x08000000, Load base: 0x08000000, Size: 0x00005388, Max: 0x00010000, ABSOLUTE)

    Exec Addr    Load Addr    Size         Type   Attr      Idx    E Section Name        Object

    0x08000000   0x08000000   0x000000ec   Data   RO          181    RESET               startup_stm32f10x_md.o
    0x080000ec   0x080000ec   0x00000000   Code   RO         6362  * .ARM.Collect$$$$00000000  mc_w.l(entry.o)
    0x080000ec   0x080000ec   0x00000004   Code   RO         6670    .ARM.Collect$$$$00000001  mc_w.l(entry2.o)
    0x080000f0   0x080000f0   0x00000004   Code   RO         6673    .ARM.Collect$$$$00000004  mc_w.l(entry5.o)
    0x080000f4   0x080000f4   0x00000000   Code   RO         6675    .ARM.Collect$$$$00000008  mc_w.l(entry7b.o)
    0x080000f4   0x080000f4   0x00000000   Code   RO         6677    .ARM.Collect$$$$0000000A  mc_w.l(entry8b.o)
    0x080000f4   0x080000f4   0x00000008   Code   RO         6678    .ARM.Collect$$$$0000000B  mc_w.l(entry9a.o)
    0x080000fc   0x080000fc   0x00000004   Code   RO         6685    .ARM.Collect$$$$0000000E  mc_w.l(entry12b.o)
    0x08000100   0x08000100   0x00000000   Code   RO         6680    .ARM.Collect$$$$0000000F  mc_w.l(entry10a.o)
    0x08000100   0x08000100   0x00000000   Code   RO         6682    .ARM.Collect$$$$00000011  mc_w.l(entry11a.o)
    0x08000100   0x08000100   0x00000004   Code   RO         6671    .ARM.Collect$$$$00002712  mc_w.l(entry2.o)
    0x08000104   0x08000104   0x00000096   Code   RO           95    .emb_text           port.o
    0x0800019a   0x0800019a   0x00000002   PAD
    0x0800019c   0x0800019c   0x00000024   Code   RO          182    .text               startup_stm32f10x_md.o
    0x080001c0   0x080001c0   0x00000024   Code   RO         6365    .text               mc_w.l(memcpya.o)
    0x080001e4   0x080001e4   0x00000024   Code   RO         6369    .text               mc_w.l(memseta.o)
    0x08000208   0x08000208   0x0000000e   Code   RO         6371    .text               mc_w.l(strlen.o)
    0x08000216   0x08000216   0x0000001c   Code   RO         6373    .text               mc_w.l(strcmp.o)
    0x08000232   0x08000232   0x0000001a   Code   RO         6668    .text               mc_w.l(atoi.o)
    0x0800024c   0x0800024c   0x0000002c   Code   RO         6687    .text               mc_w.l(uidiv.o)
    0x08000278   0x08000278   0x00000062   Code   RO         6689    .text               mc_w.l(uldiv.o)
    0x080002da   0x080002da   0x00000070   Code   RO         6700    .text               mc_w.l(strtol.o)
    0x0800034a   0x0800034a   0x00000000   Code   RO         6702    .text               mc_w.l(iusefp.o)
    0x0800034a   0x0800034a   0x0000014e   Code   RO         6703    .text               mf_w.l(dadd.o)
    0x08000498   0x08000498   0x000000e4   Code   RO         6705    .text               mf_w.l(dmul.o)
    0x0800057c   0x0800057c   0x000000de   Code   RO         6707    .text               mf_w.l(ddiv.o)
    0x0800065a   0x0800065a   0x00000030   Code   RO         6709    .text               mf_w.l(dfixul.o)
    0x0800068a   0x0800068a   0x00000002   PAD
    0x0800068c   0x0800068c   0x00000030   Code   RO         6711    .text               mf_w.l(cdrcmple.o)
    0x080006bc   0x080006bc   0x00000024   Code   RO         6713    .text               mc_w.l(init.o)
    0x080006e0   0x080006e0   0x0000001e   Code   RO         6715    .text               mc_w.l(llshl.o)
    0x080006fe   0x080006fe   0x00000020   Code   RO         6717    .text               mc_w.l(llushr.o)
    0x0800071e   0x0800071e   0x00000024   Code   RO         6719    .text               mc_w.l(llsshr.o)
    0x08000742   0x08000742   0x00000002   PAD
    0x08000744   0x08000744   0x00000008   Code   RO         6721    .text               mc_w.l(ctype_o.o)
    0x0800074c   0x0800074c   0x0000009e   Code   RO         6749    .text               mc_w.l(_strtoul.o)
    0x080007ea   0x080007ea   0x000000ba   Code   RO         6751    .text               mf_w.l(depilogue.o)
    0x080008a4   0x080008a4   0x0000001c   Code   RO         6753    .text               mc_w.l(_chval.o)
    0x080008c0   0x080008c0   0x0000000c   Code   RO         3580    i.BSP_Init          main.o
    0x080008cc   0x080008cc   0x00000004   Code   RO         3807    i.BusFault_Handler  stm32f10x_it.o
    0x080008d0   0x080008d0   0x0000000c   Code   RO         3581    i.Callback_LEDTOGGLE  main.o
    0x080008dc   0x080008dc   0x00000040   Code   RO         3964    i.DWT_Delay_Init    bsp_dwt.o
    0x0800091c   0x0800091c   0x00000002   Code   RO         3808    i.DebugMon_Handler  stm32f10x_it.o
    0x0800091e   0x0800091e   0x00000116   Code   RO         1632    i.GPIO_Init         stm32f10x_gpio.o
    0x08000a34   0x08000a34   0x00000012   Code   RO         1636    i.GPIO_ReadInputDataBit  stm32f10x_gpio.o
    0x08000a46   0x08000a46   0x00000004   Code   RO         1639    i.GPIO_ResetBits    stm32f10x_gpio.o
    0x08000a4a   0x08000a4a   0x00000004   Code   RO         1640    i.GPIO_SetBits      stm32f10x_gpio.o
    0x08000a4e   0x08000a4e   0x00000004   Code   RO         3809    i.HardFault_Handler  stm32f10x_it.o
    0x08000a52   0x08000a52   0x00000002   PAD
    0x08000a54   0x08000a54   0x0000003c   Code   RO         3870    i.Key_GPIO_Config   bsp_key.o
    0x08000a90   0x08000a90   0x00000004   Code   RO         3810    i.MemManage_Handler  stm32f10x_it.o
    0x08000a94   0x08000a94   0x00000002   Code   RO         3811    i.NMI_Handler       stm32f10x_it.o
    0x08000a96   0x08000a96   0x00000002   PAD
    0x08000a98   0x08000a98   0x00000020   Code   RO         2098    i.RCC_APB2PeriphClockCmd  stm32f10x_rcc.o
    0x08000ab8   0x08000ab8   0x000000d4   Code   RO         2106    i.RCC_GetClocksFreq  stm32f10x_rcc.o
    0x08000b8c   0x08000b8c   0x00000008   Code   RO          189    i.SetSysClock       system_stm32f10x.o
    0x08000b94   0x08000b94   0x000000e0   Code   RO          190    i.SetSysClockTo72   system_stm32f10x.o
    0x08000c74   0x08000c74   0x00000016   Code   RO         5397    i.SysTick_Handler   cmsis_os2.o
    0x08000c8a   0x08000c8a   0x00000002   PAD
    0x08000c8c   0x08000c8c   0x00000060   Code   RO          192    i.SystemInit        system_stm32f10x.o
    0x08000cec   0x08000cec   0x00000016   Code   RO         5398    i.TimerCallback     cmsis_os2.o
    0x08000d02   0x08000d02   0x00000018   Code   RO         3326    i.USART_Cmd         stm32f10x_usart.o
    0x08000d1a   0x08000d1a   0x00000002   PAD
    0x08000d1c   0x08000d1c   0x00000080   Code   RO         3900    i.USART_Config      bsp_usart.o
    0x08000d9c   0x08000d9c   0x0000001a   Code   RO         3329    i.USART_GetFlagStatus  stm32f10x_usart.o
    0x08000db6   0x08000db6   0x00000002   PAD
    0x08000db8   0x08000db8   0x000000d8   Code   RO         3333    i.USART_Init        stm32f10x_usart.o
    0x08000e90   0x08000e90   0x00000008   Code   RO         3343    i.USART_SendData    stm32f10x_usart.o
    0x08000e98   0x08000e98   0x00000004   Code   RO         3812    i.UsageFault_Handler  stm32f10x_it.o
    0x08000e9c   0x08000e9c   0x00000020   Code   RO         6612    i.__0printf         mc_w.l(printfa.o)
    0x08000ebc   0x08000ebc   0x00000034   Code   RO         6617    i.__0vsnprintf      mc_w.l(printfa.o)
    0x08000ef0   0x08000ef0   0x00000008   Code   RO         6693    i.__aeabi_errno_addr  mc_w.l(errno.o)
    0x08000ef8   0x08000ef8   0x00000006   Code   RO         5399    i.__get_IPSR        cmsis_os2.o
    0x08000efe   0x08000efe   0x0000000e   Code   RO         6757    i.__scatterload_copy  mc_w.l(handlers.o)
    0x08000f0c   0x08000f0c   0x00000002   Code   RO         6758    i.__scatterload_null  mc_w.l(handlers.o)
    0x08000f0e   0x08000f0e   0x0000000e   Code   RO         6759    i.__scatterload_zeroinit  mc_w.l(handlers.o)
    0x08000f1c   0x08000f1c   0x00000074   Code   RO         5944    i._add_device       elab_device.o
    0x08000f90   0x08000f90   0x00000090   Code   RO         6220    i._assert           elab_assert.o
    0x08001020   0x08001020   0x00000050   Code   RO         5945    i._edf_mutex        elab_device.o
    0x08001070   0x08001070   0x00000088   Code   RO         6346    i._elog_printf      elab_log.o
    0x080010f8   0x080010f8   0x00000048   Code   RO         6287    i._entry_start_poll  elab_export.o
    0x08001140   0x08001140   0x00000184   Code   RO         6619    i._fp_digits        mc_w.l(printfa.o)
    0x080012c4   0x080012c4   0x000000a0   Code   RO         6288    i._get_init_export_table  elab_export.o
    0x08001364   0x08001364   0x000000dc   Code   RO         6289    i._get_poll_export_table  elab_export.o
    0x08001440   0x08001440   0x0000007c   Code   RO         3996    i._get_status       driver_pin_mcu.o
    0x080014bc   0x080014bc   0x00000064   Code   RO         3997    i._init             driver_pin_mcu.o
    0x08001520   0x08001520   0x0000007c   Code   RO         6290    i._init_func_execute  elab_export.o
    0x0800159c   0x0800159c   0x00000006   Code   RO         6077    i._null_enable      elab_device_null.o
    0x080015a2   0x080015a2   0x00000008   Code   RO         6078    i._null_read        elab_device_null.o
    0x080015aa   0x080015aa   0x00000008   Code   RO         6079    i._null_write       elab_device_null.o
    0x080015b2   0x080015b2   0x00000012   Code   RO         4114    i._pin_set_status_adapter  elab_led_adapter.o
    0x080015c4   0x080015c4   0x00000098   Code   RO         6291    i._poll_func_execute  elab_export.o
    0x0800165c   0x0800165c   0x000006b4   Code   RO         6620    i._printf_core      mc_w.l(printfa.o)
    0x08001d10   0x08001d10   0x00000024   Code   RO         6621    i._printf_post_padding  mc_w.l(printfa.o)
    0x08001d34   0x08001d34   0x0000002e   Code   RO         6622    i._printf_pre_padding  mc_w.l(printfa.o)
    0x08001d62   0x08001d62   0x00000002   PAD
    0x08001d64   0x08001d64   0x000000a8   Code   RO         3998    i._set_mode         driver_pin_mcu.o
    0x08001e0c   0x08001e0c   0x00000058   Code   RO         3999    i._set_status       driver_pin_mcu.o
    0x08001e64   0x08001e64   0x00000022   Code   RO         6161    i._set_status       elab_led.o
    0x08001e86   0x08001e86   0x00000016   Code   RO         6623    i._snputc           mc_w.l(printfa.o)
    0x08001e9c   0x08001e9c   0x000000b4   Code   RO         6162    i._timer_func       elab_led.o
    0x08001f50   0x08001f50   0x00000064   Code   RO         4071    i.check_pin_name_valid  drv_util.o
    0x08001fb4   0x08001fb4   0x00000030   Code   RO         4163    i.device_adapter_export  device_export.o
    0x08001fe4   0x08001fe4   0x00000030   Code   RO         4194    i.driver_pin_mcu_export  pin_export.o
    0x08002014   0x08002014   0x00000004   Code   RO         6221    i.elab_assert_func  elab_assert.o
    0x08002018   0x08002018   0x00000114   Code   RO         5946    i.elab_device_find  elab_device.o
    0x0800212c   0x0800212c   0x00000128   Code   RO         5953    i.elab_device_register  elab_device.o
    0x08002254   0x08002254   0x00000014   Code   RO         5957    i.elab_device_valid  elab_device.o
    0x08002268   0x08002268   0x00000084   Code   RO         4000    i.elab_driver_pin_init  driver_pin_mcu.o
    0x080022ec   0x080022ec   0x00000030   Code   RO         4115    i.elab_led_register  elab_led_adapter.o
    0x0800231c   0x0800231c   0x000001b4   Code   RO         6163    i.elab_led_register_with_backend  elab_led.o
    0x080024d0   0x080024d0   0x00000068   Code   RO         6165    i.elab_led_set_value  elab_led.o
    0x08002538   0x08002538   0x000000d0   Code   RO         6113    i.elab_pin_register  elab_pin.o
    0x08002608   0x08002608   0x00000040   Code   RO         6114    i.elab_pin_set_mode  elab_pin.o
    0x08002648   0x08002648   0x0000006c   Code   RO         6115    i.elab_pin_set_status  elab_pin.o
    0x080026b4   0x080026b4   0x00000028   Code   RO         6292    i.elab_run          elab_export.o
    0x080026dc   0x080026dc   0x00000008   Code   RO         6250    i.elab_time_ms      elab_common.o
    0x080026e4   0x080026e4   0x00000024   Code   RO         3582    i.export_zero       main.o
    0x08002708   0x08002708   0x00000024   Code   RO         3906    i.fputc             bsp_usart.o
    0x0800272c   0x0800272c   0x00000016   Code   RO         4072    i.get_pin_from_name  drv_util.o
    0x08002742   0x08002742   0x00000002   PAD
    0x08002744   0x08002744   0x00000014   Code   RO         4073    i.get_port_from_name  drv_util.o
    0x08002758   0x08002758   0x00000054   Code   RO         4074    i.gpio_clock_enable  drv_util.o
    0x080027ac   0x080027ac   0x00000020   Code   RO         3583    i.main              main.o
    0x080027cc   0x080027cc   0x00000002   Code   RO         6294    i.module_null_init  elab_export.o
    0x080027ce   0x080027ce   0x0000001e   Code   RO         5400    i.osDelay           cmsis_os2.o
    0x080027ec   0x080027ec   0x0000001a   Code   RO         5412    i.osKernelGetTickCount  cmsis_os2.o
    0x08002806   0x08002806   0x00000002   PAD
    0x08002808   0x08002808   0x0000002c   Code   RO         5414    i.osKernelInitialize  cmsis_os2.o
    0x08002834   0x08002834   0x00000060   Code   RO         5417    i.osKernelStart     cmsis_os2.o
    0x08002894   0x08002894   0x00000062   Code   RO         5437    i.osMutexAcquire    cmsis_os2.o
    0x080028f6   0x080028f6   0x000000b2   Code   RO         5440    i.osMutexNew        cmsis_os2.o
    0x080029a8   0x080029a8   0x0000004e   Code   RO         5441    i.osMutexRelease    cmsis_os2.o
    0x080029f6   0x080029f6   0x000000b8   Code   RO         5459    i.osThreadNew       cmsis_os2.o
    0x08002aae   0x08002aae   0x00000002   PAD
    0x08002ab0   0x08002ab0   0x000000bc   Code   RO         5468    i.osTimerNew        cmsis_os2.o
    0x08002b6c   0x08002b6c   0x0000003c   Code   RO         5469    i.osTimerStart      cmsis_os2.o
    0x08002ba8   0x08002ba8   0x0000007c   Code   RO         4807    i.prvAddCurrentTaskToDelayedList  tasks.o
    0x08002c24   0x08002c24   0x000000b8   Code   RO         4808    i.prvAddNewTaskToReadyList  tasks.o
    0x08002cdc   0x08002cdc   0x00000074   Code   RO         5210    i.prvCheckForValidListAndQueue  timers.o
    0x08002d50   0x08002d50   0x00000048   Code   RO         4809    i.prvCheckTasksWaitingTermination  tasks.o
    0x08002d98   0x08002d98   0x0000002a   Code   RO         4403    i.prvCopyDataFromQueue  queue.o
    0x08002dc2   0x08002dc2   0x0000007e   Code   RO         4404    i.prvCopyDataToQueue  queue.o
    0x08002e40   0x08002e40   0x00000050   Code   RO         4810    i.prvDeleteTCB      tasks.o
    0x08002e90   0x08002e90   0x00000014   Code   RO         4405    i.prvGetDisinheritPriorityAfterTimeout  queue.o
    0x08002ea4   0x08002ea4   0x00000028   Code   RO         5211    i.prvGetNextExpireTime  timers.o
    0x08002ecc   0x08002ecc   0x0000007c   Code   RO            1    i.prvHeapInit       heap_4.o
    0x08002f48   0x08002f48   0x00000028   Code   RO         4811    i.prvIdleTask       tasks.o
    0x08002f70   0x08002f70   0x0000001e   Code   RO         4406    i.prvInitialiseMutex  queue.o
    0x08002f8e   0x08002f8e   0x0000002a   Code   RO         4407    i.prvInitialiseNewQueue  queue.o
    0x08002fb8   0x08002fb8   0x000000d2   Code   RO         4812    i.prvInitialiseNewTask  tasks.o
    0x0800308a   0x0800308a   0x0000005a   Code   RO         5212    i.prvInitialiseNewTimer  timers.o
    0x080030e4   0x080030e4   0x00000068   Code   RO         4813    i.prvInitialiseTaskLists  tasks.o
    0x0800314c   0x0800314c   0x00000068   Code   RO            2    i.prvInsertBlockIntoFreeList  heap_4.o
    0x080031b4   0x080031b4   0x00000058   Code   RO         5213    i.prvInsertTimerInActiveList  timers.o
    0x0800320c   0x0800320c   0x0000001a   Code   RO         4408    i.prvIsQueueEmpty   queue.o
    0x08003226   0x08003226   0x0000001e   Code   RO         4409    i.prvIsQueueFull    queue.o
    0x08003244   0x08003244   0x00000074   Code   RO         5214    i.prvProcessExpiredTimer  timers.o
    0x080032b8   0x080032b8   0x00000164   Code   RO         5215    i.prvProcessReceivedCommands  timers.o
    0x0800341c   0x0800341c   0x00000074   Code   RO         5216    i.prvProcessTimerOrBlockTask  timers.o
    0x08003490   0x08003490   0x00000034   Code   RO         4815    i.prvResetNextTaskUnblockTime  tasks.o
    0x080034c4   0x080034c4   0x0000002c   Code   RO         5217    i.prvSampleTimeNow  timers.o
    0x080034f0   0x080034f0   0x000000a4   Code   RO         5218    i.prvSwitchTimerLists  timers.o
    0x08003594   0x08003594   0x00000040   Code   RO           96    i.prvTaskExitError  port.o
    0x080035d4   0x080035d4   0x0000001a   Code   RO         5219    i.prvTimerTask      timers.o
    0x080035ee   0x080035ee   0x0000007e   Code   RO         4410    i.prvUnlockQueue    queue.o
    0x0800366c   0x0800366c   0x0000014c   Code   RO            3    i.pvPortMalloc      heap_4.o
    0x080037b8   0x080037b8   0x00000020   Code   RO         4820    i.pvTaskIncrementMutexHeldCount  tasks.o
    0x080037d8   0x080037d8   0x0000002c   Code   RO         5220    i.pvTimerGetTimerID  timers.o
    0x08003804   0x08003804   0x00000024   Code   RO           97    i.pxPortInitialiseStack  port.o
    0x08003828   0x08003828   0x00000008   Code   RO         3584    i.test_export       main.o
    0x08003830   0x08003830   0x00000028   Code   RO         6080    i.uart_null_init    elab_device_null.o
    0x08003858   0x08003858   0x00000028   Code   RO         4363    i.uxListRemove      list.o
    0x08003880   0x08003880   0x00000018   Code   RO         5471    i.vApplicationGetIdleTaskMemory  cmsis_os2.o
    0x08003898   0x08003898   0x00000018   Code   RO         5472    i.vApplicationGetTimerTaskMemory  cmsis_os2.o
    0x080038b0   0x080038b0   0x00000016   Code   RO         5473    i.vApplicationStackOverflowHook  cmsis_os2.o
    0x080038c6   0x080038c6   0x0000001a   Code   RO         4364    i.vListInitialise   list.o
    0x080038e0   0x080038e0   0x00000006   Code   RO         4365    i.vListInitialiseItem  list.o
    0x080038e6   0x080038e6   0x00000034   Code   RO         4366    i.vListInsert       list.o
    0x0800391a   0x0800391a   0x00000018   Code   RO         4367    i.vListInsertEnd    list.o
    0x08003932   0x08003932   0x00000002   PAD
    0x08003934   0x08003934   0x00000054   Code   RO           99    i.vPortEnterCritical  port.o
    0x08003988   0x08003988   0x0000003c   Code   RO          100    i.vPortExitCritical  port.o
    0x080039c4   0x080039c4   0x000000a4   Code   RO            4    i.vPortFree         heap_4.o
    0x08003a68   0x08003a68   0x00000028   Code   RO          101    i.vPortSetupTimerInterrupt  port.o
    0x08003a90   0x08003a90   0x00000078   Code   RO          102    i.vPortValidateInterruptPriority  port.o
    0x08003b08   0x08003b08   0x0000002c   Code   RO         4416    i.vQueueAddToRegistry  queue.o
    0x08003b34   0x08003b34   0x0000004a   Code   RO         4420    i.vQueueWaitForMessageRestricted  queue.o
    0x08003b7e   0x08003b7e   0x00000002   PAD
    0x08003b80   0x08003b80   0x0000005c   Code   RO         4830    i.vTaskDelay        tasks.o
    0x08003bdc   0x08003bdc   0x00000018   Code   RO         4835    i.vTaskInternalSetTimeOutState  tasks.o
    0x08003bf4   0x08003bf4   0x0000000c   Code   RO         4837    i.vTaskMissedYield  tasks.o
    0x08003c00   0x08003c00   0x00000038   Code   RO         4839    i.vTaskPlaceOnEventList  tasks.o
    0x08003c38   0x08003c38   0x00000040   Code   RO         4840    i.vTaskPlaceOnEventListRestricted  tasks.o
    0x08003c78   0x08003c78   0x000000d0   Code   RO         4842    i.vTaskPriorityDisinheritAfterTimeout  tasks.o
    0x08003d48   0x08003d48   0x000000b8   Code   RO         4849    i.vTaskStartScheduler  tasks.o
    0x08003e00   0x08003e00   0x00000010   Code   RO         4851    i.vTaskSuspendAll   tasks.o
    0x08003e10   0x08003e10   0x000000c8   Code   RO         4852    i.vTaskSwitchContext  tasks.o
    0x08003ed8   0x08003ed8   0x000000f8   Code   RO          103    i.xPortStartScheduler  port.o
    0x08003fd0   0x08003fd0   0x00000034   Code   RO          104    i.xPortSysTickHandler  port.o
    0x08004004   0x08004004   0x00000022   Code   RO         4423    i.xQueueCreateMutex  queue.o
    0x08004026   0x08004026   0x0000002a   Code   RO         4424    i.xQueueCreateMutexStatic  queue.o
    0x08004050   0x08004050   0x0000005a   Code   RO         4425    i.xQueueGenericCreate  queue.o
    0x080040aa   0x080040aa   0x000000e0   Code   RO         4426    i.xQueueGenericCreateStatic  queue.o
    0x0800418a   0x0800418a   0x00000002   PAD
    0x0800418c   0x0800418c   0x00000098   Code   RO         4427    i.xQueueGenericReset  queue.o
    0x08004224   0x08004224   0x000001a8   Code   RO         4428    i.xQueueGenericSend  queue.o
    0x080043cc   0x080043cc   0x000000fc   Code   RO         4429    i.xQueueGenericSendFromISR  queue.o
    0x080044c8   0x080044c8   0x00000048   Code   RO         4433    i.xQueueGiveMutexRecursive  queue.o
    0x08004510   0x08004510   0x00000168   Code   RO         4438    i.xQueueReceive     queue.o
    0x08004678   0x08004678   0x000001b8   Code   RO         4440    i.xQueueSemaphoreTake  queue.o
    0x08004830   0x08004830   0x0000004e   Code   RO         4441    i.xQueueTakeMutexRecursive  queue.o
    0x0800487e   0x0800487e   0x00000002   PAD
    0x08004880   0x08004880   0x0000008c   Code   RO         4854    i.xTaskCheckForTimeOut  tasks.o
    0x0800490c   0x0800490c   0x00000064   Code   RO         4855    i.xTaskCreate       tasks.o
    0x08004970   0x08004970   0x000000ba   Code   RO         4856    i.xTaskCreateStatic  tasks.o
    0x08004a2a   0x08004a2a   0x00000002   PAD
    0x08004a2c   0x08004a2c   0x0000000c   Code   RO         4859    i.xTaskGetCurrentTaskHandle  tasks.o
    0x08004a38   0x08004a38   0x00000020   Code   RO         4860    i.xTaskGetSchedulerState  tasks.o
    0x08004a58   0x08004a58   0x0000000c   Code   RO         4861    i.xTaskGetTickCount  tasks.o
    0x08004a64   0x08004a64   0x00000014   Code   RO         4862    i.xTaskGetTickCountFromISR  tasks.o
    0x08004a78   0x08004a78   0x00000144   Code   RO         4863    i.xTaskIncrementTick  tasks.o
    0x08004bbc   0x08004bbc   0x000000a4   Code   RO         4866    i.xTaskPriorityDisinherit  tasks.o
    0x08004c60   0x08004c60   0x000000a4   Code   RO         4867    i.xTaskPriorityInherit  tasks.o
    0x08004d04   0x08004d04   0x00000098   Code   RO         4868    i.xTaskRemoveFromEventList  tasks.o
    0x08004d9c   0x08004d9c   0x00000104   Code   RO         4869    i.xTaskResumeAll    tasks.o
    0x08004ea0   0x08004ea0   0x00000036   Code   RO         5226    i.xTimerCreate      timers.o
    0x08004ed6   0x08004ed6   0x00000072   Code   RO         5227    i.xTimerCreateStatic  timers.o
    0x08004f48   0x08004f48   0x00000078   Code   RO         5228    i.xTimerCreateTimerTask  timers.o
    0x08004fc0   0x08004fc0   0x00000084   Code   RO         5229    i.xTimerGenericCommand  timers.o
    0x08005044   0x08005044   0x00000024   Data   RO         3585    .constdata          main.o
    0x08005068   0x08005068   0x00000010   Data   RO         4001    .constdata          driver_pin_mcu.o
    0x08005078   0x08005078   0x00000004   Data   RO         4116    .constdata          elab_led_adapter.o
    0x0800507c   0x0800507c   0x00000010   Data   RO         5960    .constdata          elab_device.o
    0x0800508c   0x0800508c   0x00000014   Data   RO         6081    .constdata          elab_device_null.o
    0x080050a0   0x080050a0   0x00000008   Data   RO         6116    .constdata          elab_pin.o
    0x080050a8   0x080050a8   0x0000002c   Data   RO         6167    .constdata          elab_led.o
    0x080050d4   0x080050d4   0x00000024   Data   RO         6295    .constdata          elab_export.o
    0x080050f8   0x080050f8   0x00000019   Data   RO         6348    .constdata          elab_log.o
    0x08005111   0x08005111   0x00000081   Data   RO         6722    .constdata          mc_w.l(ctype_o.o)
    0x08005192   0x08005192   0x00000002   PAD
    0x08005194   0x08005194   0x00000004   Data   RO         6723    .constdata          mc_w.l(ctype_o.o)
    0x08005198   0x08005198   0x00000011   Data   RO         3586    .conststring        main.o
    0x080051a9   0x080051a9   0x00000003   PAD
    0x080051ac   0x080051ac   0x0000000a   Data   RO         4002    .conststring        driver_pin_mcu.o
    0x080051b6   0x080051b6   0x00000002   PAD
    0x080051b8   0x080051b8   0x00000016   Data   RO         5961    .conststring        elab_device.o
    0x080051ce   0x080051ce   0x00000002   PAD
    0x080051d0   0x080051d0   0x00000008   Data   RO         6117    .conststring        elab_pin.o
    0x080051d8   0x080051d8   0x00000012   Data   RO         6168    .conststring        elab_led.o
    0x080051ea   0x080051ea   0x00000002   PAD
    0x080051ec   0x080051ec   0x0000001b   Data   RO         6296    .conststring        elab_export.o
    0x08005207   0x08005207   0x00000001   PAD
    0x08005208   0x08005208   0x00000028   Data   RO         6349    .conststring        elab_log.o
    0x08005230   0x08005230   0x00000018   Data   RO         3587    .conststrlit        main.o
    0x08005248   0x08005248   0x00000016   Data   RO         4165    .conststrlit        device_export.o
    0x0800525e   0x0800525e   0x00000002   PAD
    0x08005260   0x08005260   0x00000016   Data   RO         4196    .conststrlit        pin_export.o
    0x08005276   0x08005276   0x00000002   PAD
    0x08005278   0x08005278   0x0000000f   Data   RO         6082    .conststrlit        elab_device_null.o
    0x08005287   0x08005287   0x00000001   PAD
    0x08005288   0x08005288   0x00000019   Data   RO         6297    .conststrlit        elab_export.o
    0x080052a1   0x080052a1   0x00000003   PAD
    0x080052a4   0x080052a4   0x00000020   Data   RO         6755    Region$$Table       anon$$obj.o
    0x080052c4   0x080052c4   0x00000038   Data   RO         3589    elab_export         main.o
    0x080052fc   0x080052fc   0x0000001c   Data   RO         4166    elab_export         device_export.o
    0x08005318   0x08005318   0x0000001c   Data   RO         4197    elab_export         pin_export.o
    0x08005334   0x08005334   0x0000001c   Data   RO         6084    elab_export         elab_device_null.o
    0x08005350   0x08005350   0x0000001c   Data   RO         6299    elab_export         elab_export.o
    0x0800536c   0x0800536c   0x0000001c   Data   RO         6300    expoll              elab_export.o


    Execution Region RW_IRAM1 (Exec base: 0x20000000, Load base: 0x08005388, Size: 0x00003470, Max: 0x00005000, ABSOLUTE)

    Exec Addr    Load Addr    Size         Type   Attr      Idx    E Section Name        Object

    0x20000000   0x08005388   0x00000020   Data   RW           10    .data               heap_4.o
    0x20000020   0x080053a8   0x0000000c   Data   RW          105    .data               port.o
    0x2000002c   0x080053b4   0x00000014   Data   RW          193    .data               system_stm32f10x.o
    0x20000040   0x080053c8   0x00000014   Data   RW         2126    .data               stm32f10x_rcc.o
    0x20000054   0x080053dc   0x00000004   Data   RW         3588    .data               main.o
    0x20000058   0x080053e0   0x00000004   Data   RW         3966    .data               bsp_dwt.o
    0x2000005c   0x080053e4   0x00000004   Data   RW         4003    .data               driver_pin_mcu.o
    0x20000060   0x080053e8   0x00000018   Data   RW         4075    .data               drv_util.o
    0x20000078   0x08005400   0x0000003c   Data   RW         4872    .data               tasks.o
    0x200000b4   0x0800543c   0x00000014   Data   RW         5237    .data               timers.o
    0x200000c8   0x08005450   0x00000004   Data   RW         5475    .data               cmsis_os2.o
    0x200000cc   0x08005454   0x0000000c   Data   RW         5962    .data               elab_device.o
    0x200000d8   0x08005460   0x00000024   Data   RW         6083    .data               elab_device_null.o
    0x200000fc   0x08005484   0x00000004   Data   RW         6118    .data               elab_pin.o
    0x20000100   0x08005488   0x00000004   Data   RW         6169    .data               elab_led.o
    0x20000104   0x0800548c   0x00000019   Data   RW         6298    .data               elab_export.o
    0x2000011d   0x080054a5   0x00000003   PAD
    0x20000120   0x080054a8   0x00000004   Data   RW         6686    .data               mc_w.l(stdout.o)
    0x20000124   0x080054ac   0x00000004   Data   RW         6696    .data               mc_w.l(errno.o)
    0x20000128        -       0x00002000   Zero   RW            9    .bss                heap_4.o
    0x20002128        -       0x00000038   Zero   RW         4164    .bss                device_export.o
    0x20002160        -       0x00000028   Zero   RW         4195    .bss                pin_export.o
    0x20002188        -       0x00000040   Zero   RW         4442    .bss                queue.o
    0x200021c8        -       0x000004c4   Zero   RW         4871    .bss                tasks.o
    0x2000268c        -       0x00000118   Zero   RW         5236    .bss                timers.o
    0x200027a4        -       0x000006c8   Zero   RW         5474    .bss                cmsis_os2.o
    0x20002e6c        -       0x00000100   Zero   RW         5959    .bss                elab_device.o
    0x20002f6c        -       0x00000100   Zero   RW         6347    .bss                elab_log.o
    0x2000306c   0x080054b0   0x00000004   PAD
    0x20003070        -       0x00000400   Zero   RW          179    STACK               startup_stm32f10x_md.o


==============================================================================

Image component sizes


      Code (inc. data)   RO Data    RW Data    ZI Data      Debug   Object Name

        64         20          0          4          0        701   bsp_dwt.o
        60          6          0          0          0        546   bsp_key.o
       164         12          0          0          0       2955   bsp_usart.o
      1102         44          0          4       1736      67249   cmsis_os2.o
         0          0          0          0          0       4924   croutine.o
        48         24         50          0         56       9249   device_export.o
       612        122         26          4          0      11791   driver_pin_mcu.o
       226         20          0         24          0       3108   drv_util.o
       148         88          0          0          0       1233   elab_assert.o
         8          0          0          0          0        547   elab_common.o
       788        212         38         12        256      11434   elab_device.o
        62         20         63         36          0       5310   elab_device_null.o
       770        120        144         25          0       5717   elab_export.o
       754        178         62          4          0       7150   elab_led.o
        66          4          4          0          0      11420   elab_led_adapter.o
       136         50         65          0        256       1819   elab_log.o
       380         80         16          4          0       6374   elab_pin.o
         0          0          0          0          0      17008   event_groups.o
       724         74          0         32       8192      15987   heap_4.o
       148          0          0          0          0       3662   list.o
       100         28        133          4          0     231375   main.o
        48         26         50          0         40       1741   pin_export.o
       854         78          0         12          0      10693   port.o
      2728         26          0          0         64      24128   queue.o
        36          8        236          0       1024        860   startup_stm32f10x_md.o
       304          0          0          0          0       3912   stm32f10x_gpio.o
        20          0          0          0          0       2825   stm32f10x_it.o
       244         26          0         20          0       4101   stm32f10x_rcc.o
       274          6          0          0          0       4268   stm32f10x_usart.o
       328         28          0         20          0     227557   system_stm32f10x.o
      3320        390          0         60       1220      30722   tasks.o
      1620        124          0         20        280      36611   timers.o

    ----------------------------------------------------------------------
     16164       1814        937        288      13128     766977   Object Totals
         0          0         32          0          0          0   (incl. Generated)
        28          0         18          3          4          0   (incl. Padding)

    ----------------------------------------------------------------------

      Code (inc. data)   RO Data    RW Data    ZI Data      Debug   Library Member Name

        28          0          0          0          0         68   _chval.o
       158          0          0          0          0         92   _strtoul.o
        26          0          0          0          0         80   atoi.o
         8          4        133          0          0         68   ctype_o.o
         0          0          0          0          0          0   entry.o
         0          0          0          0          0          0   entry10a.o
         0          0          0          0          0          0   entry11a.o
         4          0          0          0          0          0   entry12b.o
         8          4          0          0          0          0   entry2.o
         4          0          0          0          0          0   entry5.o
         0          0          0          0          0          0   entry7b.o
         0          0          0          0          0          0   entry8b.o
         8          4          0          0          0          0   entry9a.o
         8          4          0          4          0         68   errno.o
        30          0          0          0          0          0   handlers.o
        36          8          0          0          0         68   init.o
         0          0          0          0          0          0   iusefp.o
        30          0          0          0          0         68   llshl.o
        36          0          0          0          0         68   llsshr.o
        32          0          0          0          0         68   llushr.o
        36          0          0          0          0         68   memcpya.o
        36          0          0          0          0        108   memseta.o
      2292         96          0          0          0        612   printfa.o
         0          0          0          4          0          0   stdout.o
        28          0          0          0          0         76   strcmp.o
        14          0          0          0          0         68   strlen.o
       112          0          0          0          0         88   strtol.o
        44          0          0          0          0         80   uidiv.o
        98          0          0          0          0         92   uldiv.o
        48          0          0          0          0         68   cdrcmple.o
       334          0          0          0          0        148   dadd.o
       222          0          0          0          0        100   ddiv.o
       186          0          0          0          0        176   depilogue.o
        48          0          0          0          0         68   dfixul.o
       228          0          0          0          0         96   dmul.o

    ----------------------------------------------------------------------
      4148        120        135          8          0       2496   Library Totals
         6          0          2          0          0          0   (incl. Padding)

    ----------------------------------------------------------------------

      Code (inc. data)   RO Data    RW Data    ZI Data      Debug   Library Name

      3076        120        133          8          0       1840   mc_w.l
      1066          0          0          0          0        656   mf_w.l

    ----------------------------------------------------------------------
      4148        120        135          8          0       2496   Library Totals

    ----------------------------------------------------------------------

==============================================================================


      Code (inc. data)   RO Data    RW Data    ZI Data      Debug   

     20312       1934       1072        296      13128     759745   Grand Totals
     20312       1934       1072        296      13128     759745   ELF Image Totals
     20312       1934       1072        296          0          0   ROM Totals

==============================================================================

    Total RO  Size (Code + RO Data)                21384 (  20.88kB)
    Total RW  Size (RW Data + ZI Data)             13424 (  13.11kB)
    Total ROM Size (Code + RO Data + RW Data)      21680 (  21.17kB)

==============================================================================

